Component: Arm Compiler for Embedded 6.19 Tool: armlink [5d895400]

==============================================================================

Section Cross References

    main.o(.text.Init_UART2) refers to uidiv_div0.o(.text) for __aeabi_uidiv
    main.o(.text.Init_UART2) refers to main.o(.text.__NVIC_ClearPendingIRQ) for __NVIC_ClearPendingIRQ
    main.o(.text.Init_UART2) refers to main.o(.text.__NVIC_EnableIRQ) for __NVIC_EnableIRQ
    main.o(.ARM.exidx.text.Init_UART2) refers to main.o(.text.Init_UART2) for [Anonymous Symbol]
    main.o(.ARM.exidx.text.__NVIC_ClearPendingIRQ) refers to main.o(.text.__NVIC_ClearPendingIRQ) for [Anonymous Symbol]
    main.o(.ARM.exidx.text.__NVIC_EnableIRQ) refers to main.o(.text.__NVIC_EnableIRQ) for [Anonymous Symbol]
    main.o(.ARM.exidx.text.Direction_convert) refers to main.o(.text.Direction_convert) for [Anonymous Symbol]
    main.o(.text.UART2_IRQHandler) refers to main.o(.text.__NVIC_ClearPendingIRQ) for __NVIC_ClearPendingIRQ
    main.o(.text.UART2_IRQHandler) refers to main.o(.text.Direction_convert) for Direction_convert
    main.o(.text.UART2_IRQHandler) refers to main.o(.bss.data) for data
    main.o(.text.UART2_IRQHandler) refers to main.o(.data.Motor_flag) for Motor_flag
    main.o(.text.UART2_IRQHandler) refers to main.o(.data.LED_flag) for LED_flag
    main.o(.ARM.exidx.text.UART2_IRQHandler) refers to main.o(.text.UART2_IRQHandler) for [Anonymous Symbol]
    main.o(.ARM.exidx.text.Init_PWM) refers to main.o(.text.Init_PWM) for [Anonymous Symbol]
    main.o(.text.playNote) refers to fcmpeq.o(.text) for __aeabi_fcmpeq
    main.o(.text.playNote) refers to fmul.o(.text) for __aeabi_fmul
    main.o(.text.playNote) refers to fdiv.o(.text) for __aeabi_fdiv
    main.o(.text.playNote) refers to ffixi.o(.text) for __aeabi_f2iz
    main.o(.text.playNote) refers to idiv_div0.o(.text) for __aeabi_idiv
    main.o(.text.playNote) refers to main.o(.text.delay) for delay
    main.o(.text.playNote) refers to main.o(.bss.tone) for [Anonymous Symbol]
    main.o(.ARM.exidx.text.playNote) refers to main.o(.text.playNote) for [Anonymous Symbol]
    main.o(.ARM.exidx.text.delay) refers to main.o(.text.delay) for [Anonymous Symbol]
    main.o(.text.playHappyBirthday) refers to memcpya.o(.text) for __aeabi_memcpy4
    main.o(.text.playHappyBirthday) refers to main.o(.text.playNote) for playNote
    main.o(.text.playHappyBirthday) refers to main.o(.rodata..L__const.playHappyBirthday.notes) for [Anonymous Symbol]
    main.o(.text.playHappyBirthday) refers to main.o(.rodata..L__const.playHappyBirthday.durations) for [Anonymous Symbol]
    main.o(.text.playHappyBirthday) refers to main.o(.data.called) for called
    main.o(.ARM.exidx.text.playHappyBirthday) refers to main.o(.text.playHappyBirthday) for [Anonymous Symbol]
    main.o(.ARM.exidx.text.playEndSong) refers to main.o(.text.playEndSong) for [Anonymous Symbol]
    main.o(.text.PWM01_forward) refers to idiv_div0.o(.text) for __aeabi_idiv
    main.o(.ARM.exidx.text.PWM01_forward) refers to main.o(.text.PWM01_forward) for [Anonymous Symbol]
    main.o(.text.PWM01_back) refers to idiv_div0.o(.text) for __aeabi_idiv
    main.o(.ARM.exidx.text.PWM01_back) refers to main.o(.text.PWM01_back) for [Anonymous Symbol]
    main.o(.ARM.exidx.text.PWM01_rest) refers to main.o(.text.PWM01_rest) for [Anonymous Symbol]
    main.o(.text.PWM23_forward) refers to idiv_div0.o(.text) for __aeabi_idiv
    main.o(.ARM.exidx.text.PWM23_forward) refers to main.o(.text.PWM23_forward) for [Anonymous Symbol]
    main.o(.text.PWM23_back) refers to idiv_div0.o(.text) for __aeabi_idiv
    main.o(.ARM.exidx.text.PWM23_back) refers to main.o(.text.PWM23_back) for [Anonymous Symbol]
    main.o(.ARM.exidx.text.PWM23_rest) refers to main.o(.text.PWM23_rest) for [Anonymous Symbol]
    main.o(.text.Motor_Control) refers to main.o(.text.PWM01_forward) for PWM01_forward
    main.o(.text.Motor_Control) refers to main.o(.text.PWM23_forward) for PWM23_forward
    main.o(.text.Motor_Control) refers to main.o(.text.PWM01_back) for PWM01_back
    main.o(.text.Motor_Control) refers to main.o(.text.PWM23_back) for PWM23_back
    main.o(.text.Motor_Control) refers to main.o(.text.PWM01_rest) for PWM01_rest
    main.o(.text.Motor_Control) refers to main.o(.text.PWM23_rest) for PWM23_rest
    main.o(.ARM.exidx.text.Motor_Control) refers to main.o(.text.Motor_Control) for [Anonymous Symbol]
    main.o(.text.Init_PIT) refers to main.o(.text.__NVIC_ClearPendingIRQ) for __NVIC_ClearPendingIRQ
    main.o(.text.Init_PIT) refers to main.o(.text.__NVIC_EnableIRQ) for __NVIC_EnableIRQ
    main.o(.ARM.exidx.text.Init_PIT) refers to main.o(.text.Init_PIT) for [Anonymous Symbol]
    main.o(.text.PIT_IRQHandler) refers to main.o(.text.__NVIC_ClearPendingIRQ) for __NVIC_ClearPendingIRQ
    main.o(.text.PIT_IRQHandler) refers to main.o(.data.RED_LED_FLAG) for RED_LED_FLAG
    main.o(.text.PIT_IRQHandler) refers to main.o(.data.LED_flag) for LED_flag
[...]
    Removing rtx_thread.o(.text.svcRtxThreadGetName), (18 bytes).
    Removing rtx_thread.o(.ARM.exidx.text.svcRtxThreadGetName), (8 bytes).
    Removing rtx_thread.o(.text.svcRtxThreadGetState), (24 bytes).
    Removing rtx_thread.o(.ARM.exidx.text.svcRtxThreadGetState), (8 bytes).
    Removing rtx_thread.o(.text.svcRtxThreadGetStackSize), (18 bytes).
    Removing rtx_thread.o(.ARM.exidx.text.svcRtxThreadGetStackSize), (8 bytes).
    Removing rtx_thread.o(.text.svcRtxThreadGetStackSpace), (68 bytes).
    Removing rtx_thread.o(.ARM.exidx.text.svcRtxThreadGetStackSpace), (8 bytes).
    Removing rtx_thread.o(.text.svcRtxThreadSetPriority), (70 bytes).
    Removing rtx_thread.o(.ARM.exidx.text.svcRtxThreadSetPriority), (8 bytes).
    Removing rtx_thread.o(.text.svcRtxThreadGetPriority), (28 bytes).
    Removing rtx_thread.o(.ARM.exidx.text.svcRtxThreadGetPriority), (8 bytes).
    Removing rtx_thread.o(.text.svcRtxThreadYield), (56 bytes).
    Removing rtx_thread.o(.ARM.exidx.text.svcRtxThreadYield), (8 bytes).
    Removing rtx_thread.o(.text.svcRtxThreadSuspend), (132 bytes).
    Removing rtx_thread.o(.ARM.exidx.text.svcRtxThreadSuspend), (8 bytes).
    Removing rtx_thread.o(.text.svcRtxThreadResume), (54 bytes).
    Removing rtx_thread.o(.ARM.exidx.text.svcRtxThreadResume), (8 bytes).
    Removing rtx_thread.o(.text.svcRtxThreadDetach), (58 bytes).
    Removing rtx_thread.o(.ARM.exidx.text.svcRtxThreadDetach), (8 bytes).
    Removing rtx_thread.o(.text.osRtxThreadListUnlink), (36 bytes).
    Removing rtx_thread.o(.ARM.exidx.text.osRtxThreadListUnlink), (8 bytes).
    Removing rtx_thread.o(.ARM.exidx.text.osRtxThreadFree), (8 bytes).
    Removing rtx_thread.o(.text.svcRtxThreadJoin), (92 bytes).
    Removing rtx_thread.o(.ARM.exidx.text.svcRtxThreadJoin), (8 bytes).
    Removing rtx_thread.o(.ARM.exidx.text.svcRtxThreadExit), (8 bytes).
    Removing rtx_thread.o(.ARM.exidx.text.osRtxThreadJoinWakeup), (8 bytes).
    Removing rtx_thread.o(.ARM.exidx.text.osRtxThreadDestroy), (8 bytes).
    Removing rtx_thread.o(.text.svcRtxThreadTerminate), (152 bytes).
    Removing rtx_thread.o(.ARM.exidx.text.svcRtxThreadTerminate), (8 bytes).
    Removing rtx_thread.o(.text.svcRtxThreadGetCount), (56 bytes).
    Removing rtx_thread.o(.ARM.exidx.text.svcRtxThreadGetCount), (8 bytes).
    Removing rtx_thread.o(.text.svcRtxThreadEnumerate), (96 bytes).
    Removing rtx_thread.o(.ARM.exidx.text.svcRtxThreadEnumerate), (8 bytes).
    Removing rtx_thread.o(.text.svcRtxThreadFlagsSet), (104 bytes).
    Removing rtx_thread.o(.ARM.exidx.text.svcRtxThreadFlagsSet), (8 bytes).
    Removing rtx_thread.o(.text.svcRtxThreadFlagsClear), (52 bytes).
    Removing rtx_thread.o(.ARM.exidx.text.svcRtxThreadFlagsClear), (8 bytes).
    Removing rtx_thread.o(.text.svcRtxThreadFlagsGet), (20 bytes).
    Removing rtx_thread.o(.ARM.exidx.text.svcRtxThreadFlagsGet), (8 bytes).
    Removing rtx_thread.o(.text.svcRtxThreadFlagsWait), (80 bytes).
    Removing rtx_thread.o(.ARM.exidx.text.svcRtxThreadFlagsWait), (8 bytes).
    Removing rtx_timer.o(.text), (0 bytes).
    Removing rtx_timer.o(.ARM.exidx.text.osRtxTimerSetup), (8 bytes).
    Removing rtx_timer.o(.ARM.exidx.text.osRtxTimerTick), (8 bytes).
    Removing rtx_timer.o(.ARM.exidx.text.osRtxTimerThread), (8 bytes).
    Removing rtx_timer.o(.text.osTimerNew), (36 bytes).
    Removing rtx_timer.o(.ARM.exidx.text.osTimerNew), (8 bytes).
    Removing rtx_timer.o(.text.osTimerGetName), (36 bytes).
    Removing rtx_timer.o(.ARM.exidx.text.osTimerGetName), (8 bytes).
    Removing rtx_timer.o(.text.osTimerStart), (40 bytes).
    Removing rtx_timer.o(.ARM.exidx.text.osTimerStart), (8 bytes).
    Removing rtx_timer.o(.text.osTimerStop), (40 bytes).
    Removing rtx_timer.o(.ARM.exidx.text.osTimerStop), (8 bytes).
    Removing rtx_timer.o(.text.osTimerIsRunning), (36 bytes).
    Removing rtx_timer.o(.ARM.exidx.text.osTimerIsRunning), (8 bytes).
    Removing rtx_timer.o(.text.osTimerDelete), (40 bytes).
    Removing rtx_timer.o(.ARM.exidx.text.osTimerDelete), (8 bytes).
    Removing rtx_timer.o(.ARM.exidx.text.TimerInsert), (8 bytes).
    Removing rtx_timer.o(.text.svcRtxTimerNew), (132 bytes).
    Removing rtx_timer.o(.ARM.exidx.text.svcRtxTimerNew), (8 bytes).
    Removing rtx_timer.o(.text.svcRtxTimerGetName), (18 bytes).
    Removing rtx_timer.o(.ARM.exidx.text.svcRtxTimerGetName), (8 bytes).
    Removing rtx_timer.o(.text.svcRtxTimerStart), (76 bytes).
    Removing rtx_timer.o(.ARM.exidx.text.svcRtxTimerStart), (8 bytes).
    Removing rtx_timer.o(.text.TimerRemove), (40 bytes).
    Removing rtx_timer.o(.ARM.exidx.text.TimerRemove), (8 bytes).
    Removing rtx_timer.o(.text.svcRtxTimerStop), (42 bytes).
    Removing rtx_timer.o(.ARM.exidx.text.svcRtxTimerStop), (8 bytes).
    Removing rtx_timer.o(.text.svcRtxTimerIsRunning), (24 bytes).
    Removing rtx_timer.o(.ARM.exidx.text.svcRtxTimerIsRunning), (8 bytes).
    Removing rtx_timer.o(.text.svcRtxTimerDelete), (76 bytes).
    Removing rtx_timer.o(.ARM.exidx.text.svcRtxTimerDelete), (8 bytes).
    Removing irq_armv6m.o(.rodata), (1 bytes).
    Removing irq_armv6m.o(.ARM.exidx), (24 bytes).
    Removing rtx_mutex.o(.text), (0 bytes).
    Removing rtx_mutex.o(.ARM.exidx.text.osRtxMutexOwnerRelease), (8 bytes).
    Removing rtx_mutex.o(.ARM.exidx.text.osRtxMutexOwnerRestore), (8 bytes).
    Removing rtx_mutex.o(.text.osMutexNew), (36 bytes).
    Removing rtx_mutex.o(.ARM.exidx.text.osMutexNew), (8 bytes).
    Removing rtx_mutex.o(.text.osMutexGetName), (36 bytes).
    Removing rtx_mutex.o(.ARM.exidx.text.osMutexGetName), (8 bytes).
    Removing rtx_mutex.o(.text.osMutexAcquire), (40 bytes).
    Removing rtx_mutex.o(.ARM.exidx.text.osMutexAcquire), (8 bytes).
    Removing rtx_mutex.o(.text.osMutexRelease), (40 bytes).
    Removing rtx_mutex.o(.ARM.exidx.text.osMutexRelease), (8 bytes).
    Removing rtx_mutex.o(.text.osMutexGetOwner), (36 bytes).
    Removing rtx_mutex.o(.ARM.exidx.text.osMutexGetOwner), (8 bytes).
    Removing rtx_mutex.o(.text.osMutexDelete), (40 bytes).
    Removing rtx_mutex.o(.ARM.exidx.text.osMutexDelete), (8 bytes).
    Removing rtx_mutex.o(.text.svcRtxMutexNew), (112 bytes).
    Removing rtx_mutex.o(.ARM.exidx.text.svcRtxMutexNew), (8 bytes).
    Removing rtx_mutex.o(.text.svcRtxMutexGetName), (18 bytes).
    Removing rtx_mutex.o(.ARM.exidx.text.svcRtxMutexGetName), (8 bytes).
    Removing rtx_mutex.o(.text.svcRtxMutexAcquire), (152 bytes).
    Removing rtx_mutex.o(.ARM.exidx.text.svcRtxMutexAcquire), (8 bytes).
    Removing rtx_mutex.o(.text.svcRtxMutexRelease), (188 bytes).
    Removing rtx_mutex.o(.ARM.exidx.text.svcRtxMutexRelease), (8 bytes).
    Removing rtx_mutex.o(.text.svcRtxMutexGetOwner), (24 bytes).
    Removing rtx_mutex.o(.ARM.exidx.text.svcRtxMutexGetOwner), (8 bytes).
    Removing rtx_mutex.o(.text.svcRtxMutexDelete), (180 bytes).
    Removing rtx_mutex.o(.ARM.exidx.text.svcRtxMutexDelete), (8 bytes).
    Removing rtx_memory.o(.text), (0 bytes).
    Removing rtx_memory.o(.ARM.exidx.text.osRtxMemoryInit), (8 bytes).
    Removing rtx_memory.o(.ARM.exidx.text.osRtxMemoryAlloc), (8 bytes).
    Removing rtx_memory.o(.ARM.exidx.text.osRtxMemoryFree), (8 bytes).
    Removing rtx_mempool.o(.text), (0 bytes).
    Removing rtx_mempool.o(.ARM.exidx.text.osRtxMemoryPoolInit), (8 bytes).
    Removing rtx_mempool.o(.ARM.exidx.text.osRtxMemoryPoolAlloc), (8 bytes).
    Removing rtx_mempool.o(.ARM.exidx.text.osRtxMemoryPoolFree), (8 bytes).
    Removing rtx_mempool.o(.text.osMemoryPoolNew), (36 bytes).
    Removing rtx_mempool.o(.ARM.exidx.text.osMemoryPoolNew), (8 bytes).
    Removing rtx_mempool.o(.text.osMemoryPoolGetName), (36 bytes).
    Removing rtx_mempool.o(.ARM.exidx.text.osMemoryPoolGetName), (8 bytes).
    Removing rtx_mempool.o(.text.osMemoryPoolAlloc), (56 bytes).
    Removing rtx_mempool.o(.ARM.exidx.text.osMemoryPoolAlloc), (8 bytes).
    Removing rtx_mempool.o(.text.osMemoryPoolFree), (72 bytes).
    Removing rtx_mempool.o(.ARM.exidx.text.osMemoryPoolFree), (8 bytes).
    Removing rtx_mempool.o(.text.osMemoryPoolGetCapacity), (48 bytes).
    Removing rtx_mempool.o(.ARM.exidx.text.osMemoryPoolGetCapacity), (8 bytes).
    Removing rtx_mempool.o(.text.svcRtxMemoryPoolGetCapacity), (18 bytes).
    Removing rtx_mempool.o(.ARM.exidx.text.svcRtxMemoryPoolGetCapacity), (8 bytes).
    Removing rtx_mempool.o(.text.osMemoryPoolGetBlockSize), (48 bytes).
    Removing rtx_mempool.o(.ARM.exidx.text.osMemoryPoolGetBlockSize), (8 bytes).
    Removing rtx_mempool.o(.text.svcRtxMemoryPoolGetBlockSize), (18 bytes).
    Removing rtx_mempool.o(.ARM.exidx.text.svcRtxMemoryPoolGetBlockSize), (8 bytes).
    Removing rtx_mempool.o(.text.osMemoryPoolGetCount), (48 bytes).
    Removing rtx_mempool.o(.ARM.exidx.text.osMemoryPoolGetCount), (8 bytes).
    Removing rtx_mempool.o(.text.svcRtxMemoryPoolGetCount), (18 bytes).
    Removing rtx_mempool.o(.ARM.exidx.text.svcRtxMemoryPoolGetCount), (8 bytes).
    Removing rtx_mempool.o(.text.osMemoryPoolGetSpace), (36 bytes).
    Removing rtx_mempool.o(.ARM.exidx.text.osMemoryPoolGetSpace), (8 bytes).
    Removing rtx_mempool.o(.text.svcRtxMemoryPoolGetSpace), (22 bytes).
    Removing rtx_mempool.o(.ARM.exidx.text.svcRtxMemoryPoolGetSpace), (8 bytes).
    Removing rtx_mempool.o(.text.osMemoryPoolDelete), (40 bytes).
    Removing rtx_mempool.o(.ARM.exidx.text.osMemoryPoolDelete), (8 bytes).
    Removing rtx_mempool.o(.text.svcRtxMemoryPoolNew), (432 bytes).
    Removing rtx_mempool.o(.ARM.exidx.text.svcRtxMemoryPoolNew), (8 bytes).
    Removing rtx_mempool.o(.text.osRtxMemoryPoolPostProcess), (40 bytes).
    Removing rtx_mempool.o(.ARM.exidx.text.osRtxMemoryPoolPostProcess), (8 bytes).
    Removing rtx_mempool.o(.text.svcRtxMemoryPoolGetName), (18 bytes).
    Removing rtx_mempool.o(.ARM.exidx.text.svcRtxMemoryPoolGetName), (8 bytes).
    Removing rtx_mempool.o(.text.svcRtxMemoryPoolAlloc), (64 bytes).
    Removing rtx_mempool.o(.ARM.exidx.text.svcRtxMemoryPoolAlloc), (8 bytes).
    Removing rtx_mempool.o(.text.svcRtxMemoryPoolFree), (72 bytes).
    Removing rtx_mempool.o(.ARM.exidx.text.svcRtxMemoryPoolFree), (8 bytes).
    Removing rtx_mempool.o(.text.svcRtxMemoryPoolDelete), (112 bytes).
    Removing rtx_mempool.o(.ARM.exidx.text.svcRtxMemoryPoolDelete), (8 bytes).
    Removing rtx_msgqueue.o(.text), (0 bytes).
    Removing rtx_msgqueue.o(.ARM.exidx.text.osRtxMessageQueueTimerSetup), (8 bytes).
    Removing rtx_msgqueue.o(.ARM.exidx.text.svcRtxMessageQueueNew), (8 bytes).
    Removing rtx_msgqueue.o(.text.osMessageQueueNew), (36 bytes).
    Removing rtx_msgqueue.o(.ARM.exidx.text.osMessageQueueNew), (8 bytes).
    Removing rtx_msgqueue.o(.text.osMessageQueueGetName), (36 bytes).
    Removing rtx_msgqueue.o(.ARM.exidx.text.osMessageQueueGetName), (8 bytes).
    Removing rtx_msgqueue.o(.ARM.exidx.text.osMessageQueuePut), (8 bytes).
    Removing rtx_msgqueue.o(.ARM.exidx.text.osMessageQueueGet), (8 bytes).
    Removing rtx_msgqueue.o(.text.osMessageQueueGetCapacity), (48 bytes).
    Removing rtx_msgqueue.o(.ARM.exidx.text.osMessageQueueGetCapacity), (8 bytes).
    Removing rtx_msgqueue.o(.text.svcRtxMessageQueueGetCapacity), (18 bytes).
    Removing rtx_msgqueue.o(.ARM.exidx.text.svcRtxMessageQueueGetCapacity), (8 bytes).
    Removing rtx_msgqueue.o(.text.osMessageQueueGetMsgSize), (48 bytes).
    Removing rtx_msgqueue.o(.ARM.exidx.text.osMessageQueueGetMsgSize), (8 bytes).
    Removing rtx_msgqueue.o(.text.svcRtxMessageQueueGetMsgSize), (18 bytes).
    Removing rtx_msgqueue.o(.ARM.exidx.text.svcRtxMessageQueueGetMsgSize), (8 bytes).
    Removing rtx_msgqueue.o(.text.osMessageQueueGetCount), (48 bytes).
    Removing rtx_msgqueue.o(.ARM.exidx.text.osMessageQueueGetCount), (8 bytes).
    Removing rtx_msgqueue.o(.text.svcRtxMessageQueueGetCount), (18 bytes).
    Removing rtx_msgqueue.o(.ARM.exidx.text.svcRtxMessageQueueGetCount), (8 bytes).
    Removing rtx_msgqueue.o(.text.osMessageQueueGetSpace), (36 bytes).
    Removing rtx_msgqueue.o(.ARM.exidx.text.osMessageQueueGetSpace), (8 bytes).
    Removing rtx_msgqueue.o(.text.svcRtxMessageQueueGetSpace), (22 bytes).
    Removing rtx_msgqueue.o(.ARM.exidx.text.svcRtxMessageQueueGetSpace), (8 bytes).
    Removing rtx_msgqueue.o(.text.osMessageQueueReset), (40 bytes).
    Removing rtx_msgqueue.o(.ARM.exidx.text.osMessageQueueReset), (8 bytes).
    Removing rtx_msgqueue.o(.text.osMessageQueueDelete), (40 bytes).
    Removing rtx_msgqueue.o(.ARM.exidx.text.osMessageQueueDelete), (8 bytes).
    Removing rtx_msgqueue.o(.ARM.exidx.text.osRtxMessageQueuePostProcess), (8 bytes).
    Removing rtx_msgqueue.o(.ARM.exidx.text.MessageQueueRemove), (8 bytes).
    Removing rtx_msgqueue.o(.ARM.exidx.text.MessageQueuePut), (8 bytes).
    Removing rtx_msgqueue.o(.text.svcRtxMessageQueueGetName), (18 bytes).
    Removing rtx_msgqueue.o(.ARM.exidx.text.svcRtxMessageQueueGetName), (8 bytes).
    Removing rtx_msgqueue.o(.ARM.exidx.text.svcRtxMessageQueuePut), (8 bytes).
    Removing rtx_msgqueue.o(.ARM.exidx.text.MessageQueueGet), (8 bytes).
    Removing rtx_msgqueue.o(.ARM.exidx.text.svcRtxMessageQueueGet), (8 bytes).
    Removing rtx_msgqueue.o(.text.svcRtxMessageQueueReset), (160 bytes).
    Removing rtx_msgqueue.o(.ARM.exidx.text.svcRtxMessageQueueReset), (8 bytes).
    Removing rtx_msgqueue.o(.text.svcRtxMessageQueueDelete), (112 bytes).
    Removing rtx_msgqueue.o(.ARM.exidx.text.svcRtxMessageQueueDelete), (8 bytes).
    Removing rtx_system.o(.text), (0 bytes).
    Removing rtx_system.o(.ARM.exidx.text.osRtxTick_Handler), (8 bytes).
    Removing rtx_system.o(.ARM.exidx.text.osRtxPendSV_Handler), (8 bytes).
    Removing rtx_system.o(.ARM.exidx.text.osRtxPostProcess), (8 bytes).
    Removing os_systick.o(.text), (0 bytes).
    Removing os_systick.o(.ARM.exidx.text.OS_Tick_Setup), (8 bytes).
    Removing os_systick.o(.ARM.exidx.text.OS_Tick_Enable), (8 bytes).
    Removing os_systick.o(.text.OS_Tick_Disable), (40 bytes).
    Removing os_systick.o(.ARM.exidx.text.OS_Tick_Disable), (8 bytes).
    Removing os_systick.o(.ARM.exidx.text.OS_Tick_AcknowledgeIRQ), (8 bytes).
    Removing os_systick.o(.ARM.exidx.text.OS_Tick_GetIRQn), (8 bytes).
    Removing os_systick.o(.text.OS_Tick_GetClock), (12 bytes).
    Removing os_systick.o(.ARM.exidx.text.OS_Tick_GetClock), (8 bytes).
    Removing os_systick.o(.text.OS_Tick_GetInterval), (12 bytes).
    Removing os_systick.o(.ARM.exidx.text.OS_Tick_GetInterval), (8 bytes).
    Removing os_systick.o(.text.OS_Tick_GetCount), (16 bytes).
    Removing os_systick.o(.ARM.exidx.text.OS_Tick_GetCount), (8 bytes).
    Removing os_systick.o(.text.OS_Tick_GetOverflow), (16 bytes).
    Removing os_systick.o(.ARM.exidx.text.OS_Tick_GetOverflow), (8 bytes).

360 unused section(s) (total 8227 bytes) removed from the image.

==============================================================================

Image Symbol Table

    Local Symbols

    Symbol Name                              Value     Ov Type        Size  Object(Section)

    ../clib/division.s                       0x00000000   Number         0  aeabi_sdiv.o ABSOLUTE
    ../clib/division.s                       0x00000000   Number         0  aeabi_sdiv_div0.o ABSOLUTE
    ../clib/microlib/division.c              0x00000000   Number         0  uidiv.o ABSOLUTE
    ../clib/microlib/division.c              0x00000000   Number         0  idiv.o ABSOLUTE
    ../clib/microlib/division.c              0x00000000   Number         0  uidiv_div0.o ABSOLUTE
    ../clib/microlib/division.c              0x00000000   Number         0  idiv_div0.o ABSOLUTE
    ../clib/microlib/division.c              0x00000000   Number         0  idiv0.o ABSOLUTE
    ../clib/microlib/init/entry.s            0x00000000   Number         0  entry.o ABSOLUTE
    ../clib/microlib/init/entry.s            0x00000000   Number         0  entry2.o ABSOLUTE
    ../clib/microlib/init/entry.s            0x00000000   Number         0  entry5.o ABSOLUTE
    ../clib/microlib/init/entry.s            0x00000000   Number         0  entry7a.o ABSOLUTE
    ../clib/microlib/init/entry.s            0x00000000   Number         0  entry7b.o ABSOLUTE
    ../clib/microlib/init/entry.s            0x00000000   Number         0  entry8a.o ABSOLUTE
    ../clib/microlib/init/entry.s            0x00000000   Number         0  entry8b.o ABSOLUTE
    ../clib/microlib/init/entry.s            0x00000000   Number         0  entry9a.o ABSOLUTE
    ../clib/microlib/init/entry.s            0x00000000   Number         0  entry9b.o ABSOLUTE
    ../clib/microlib/init/entry.s            0x00000000   Number         0  entry10a.o ABSOLUTE
    ../clib/microlib/init/entry.s            0x00000000   Number         0  entry10b.o ABSOLUTE
    ../clib/microlib/init/entry.s            0x00000000   Number         0  entry11a.o ABSOLUTE
    ../clib/microlib/init/entry.s            0x00000000   Number         0  entry11b.o ABSOLUTE
    ../clib/microlib/string/memcpy.c         0x00000000   Number         0  memcpya.o ABSOLUTE
    ../clib/microlib/string/memcpy.c         0x00000000   Number         0  memcpyb.o ABSOLUTE
    ../clib/microlib/string/memset.c         0x00000000   Number         0  memseta.o ABSOLUTE
    ../clib/microlib/stubs.s                 0x00000000   Number         0  iusefp.o ABSOLUTE
    ../fplib/microlib/fpcmp.c                0x00000000   Number         0  fcmpeq.o ABSOLUTE
    ../fplib/microlib/fpdiv.c                0x00000000   Number         0  fdiv.o ABSOLUTE
    ../fplib/microlib/fpepilogue.c           0x00000000   Number         0  fepilogue.o ABSOLUTE
    ../fplib/microlib/fpfix.c                0x00000000   Number         0  ffixi.o ABSOLUTE
    ../fplib/microlib/fpmul.c                0x00000000   Number         0  fmul.o ABSOLUTE
    RTE/Device/MKL25Z128xxx4/startup_MKL25Z4.s 0x00000000   Number         0  startup_mkl25z4.o ABSOLUTE
    RTX_Config.c                             0x00000000   Number         0  rtx_config.o ABSOLUTE
    dc.s                                     0x00000000   Number         0  dc.o ABSOLUTE
    handlers.s                               0x00000000   Number         0  handlers.o ABSOLUTE
    init.s                                   0x00000000   Number         0  init.o ABSOLUTE
    main.c                                   0x00000000   Number         0  main.o ABSOLUTE
    os_systick.c                             0x00000000   Number         0  os_systick.o ABSOLUTE
    rtx_kernel.c                             0x00000000   Number         0  rtx_kernel.o ABSOLUTE
    rtx_lib.c                                0x00000000   Number         0  rtx_lib.o ABSOLUTE
    rtx_memory.c                             0x00000000   Number         0  rtx_memory.o ABSOLUTE
    rtx_mempool.c                            0x00000000   Number         0  rtx_mempool.o ABSOLUTE
    rtx_msgqueue.c                           0x00000000   Number         0  rtx_msgqueue.o ABSOLUTE
    rtx_mutex.c                              0x00000000   Number         0  rtx_mutex.o ABSOLUTE
    rtx_system.c                             0x00000000   Number         0  rtx_system.o ABSOLUTE
    rtx_thread.c                             0x00000000   Number         0  rtx_thread.o ABSOLUTE
    rtx_timer.c                              0x00000000   Number         0  rtx_timer.o ABSOLUTE
    system_MKL25Z4.c                         0x00000000   Number         0  system_mkl25z4.o ABSOLUTE
    RESET                                    0x00000000   Section      192  startup_mkl25z4.o(RESET)
    osRtxErrorStackOverflow                  0x00000001   Number         0  irq_armv6m.o ABSOLUTE
    I_T_RUN_OFS                              0x00000014   Number         0  irq_armv6m.o ABSOLUTE
    TCB_SP_OFS                               0x00000038   Number         0  irq_armv6m.o ABSOLUTE
    .ARM.Collect$$$$00000000                 0x000000c0   Section        0  entry.o(.ARM.Collect$$$$00000000)
    .ARM.Collect$$$$00000001                 0x000000c0   Section        4  entry2.o(.ARM.Collect$$$$00000001)
    .ARM.Collect$$$$00000004                 0x000000c4   Section        4  entry5.o(.ARM.Collect$$$$00000004)
    .ARM.Collect$$$$00000008                 0x000000c8   Section        0  entry7b.o(.ARM.Collect$$$$00000008)
    .ARM.Collect$$$$0000000A                 0x000000c8   Section        0  entry8b.o(.ARM.Collect$$$$0000000A)
    .ARM.Collect$$$$0000000B                 0x000000c8   Section        8  entry9a.o(.ARM.Collect$$$$0000000B)
    __lit__00000000                          0x000000d0   Data           4  entry2.o(.ARM.Collect$$$$00002712)
    .ARM.Collect$$$$0000000D                 0x000000d0   Section        0  entry10a.o(.ARM.Collect$$$$0000000D)
    .ARM.Collect$$$$0000000F                 0x000000d0   Section        0  entry11a.o(.ARM.Collect$$$$0000000F)
    .ARM.Collect$$$$00002712                 0x000000d0   Section        4  entry2.o(.ARM.Collect$$$$00002712)
    .text                                    0x000000d4   Section       40  startup_mkl25z4.o(.text)
    [Anonymous Symbol]                       0x000000fc   Section        0  irq_armv6m.o(.text)
    SVC_Number                               0x00000106   Number         0  irq_armv6m.o(.text)
    SVC_Context                              0x0000011c   Number         0  irq_armv6m.o(.text)
    SVC_ContextSave                          0x0000012c   Number         0  irq_armv6m.o(.text)
    SVC_ContextRestore                       0x00000140   Number         0  irq_armv6m.o(.text)
    SVC_MSP                                  0x0000015c   Number         0  irq_armv6m.o(.text)
    SVC_Exit                                 0x00000162   Number         0  irq_armv6m.o(.text)
    SVC_User                                 0x00000164   Number         0  irq_armv6m.o(.text)
    .text                                    0x000001a0   Section        0  memcpya.o(.text)
    .text                                    0x000001c4   Section        0  memseta.o(.text)
    .text                                    0x000001e8   Section        0  fmul.o(.text)
    .text                                    0x00000262   Section        0  fdiv.o(.text)
    .text                                    0x000002de   Section        0  fcmpeq.o(.text)
    .text                                    0x000002fa   Section        0  ffixi.o(.text)
    .text                                    0x0000032c   Section        0  uidiv_div0.o(.text)
    .text                                    0x0000036c   Section        0  idiv_div0.o(.text)
    .text                                    0x000003bc   Section        0  iusefp.o(.text)
    .text                                    0x000003bc   Section       36  init.o(.text)
    [Anonymous Symbol]                       0x000003e0   Section        0  main.o(.text.Buzzer_thread)
    [Anonymous Symbol]                       0x000003ea   Section        0  main.o(.text.Green_LED_thread)
    [Anonymous Symbol]                       0x000003f4   Section        0  main.o(.text.Motor_thread)
    .ARM.__at_0x400                          0x00000400   Section       16  startup_mkl25z4.o(.ARM.__at_0x400)
    .text                                    0x00000410   Section        0  fepilogue.o(.text)
    [Anonymous Symbol]                       0x00000492   Section        0  main.o(.text.Direction_convert)
    [Anonymous Symbol]                       0x000004f0   Section        0  main.o(.text.Green_LED_Control)
    __arm_cp.20_0                            0x00000524   Number         4  main.o(.text.Green_LED_Control)
    __arm_cp.20_1                            0x00000528   Number         4  main.o(.text.Green_LED_Control)
    __arm_cp.20_2                            0x0000052c   Number         4  main.o(.text.Green_LED_Control)
    __arm_cp.20_3                            0x00000530   Number         4  main.o(.text.Green_LED_Control)
    __arm_cp.20_4                            0x00000534   Number         4  main.o(.text.Green_LED_Control)
    [Anonymous Symbol]                       0x00000538   Section        0  main.o(.text.Init_PIT)
    __arm_cp.17_2                            0x0000062c   Number         4  main.o(.text.Init_PIT)
    __arm_cp.17_4                            0x00000630   Number         4  main.o(.text.Init_PIT)
    __arm_cp.17_5                            0x00000634   Number         4  main.o(.text.Init_PIT)
    __arm_cp.17_6                            0x00000638   Number         4  main.o(.text.Init_PIT)
    __arm_cp.17_7                            0x0000063c   Number         4  main.o(.text.Init_PIT)
    __arm_cp.17_8                            0x00000640   Number         4  main.o(.text.Init_PIT)
    __arm_cp.17_9                            0x00000644   Number         4  main.o(.text.Init_PIT)
    __arm_cp.17_10                           0x00000648   Number         4  main.o(.text.Init_PIT)
    __arm_cp.17_11                           0x0000064c   Number         4  main.o(.text.Init_PIT)
    __arm_cp.17_12                           0x00000650   Number         4  main.o(.text.Init_PIT)
    __arm_cp.17_13                           0x00000654   Number         4  main.o(.text.Init_PIT)
    __arm_cp.17_14                           0x00000658   Number         4  main.o(.text.Init_PIT)
    __arm_cp.17_15                           0x0000065c   Number         4  main.o(.text.Init_PIT)
    __arm_cp.17_16                           0x00000660   Number         4  main.o(.text.Init_PIT)
    __arm_cp.17_17                           0x00000664   Number         4  main.o(.text.Init_PIT)
    __arm_cp.17_18                           0x00000668   Number         4  main.o(.text.Init_PIT)
    __arm_cp.17_19                           0x0000066c   Number         4  main.o(.text.Init_PIT)
    [Anonymous Symbol]                       0x00000670   Section        0  main.o(.text.Init_PWM)
    __arm_cp.5_1                             0x000007c8   Number         4  main.o(.text.Init_PWM)
    __arm_cp.5_2                             0x000007cc   Number         4  main.o(.text.Init_PWM)
    __arm_cp.5_3                             0x000007d0   Number         4  main.o(.text.Init_PWM)
    __arm_cp.5_4                             0x000007d4   Number         4  main.o(.text.Init_PWM)
    __arm_cp.5_5                             0x000007d8   Number         4  main.o(.text.Init_PWM)
    __arm_cp.5_6                             0x000007dc   Number         4  main.o(.text.Init_PWM)
    __arm_cp.5_7                             0x000007e0   Number         4  main.o(.text.Init_PWM)
    __arm_cp.5_8                             0x000007e4   Number         4  main.o(.text.Init_PWM)
    __arm_cp.5_9                             0x000007e8   Number         4  main.o(.text.Init_PWM)
    __arm_cp.5_10                            0x000007ec   Number         4  main.o(.text.Init_PWM)
    __arm_cp.5_11                            0x000007f0   Number         4  main.o(.text.Init_PWM)
    __arm_cp.5_12                            0x000007f4   Number         4  main.o(.text.Init_PWM)
    __arm_cp.5_13                            0x000007f8   Number         4  main.o(.text.Init_PWM)
    __arm_cp.5_14                            0x000007fc   Number         4  main.o(.text.Init_PWM)
    __arm_cp.5_15                            0x00000800   Number         4  main.o(.text.Init_PWM)
    __arm_cp.5_16                            0x00000804   Number         4  main.o(.text.Init_PWM)
    __arm_cp.5_17                            0x00000808   Number         4  main.o(.text.Init_PWM)
    __arm_cp.5_18                            0x0000080c   Number         4  main.o(.text.Init_PWM)
    __arm_cp.5_19                            0x00000810   Number         4  main.o(.text.Init_PWM)
    __arm_cp.5_20                            0x00000814   Number         4  main.o(.text.Init_PWM)
    __arm_cp.5_21                            0x00000818   Number         4  main.o(.text.Init_PWM)
    __arm_cp.5_23                            0x0000081c   Number         4  main.o(.text.Init_PWM)
    __arm_cp.5_24                            0x00000820   Number         4  main.o(.text.Init_PWM)
    __arm_cp.5_26                            0x00000824   Number         4  main.o(.text.Init_PWM)
    __arm_cp.5_27                            0x00000828   Number         4  main.o(.text.Init_PWM)
    [Anonymous Symbol]                       0x0000082c   Section        0  main.o(.text.Init_UART2)
    __arm_cp.0_0                             0x000008c8   Number         4  main.o(.text.Init_UART2)
    __arm_cp.0_1                             0x000008cc   Number         4  main.o(.text.Init_UART2)
    __arm_cp.0_2                             0x000008d0   Number         4  main.o(.text.Init_UART2)
    __arm_cp.0_3                             0x000008d4   Number         4  main.o(.text.Init_UART2)
    __arm_cp.0_4                             0x000008d8   Number         4  main.o(.text.Init_UART2)
    __arm_cp.0_5                             0x000008dc   Number         4  main.o(.text.Init_UART2)
    __arm_cp.0_6                             0x000008e0   Number         4  main.o(.text.Init_UART2)
    __arm_cp.0_7                             0x000008e4   Number         4  main.o(.text.Init_UART2)
    __arm_cp.0_8                             0x000008e8   Number         4  main.o(.text.Init_UART2)
    MessageQueueGet                          0x000008ed   Thumb Code    66  rtx_msgqueue.o(.text.MessageQueueGet)
    [Anonymous Symbol]                       0x000008ec   Section        0  rtx_msgqueue.o(.text.MessageQueueGet)
    MessageQueuePut                          0x0000092f   Thumb Code    94  rtx_msgqueue.o(.text.MessageQueuePut)
    [Anonymous Symbol]                       0x0000092e   Section        0  rtx_msgqueue.o(.text.MessageQueuePut)
    MessageQueueRemove                       0x0000098d   Thumb Code    30  rtx_msgqueue.o(.text.MessageQueueRemove)
    [Anonymous Symbol]                       0x0000098c   Section        0  rtx_msgqueue.o(.text.MessageQueueRemove)
    [Anonymous Symbol]                       0x000009aa   Section        0  main.o(.text.Motor_Control)
    [Anonymous Symbol]                       0x00000a30   Section        0  os_systick.o(.text.OS_Tick_AcknowledgeIRQ)
    [Anonymous Symbol]                       0x00000a38   Section        0  os_systick.o(.text.OS_Tick_Enable)
    __arm_cp.1_1                             0x00000a58   Number         4  os_systick.o(.text.OS_Tick_Enable)
    [Anonymous Symbol]                       0x00000a5c   Section        0  os_systick.o(.text.OS_Tick_GetIRQn)
    [Anonymous Symbol]                       0x00000a64   Section        0  os_systick.o(.text.OS_Tick_Setup)
    __arm_cp.0_0                             0x00000aa0   Number         4  os_systick.o(.text.OS_Tick_Setup)
    __arm_cp.0_1                             0x00000aa4   Number         4  os_systick.o(.text.OS_Tick_Setup)
    __arm_cp.0_2                             0x00000aa8   Number         4  os_systick.o(.text.OS_Tick_Setup)
    __arm_cp.0_3                             0x00000aac   Number         4  os_systick.o(.text.OS_Tick_Setup)
    [Anonymous Symbol]                       0x00000ab0   Section        0  main.o(.text.PIT_IRQHandler)
    __arm_cp.18_0                            0x00000b1c   Number         4  main.o(.text.PIT_IRQHandler)
    __arm_cp.18_2                            0x00000b20   Number         4  main.o(.text.PIT_IRQHandler)
    __arm_cp.18_3                            0x00000b24   Number         4  main.o(.text.PIT_IRQHandler)
    __arm_cp.18_4                            0x00000b28   Number         4  main.o(.text.PIT_IRQHandler)
    __arm_cp.18_5                            0x00000b2c   Number         4  main.o(.text.PIT_IRQHandler)
    __arm_cp.18_6                            0x00000b30   Number         4  main.o(.text.PIT_IRQHandler)
    [Anonymous Symbol]                       0x00000b34   Section        0  main.o(.text.PWM01_back)
    [Anonymous Symbol]                       0x00000b50   Section        0  main.o(.text.PWM01_forward)
    __arm_cp.10_0                            0x00000b6c   Number         4  main.o(.text.PWM01_forward)
    [Anonymous Symbol]                       0x00000b70   Section        0  main.o(.text.PWM01_rest)
    __arm_cp.12_0                            0x00000b7c   Number         4  main.o(.text.PWM01_rest)
    __arm_cp.12_1                            0x00000b80   Number         4  main.o(.text.PWM01_rest)
    [Anonymous Symbol]                       0x00000b84   Section        0  main.o(.text.PWM23_back)
    [Anonymous Symbol]                       0x00000ba0   Section        0  main.o(.text.PWM23_forward)
    __arm_cp.13_1                            0x00000bbc   Number         4  main.o(.text.PWM23_forward)
    [Anonymous Symbol]                       0x00000bc0   Section        0  main.o(.text.PWM23_rest)
    __arm_cp.15_0                            0x00000bcc   Number         4  main.o(.text.PWM23_rest)
    __arm_cp.15_1                            0x00000bd0   Number         4  main.o(.text.PWM23_rest)
    [Anonymous Symbol]                       0x00000bd4   Section        0  main.o(.text.Red_LED_Control)
    __arm_cp.19_0                            0x00000c0c   Number         4  main.o(.text.Red_LED_Control)
    __arm_cp.19_1                            0x00000c10   Number         4  main.o(.text.Red_LED_Control)
    __arm_cp.19_2                            0x00000c14   Number         4  main.o(.text.Red_LED_Control)
    [Anonymous Symbol]                       0x00000c18   Section        0  main.o(.text.Red_LED_thread)
    [Anonymous Symbol]                       0x00000c24   Section        0  system_mkl25z4.o(.text.SystemCoreClockUpdate)
    __arm_cp.1_0                             0x00000e28   Number         4  system_mkl25z4.o(.text.SystemCoreClockUpdate)
    __arm_cp.1_1                             0x00000e2c   Number         4  system_mkl25z4.o(.text.SystemCoreClockUpdate)
    __arm_cp.1_2                             0x00000e30   Number         4  system_mkl25z4.o(.text.SystemCoreClockUpdate)
    __arm_cp.1_3                             0x00000e34   Number         4  system_mkl25z4.o(.text.SystemCoreClockUpdate)
    __arm_cp.1_4                             0x00000e38   Number         4  system_mkl25z4.o(.text.SystemCoreClockUpdate)
    __arm_cp.1_5                             0x00000e3c   Number         4  system_mkl25z4.o(.text.SystemCoreClockUpdate)
    __arm_cp.1_6                             0x00000e40   Number         4  system_mkl25z4.o(.text.SystemCoreClockUpdate)
    __arm_cp.1_7                             0x00000e44   Number         4  system_mkl25z4.o(.text.SystemCoreClockUpdate)
    __arm_cp.1_8                             0x00000e48   Number         4  system_mkl25z4.o(.text.SystemCoreClockUpdate)
    __arm_cp.1_9                             0x00000e4c   Number         4  system_mkl25z4.o(.text.SystemCoreClockUpdate)
    __arm_cp.1_10                            0x00000e50   Number         4  system_mkl25z4.o(.text.SystemCoreClockUpdate)
    __arm_cp.1_11                            0x00000e54   Number         4  system_mkl25z4.o(.text.SystemCoreClockUpdate)
    [Anonymous Symbol]                       0x00000e58   Section        0  system_mkl25z4.o(.text.SystemInit)
    __arm_cp.0_0                             0x00000e60   Number         4  system_mkl25z4.o(.text.SystemInit)
    ThreadFlagsCheck                         0x00000e65   Thumb Code    74  rtx_thread.o(.text.ThreadFlagsCheck)
    [Anonymous Symbol]                       0x00000e64   Section        0  rtx_thread.o(.text.ThreadFlagsCheck)
    TimerInsert                              0x00000eb1   Thumb Code    72  rtx_timer.o(.text.TimerInsert)
    [Anonymous Symbol]                       0x00000eb0   Section        0  rtx_timer.o(.text.TimerInsert)
    __arm_cp.9_0                             0x00000ef8   Number         4  rtx_timer.o(.text.TimerInsert)
    [Anonymous Symbol]                       0x00000efc   Section        0  main.o(.text.UART2_IRQHandler)
    __arm_cp.4_0                             0x00000f48   Number         4  main.o(.text.UART2_IRQHandler)
    __arm_cp.4_1                             0x00000f4c   Number         4  main.o(.text.UART2_IRQHandler)
    __arm_cp.4_2                             0x00000f50   Number         4  main.o(.text.UART2_IRQHandler)
    __arm_cp.4_3                             0x00000f54   Number         4  main.o(.text.UART2_IRQHandler)
    __arm_cp.4_4                             0x00000f58   Number         4  main.o(.text.UART2_IRQHandler)
    __NVIC_ClearPendingIRQ                   0x00000f5d   Thumb Code    44  main.o(.text.__NVIC_ClearPendingIRQ)
    [Anonymous Symbol]                       0x00000f5c   Section        0  main.o(.text.__NVIC_ClearPendingIRQ)
    __arm_cp.1_0                             0x00000f84   Number         4  main.o(.text.__NVIC_ClearPendingIRQ)
    __NVIC_EnableIRQ                         0x00000f89   Thumb Code    44  main.o(.text.__NVIC_EnableIRQ)
    [Anonymous Symbol]                       0x00000f88   Section        0  main.o(.text.__NVIC_EnableIRQ)
    __arm_cp.2_0                             0x00000fb0   Number         4  main.o(.text.__NVIC_EnableIRQ)
    delay                                    0x00000fb5   Thumb Code    28  main.o(.text.delay)
    [Anonymous Symbol]                       0x00000fb4   Section        0  main.o(.text.delay)
    [Anonymous Symbol]                       0x00000fd0   Section        0  main.o(.text.main)
    __arm_cp.25_0                            0x00001034   Number         4  main.o(.text.main)
    __arm_cp.25_1                            0x00001038   Number         4  main.o(.text.main)
    __arm_cp.25_2                            0x0000103c   Number         4  main.o(.text.main)
    __arm_cp.25_3                            0x00001040   Number         4  main.o(.text.main)
    [Anonymous Symbol]                       0x00001044   Section        0  rtx_kernel.o(.text.osKernelInitialize)
    __arm_cp.2_0                             0x00001068   Number         4  rtx_kernel.o(.text.osKernelInitialize)
    [Anonymous Symbol]                       0x0000106c   Section        0  rtx_kernel.o(.text.osKernelStart)
    __arm_cp.7_0                             0x0000108c   Number         4  rtx_kernel.o(.text.osKernelStart)
    [Anonymous Symbol]                       0x00001090   Section        0  rtx_msgqueue.o(.text.osMessageQueueGet)
    __arm_cp.5_0                             0x00001100   Number         4  rtx_msgqueue.o(.text.osMessageQueueGet)
    [Anonymous Symbol]                       0x00001104   Section        0  rtx_msgqueue.o(.text.osMessageQueuePut)
    __arm_cp.4_0                             0x00001174   Number         4  rtx_msgqueue.o(.text.osMessageQueuePut)
    [Anonymous Symbol]                       0x00001178   Section        0  rtx_config.o(.text.osRtxErrorNotify)
    [Anonymous Symbol]                       0x000011aa   Section        0  rtx_config.o(.text.osRtxIdleThread)
    [Anonymous Symbol]                       0x000011b2   Section        0  rtx_kernel.o(.text.osRtxKernelErrorNotify)
    [Anonymous Symbol]                       0x000011ba   Section        0  rtx_kernel.o(.text.osRtxKernelPreInit)
    [Anonymous Symbol]                       0x000011bc   Section        0  rtx_memory.o(.text.osRtxMemoryAlloc)
    [Anonymous Symbol]                       0x00001234   Section        0  rtx_memory.o(.text.osRtxMemoryFree)
    [Anonymous Symbol]                       0x00001282   Section        0  rtx_memory.o(.text.osRtxMemoryInit)
    [Anonymous Symbol]                       0x000012b0   Section        0  rtx_mempool.o(.text.osRtxMemoryPoolAlloc)
    [Anonymous Symbol]                       0x000012da   Section        0  rtx_mempool.o(.text.osRtxMemoryPoolFree)
    [Anonymous Symbol]                       0x00001310   Section        0  rtx_mempool.o(.text.osRtxMemoryPoolInit)
    osRtxMessageQueuePostProcess             0x0000134d   Thumb Code   188  rtx_msgqueue.o(.text.osRtxMessageQueuePostProcess)
    [Anonymous Symbol]                       0x0000134c   Section        0  rtx_msgqueue.o(.text.osRtxMessageQueuePostProcess)
    [Anonymous Symbol]                       0x00001408   Section        0  rtx_msgqueue.o(.text.osRtxMessageQueueTimerSetup)
    __arm_cp.0_0                             0x00001428   Number         4  rtx_msgqueue.o(.text.osRtxMessageQueueTimerSetup)
    [Anonymous Symbol]                       0x0000142c   Section        0  rtx_mutex.o(.text.osRtxMutexOwnerRelease)
    [Anonymous Symbol]                       0x00001470   Section        0  rtx_mutex.o(.text.osRtxMutexOwnerRestore)
    [Anonymous Symbol]                       0x000014b8   Section        0  rtx_system.o(.text.osRtxPendSV_Handler)
    [Anonymous Symbol]                       0x00001538   Section        0  rtx_system.o(.text.osRtxPostProcess)
    __arm_cp.2_1                             0x000015a0   Number         4  rtx_system.o(.text.osRtxPostProcess)
    osRtxThreadBlock                         0x000015a5   Thumb Code    52  rtx_thread.o(.text.osRtxThreadBlock)
    [Anonymous Symbol]                       0x000015a4   Section        0  rtx_thread.o(.text.osRtxThreadBlock)
    osRtxThreadDelayInsert                   0x000015d9   Thumb Code   140  rtx_thread.o(.text.osRtxThreadDelayInsert)
    [Anonymous Symbol]                       0x000015d8   Section        0  rtx_thread.o(.text.osRtxThreadDelayInsert)
    osRtxThreadDelayRemove                   0x00001665   Thumb Code    68  rtx_thread.o(.text.osRtxThreadDelayRemove)
    [Anonymous Symbol]                       0x00001664   Section        0  rtx_thread.o(.text.osRtxThreadDelayRemove)
    [Anonymous Symbol]                       0x000016a8   Section        0  rtx_thread.o(.text.osRtxThreadDelayTick)
    osRtxThreadDestroy                       0x000016fd   Thumb Code    40  rtx_thread.o(.text.osRtxThreadDestroy)
    [Anonymous Symbol]                       0x000016fc   Section        0  rtx_thread.o(.text.osRtxThreadDestroy)
    [Anonymous Symbol]                       0x00001724   Section        0  rtx_thread.o(.text.osRtxThreadDispatch)
    osRtxThreadFree                          0x00001771   Thumb Code    80  rtx_thread.o(.text.osRtxThreadFree)
    [Anonymous Symbol]                       0x00001770   Section        0  rtx_thread.o(.text.osRtxThreadFree)
    __arm_cp.51_0                            0x000017c0   Number         4  rtx_thread.o(.text.osRtxThreadFree)
    osRtxThreadJoinWakeup                    0x000017c5   Thumb Code    32  rtx_thread.o(.text.osRtxThreadJoinWakeup)
    [Anonymous Symbol]                       0x000017c4   Section        0  rtx_thread.o(.text.osRtxThreadJoinWakeup)
    [Anonymous Symbol]                       0x000017e4   Section        0  rtx_thread.o(.text.osRtxThreadListGet)
    [Anonymous Symbol]                       0x000017f8   Section        0  rtx_thread.o(.text.osRtxThreadListPut)
    [Anonymous Symbol]                       0x00001824   Section        0  rtx_thread.o(.text.osRtxThreadListRemove)
    [Anonymous Symbol]                       0x0000183c   Section        0  rtx_thread.o(.text.osRtxThreadListSort)
    osRtxThreadPostProcess                   0x00001861   Thumb Code    38  rtx_thread.o(.text.osRtxThreadPostProcess)
    [Anonymous Symbol]                       0x00001860   Section        0  rtx_thread.o(.text.osRtxThreadPostProcess)
    [Anonymous Symbol]                       0x00001888   Section        0  rtx_thread.o(.text.osRtxThreadReadyPut)
    [Anonymous Symbol]                       0x0000189c   Section        0  rtx_thread.o(.text.osRtxThreadRegPtr)
    [Anonymous Symbol]                       0x000018a4   Section        0  rtx_thread.o(.text.osRtxThreadStartup)
    __arm_cp.14_0                            0x000018dc   Number         4  rtx_thread.o(.text.osRtxThreadStartup)
    __arm_cp.14_1                            0x000018e0   Number         4  rtx_thread.o(.text.osRtxThreadStartup)
    [Anonymous Symbol]                       0x000018e4   Section        0  rtx_thread.o(.text.osRtxThreadSwitch)
    __arm_cp.7_0                             0x000018f0   Number         4  rtx_thread.o(.text.osRtxThreadSwitch)
    [Anonymous Symbol]                       0x000018f4   Section        0  rtx_thread.o(.text.osRtxThreadWaitEnter)
    __arm_cp.12_0                            0x00001930   Number         4  rtx_thread.o(.text.osRtxThreadWaitEnter)
    [Anonymous Symbol]                       0x00001934   Section        0  rtx_thread.o(.text.osRtxThreadWaitExit)
    [Anonymous Symbol]                       0x00001958   Section        0  rtx_system.o(.text.osRtxTick_Handler)
    __arm_cp.0_0                             0x000019d4   Number         4  rtx_system.o(.text.osRtxTick_Handler)
    [Anonymous Symbol]                       0x000019d8   Section        0  rtx_timer.o(.text.osRtxTimerSetup)
    __arm_cp.0_0                             0x000019f4   Number         4  rtx_timer.o(.text.osRtxTimerSetup)
    __arm_cp.0_1                             0x000019f8   Number         4  rtx_timer.o(.text.osRtxTimerSetup)
    [Anonymous Symbol]                       0x000019fc   Section        0  rtx_timer.o(.text.osRtxTimerThread)
    osRtxTimerTick                           0x00001a19   Thumb Code   112  rtx_timer.o(.text.osRtxTimerTick)
    [Anonymous Symbol]                       0x00001a18   Section        0  rtx_timer.o(.text.osRtxTimerTick)
    __arm_cp.1_0                             0x00001a88   Number         4  rtx_timer.o(.text.osRtxTimerTick)
    [Anonymous Symbol]                       0x00001a8c   Section        0  rtx_thread.o(.text.osThreadExit)
    __arm_cp.30_0                            0x00001a94   Number         4  rtx_thread.o(.text.osThreadExit)
    [Anonymous Symbol]                       0x00001a98   Section        0  rtx_thread.o(.text.osThreadNew)
    __arm_cp.16_0                            0x00001ab8   Number         4  rtx_thread.o(.text.osThreadNew)
    [Anonymous Symbol]                       0x00001abc   Section        0  main.o(.text.playHappyBirthday)
    __arm_cp.8_0                             0x00001b10   Number         4  main.o(.text.playHappyBirthday)
    __arm_cp.8_1                             0x00001b14   Number         4  main.o(.text.playHappyBirthday)
    __arm_cp.8_2                             0x00001b18   Number         4  main.o(.text.playHappyBirthday)
    __arm_cp.8_3                             0x00001b1c   Number         4  main.o(.text.playHappyBirthday)
    [Anonymous Symbol]                       0x00001b20   Section        0  main.o(.text.playNote)
    __arm_cp.6_0                             0x00001b80   Number         4  main.o(.text.playNote)
    __arm_cp.6_1                             0x00001b84   Number         4  main.o(.text.playNote)
    __arm_cp.6_2                             0x00001b88   Number         4  main.o(.text.playNote)
    __arm_cp.6_3                             0x00001b8c   Number         4  main.o(.text.playNote)
    svcRtxKernelInitialize                   0x00001b91   Thumb Code   308  rtx_kernel.o(.text.svcRtxKernelInitialize)
    [Anonymous Symbol]                       0x00001b90   Section        0  rtx_kernel.o(.text.svcRtxKernelInitialize)
    __arm_cp.21_0                            0x00001cc4   Number         4  rtx_kernel.o(.text.svcRtxKernelInitialize)
    __arm_cp.21_2                            0x00001cc8   Number         4  rtx_kernel.o(.text.svcRtxKernelInitialize)
    svcRtxKernelStart                        0x00001ccd   Thumb Code   116  rtx_kernel.o(.text.svcRtxKernelStart)
    [Anonymous Symbol]                       0x00001ccc   Section        0  rtx_kernel.o(.text.svcRtxKernelStart)
    __arm_cp.22_0                            0x00001d40   Number         4  rtx_kernel.o(.text.svcRtxKernelStart)
    __arm_cp.22_1                            0x00001d44   Number         4  rtx_kernel.o(.text.svcRtxKernelStart)
    __arm_cp.22_2                            0x00001d48   Number         4  rtx_kernel.o(.text.svcRtxKernelStart)
    __arm_cp.22_3                            0x00001d4c   Number         4  rtx_kernel.o(.text.svcRtxKernelStart)
    svcRtxMessageQueueGet                    0x00001d51   Thumb Code   200  rtx_msgqueue.o(.text.svcRtxMessageQueueGet)
    [Anonymous Symbol]                       0x00001d50   Section        0  rtx_msgqueue.o(.text.svcRtxMessageQueueGet)
    __arm_cp.22_0                            0x00001e18   Number         4  rtx_msgqueue.o(.text.svcRtxMessageQueueGet)
    svcRtxMessageQueueNew                    0x00001e1d   Thumb Code   428  rtx_msgqueue.o(.text.svcRtxMessageQueueNew)
    [Anonymous Symbol]                       0x00001e1c   Section        0  rtx_msgqueue.o(.text.svcRtxMessageQueueNew)
    __arm_cp.1_0                             0x00001fc8   Number         4  rtx_msgqueue.o(.text.svcRtxMessageQueueNew)
    __arm_cp.1_1                             0x00001fcc   Number         4  rtx_msgqueue.o(.text.svcRtxMessageQueueNew)
    __arm_cp.1_2                             0x00001fd0   Number         4  rtx_msgqueue.o(.text.svcRtxMessageQueueNew)
    __arm_cp.1_3                             0x00001fd4   Number         4  rtx_msgqueue.o(.text.svcRtxMessageQueueNew)
    __arm_cp.1_5                             0x00001fd8   Number         4  rtx_msgqueue.o(.text.svcRtxMessageQueueNew)
    svcRtxMessageQueuePut                    0x00001fdd   Thumb Code   172  rtx_msgqueue.o(.text.svcRtxMessageQueuePut)
    [Anonymous Symbol]                       0x00001fdc   Section        0  rtx_msgqueue.o(.text.svcRtxMessageQueuePut)
    __arm_cp.20_0                            0x00002088   Number         4  rtx_msgqueue.o(.text.svcRtxMessageQueuePut)
    svcRtxThreadExit                         0x0000208d   Thumb Code    72  rtx_thread.o(.text.svcRtxThreadExit)
    [Anonymous Symbol]                       0x0000208c   Section        0  rtx_thread.o(.text.svcRtxThreadExit)
    __arm_cp.53_0                            0x000020d4   Number         4  rtx_thread.o(.text.svcRtxThreadExit)
    svcRtxThreadNew                          0x000020d9   Thumb Code   484  rtx_thread.o(.text.svcRtxThreadNew)
    [Anonymous Symbol]                       0x000020d8   Section        0  rtx_thread.o(.text.svcRtxThreadNew)
    __arm_cp.15_0                            0x000022bc   Number         4  rtx_thread.o(.text.svcRtxThreadNew)
    __arm_cp.15_1                            0x000022c0   Number         4  rtx_thread.o(.text.svcRtxThreadNew)
    __arm_cp.15_2                            0x000022c4   Number         4  rtx_thread.o(.text.svcRtxThreadNew)
    __arm_cp.15_3                            0x000022c8   Number         4  rtx_thread.o(.text.svcRtxThreadNew)
    __arm_cp.15_4                            0x000022cc   Number         4  rtx_thread.o(.text.svcRtxThreadNew)
    __arm_cp.15_5                            0x000022d0   Number         4  rtx_thread.o(.text.svcRtxThreadNew)
    i.__scatterload_copy                     0x000022d4   Section       14  handlers.o(i.__scatterload_copy)
    i.__scatterload_null                     0x000022e2   Section        2  handlers.o(i.__scatterload_null)
    i.__scatterload_zeroinit                 0x000022e4   Section       14  handlers.o(i.__scatterload_zeroinit)
    __tagsym$$used.0                         0x000022f4   Number         0  rtx_lib.o(.rodata)
    __tagsym$$used.1                         0x00002364   Number         0  rtx_lib.o(.rodata)
    [Anonymous Symbol]                       0x0000239c   Section        0  main.o(.rodata..L__const.playHappyBirthday.durations)
    [Anonymous Symbol]                       0x00002410   Section        0  main.o(.rodata..L__const.playHappyBirthday.notes)
    os_idle_thread_attr                      0x00002488   Data          36  rtx_lib.o(.rodata.os_idle_thread_attr)
    [Anonymous Symbol]                       0x00002488   Section        0  rtx_lib.o(.rodata.os_idle_thread_attr)
    os_timer_mq_attr                         0x000024ac   Data          24  rtx_lib.o(.rodata.os_timer_mq_attr)
    [Anonymous Symbol]                       0x000024ac   Section        0  rtx_lib.o(.rodata.os_timer_mq_attr)
    os_timer_thread_attr                     0x000024c4   Data          36  rtx_lib.o(.rodata.os_timer_thread_attr)
    [Anonymous Symbol]                       0x000024c4   Section        0  rtx_lib.o(.rodata.os_timer_thread_attr)
    [Anonymous Symbol]                       0x000024e8   Section        0  rtx_kernel.o(.rodata.str1.4)
    os_isr_queue                             0x1ffff0c8   Data          64  rtx_lib.o(.bss.os)
    [Anonymous Symbol]                       0x1ffff0c8   Section        0  rtx_lib.o(.bss.os)
    os_mem                                   0x1ffff108   Data        4096  rtx_lib.o(.bss.os)
    PendST                                   0x20000108   Data           1  os_systick.o(.bss.os)
    [Anonymous Symbol]                       0x20000108   Section        0  os_systick.o(.bss.os)
    os_timer_mq_cb                           0x2000010c   Data          52  rtx_lib.o(.bss.os.msgqueue.cb)
    [Anonymous Symbol]                       0x2000010c   Section        0  rtx_lib.o(.bss.os.msgqueue.cb)
    os_timer_mq_data                         0x20000140   Data          80  rtx_lib.o(.bss.os.msgqueue.mem)
    [Anonymous Symbol]                       0x20000140   Section        0  rtx_lib.o(.bss.os.msgqueue.mem)
    os_idle_thread_cb                        0x20000190   Data          68  rtx_lib.o(.bss.os.thread.cb)
    [Anonymous Symbol]                       0x20000190   Section        0  rtx_lib.o(.bss.os.thread.cb)
    os_timer_thread_cb                       0x200001d4   Data          68  rtx_lib.o(.bss.os.thread.cb)
    os_idle_thread_stack                     0x20000218   Data         256  rtx_lib.o(.bss.os.thread.idle.stack)
    [Anonymous Symbol]                       0x20000218   Section        0  rtx_lib.o(.bss.os.thread.idle.stack)
    os_timer_thread_stack                    0x20000318   Data         256  rtx_lib.o(.bss.os.thread.timer.stack)
    [Anonymous Symbol]                       0x20000318   Section        0  rtx_lib.o(.bss.os.thread.timer.stack)
    tone                                     0x2000041c   Data           4  main.o(.bss.tone)
    [Anonymous Symbol]                       0x2000041c   Section        0  main.o(.bss.tone)
    STACK                                    0x20000420   Section      256  startup_mkl25z4.o(STACK)

    Global Symbols

    Symbol Name                              Value     Ov Type        Size  Object(Section)

    BuildAttributes$$THM_ISAv3M$S$PE$A:L22$X:L11$S22$IEEE1$IW$~IW$USESV6$~STKCKD$USESV7$~SHL$OTIME$ROPI$EBA8$MICROLIB$REQ8$PRES8$EABIv2 0x00000000   Number         0  anon$$obj.o ABSOLUTE
    __Vectors                                0x00000000   Data           4  startup_mkl25z4.o(RESET)
    .bss.os.evflags.cb$$Base                  - Undefined Weak Reference
    .bss.os.evflags.cb$$Limit                 - Undefined Weak Reference
    .bss.os.mempool.cb$$Base                  - Undefined Weak Reference
    .bss.os.mempool.cb$$Limit                 - Undefined Weak Reference
    .bss.os.mutex.cb$$Base                    - Undefined Weak Reference
    .bss.os.mutex.cb$$Limit                   - Undefined Weak Reference
    .bss.os.semaphore.cb$$Base                - Undefined Weak Reference
    .bss.os.semaphore.cb$$Limit               - Undefined Weak Reference
    .bss.os.timer.cb$$Base                    - Undefined Weak Reference
    .bss.os.timer.cb$$Limit                   - Undefined Weak Reference
    __cpp_initialize__aeabi_                  - Undefined Weak Reference
    __cxa_finalize                            - Undefined Weak Reference
    __decompress                              - Undefined Weak Reference
    _clock_init                               - Undefined Weak Reference
    _microlib_exit                            - Undefined Weak Reference
    __Vectors_End                            0x000000c0   Data           0  startup_mkl25z4.o(RESET)
    __Vectors_Size                           0x000000c0   Number         0  startup_mkl25z4.o ABSOLUTE
    __main                                   0x000000c1   Thumb Code     0  entry.o(.ARM.Collect$$$$00000000)
    _main_stk                                0x000000c1   Thumb Code     0  entry2.o(.ARM.Collect$$$$00000001)
    _main_scatterload                        0x000000c5   Thumb Code     0  entry5.o(.ARM.Collect$$$$00000004)
    __main_after_scatterload                 0x000000c9   Thumb Code     0  entry5.o(.ARM.Collect$$$$00000004)
    _main_clock                              0x000000c9   Thumb Code     0  entry7b.o(.ARM.Collect$$$$00000008)
    _main_cpp_init                           0x000000c9   Thumb Code     0  entry8b.o(.ARM.Collect$$$$0000000A)
    _main_init                               0x000000c9   Thumb Code     0  entry9a.o(.ARM.Collect$$$$0000000B)
    __rt_final_cpp                           0x000000d1   Thumb Code     0  entry10a.o(.ARM.Collect$$$$0000000D)
    __rt_final_exit                          0x000000d1   Thumb Code     0  entry11a.o(.ARM.Collect$$$$0000000F)
    Reset_Handler                            0x000000d5   Thumb Code    12  startup_mkl25z4.o(.text)
    NMI_Handler                              0x000000e1   Thumb Code     2  startup_mkl25z4.o(.text)
    HardFault_Handler                        0x000000e3   Thumb Code     2  startup_mkl25z4.o(.text)
    ADC0_IRQHandler                          0x000000eb   Thumb Code     0  startup_mkl25z4.o(.text)
    CMP0_IRQHandler                          0x000000eb   Thumb Code     0  startup_mkl25z4.o(.text)
    DAC0_IRQHandler                          0x000000eb   Thumb Code     0  startup_mkl25z4.o(.text)
    DMA0_IRQHandler                          0x000000eb   Thumb Code     0  startup_mkl25z4.o(.text)
    DMA1_IRQHandler                          0x000000eb   Thumb Code     0  startup_mkl25z4.o(.text)
    DMA2_IRQHandler                          0x000000eb   Thumb Code     0  startup_mkl25z4.o(.text)
    DMA3_IRQHandler                          0x000000eb   Thumb Code     0  startup_mkl25z4.o(.text)
    DefaultISR                               0x000000eb   Thumb Code     0  startup_mkl25z4.o(.text)
    FTFA_IRQHandler                          0x000000eb   Thumb Code     0  startup_mkl25z4.o(.text)
    I2C0_IRQHandler                          0x000000eb   Thumb Code     0  startup_mkl25z4.o(.text)
    I2C1_IRQHandler                          0x000000eb   Thumb Code     0  startup_mkl25z4.o(.text)
    LLWU_IRQHandler                          0x000000eb   Thumb Code     0  startup_mkl25z4.o(.text)
    LPTMR0_IRQHandler                        0x000000eb   Thumb Code     0  startup_mkl25z4.o(.text)
    LVD_LVW_IRQHandler                       0x000000eb   Thumb Code     0  startup_mkl25z4.o(.text)
    MCG_IRQHandler                           0x000000eb   Thumb Code     0  startup_mkl25z4.o(.text)
    PORTA_IRQHandler                         0x000000eb   Thumb Code     0  startup_mkl25z4.o(.text)
    PORTD_IRQHandler                         0x000000eb   Thumb Code     0  startup_mkl25z4.o(.text)
    RTC_IRQHandler                           0x000000eb   Thumb Code     0  startup_mkl25z4.o(.text)
    RTC_Seconds_IRQHandler                   0x000000eb   Thumb Code     0  startup_mkl25z4.o(.text)
    Reserved20_IRQHandler                    0x000000eb   Thumb Code     0  startup_mkl25z4.o(.text)
    Reserved39_IRQHandler                    0x000000eb   Thumb Code     0  startup_mkl25z4.o(.text)
    Reserved45_IRQHandler                    0x000000eb   Thumb Code     0  startup_mkl25z4.o(.text)
    SPI0_IRQHandler                          0x000000eb   Thumb Code     0  startup_mkl25z4.o(.text)
    SPI1_IRQHandler                          0x000000eb   Thumb Code     0  startup_mkl25z4.o(.text)
    TPM0_IRQHandler                          0x000000eb   Thumb Code     0  startup_mkl25z4.o(.text)
    TPM1_IRQHandler                          0x000000eb   Thumb Code     0  startup_mkl25z4.o(.text)
    TPM2_IRQHandler                          0x000000eb   Thumb Code     0  startup_mkl25z4.o(.text)
    TSI0_IRQHandler                          0x000000eb   Thumb Code     0  startup_mkl25z4.o(.text)
    UART0_IRQHandler                         0x000000eb   Thumb Code     0  startup_mkl25z4.o(.text)
    UART1_IRQHandler                         0x000000eb   Thumb Code     0  startup_mkl25z4.o(.text)
    USB0_IRQHandler                          0x000000eb   Thumb Code     0  startup_mkl25z4.o(.text)
    SVC_Handler                              0x000000fd   Thumb Code   132  irq_armv6m.o(.text)
    PendSV_Handler                           0x00000181   Thumb Code    12  irq_armv6m.o(.text)
    SysTick_Handler                          0x0000018d   Thumb Code    12  irq_armv6m.o(.text)
    __aeabi_memcpy                           0x000001a1   Thumb Code    36  memcpya.o(.text)
    __aeabi_memcpy4                          0x000001a1   Thumb Code     0  memcpya.o(.text)
    __aeabi_memcpy8                          0x000001a1   Thumb Code     0  memcpya.o(.text)
    __aeabi_memset                           0x000001c5   Thumb Code    14  memseta.o(.text)
    __aeabi_memset4                          0x000001c5   Thumb Code     0  memseta.o(.text)
    __aeabi_memset8                          0x000001c5   Thumb Code     0  memseta.o(.text)
    __aeabi_memclr                           0x000001d3   Thumb Code     4  memseta.o(.text)
    __aeabi_memclr4                          0x000001d3   Thumb Code     0  memseta.o(.text)
    __aeabi_memclr8                          0x000001d3   Thumb Code     0  memseta.o(.text)
    _memset$wrapper                          0x000001d7   Thumb Code    18  memseta.o(.text)
    __aeabi_fmul                             0x000001e9   Thumb Code   122  fmul.o(.text)
    __aeabi_fdiv                             0x00000263   Thumb Code   124  fdiv.o(.text)
    __aeabi_fcmpeq                           0x000002df   Thumb Code    28  fcmpeq.o(.text)
    __aeabi_f2iz                             0x000002fb   Thumb Code    50  ffixi.o(.text)
    __aeabi_uidiv                            0x0000032d   Thumb Code     0  uidiv_div0.o(.text)
    __aeabi_uidivmod                         0x0000032d   Thumb Code    62  uidiv_div0.o(.text)
    __aeabi_idiv                             0x0000036d   Thumb Code     0  idiv_div0.o(.text)
    __aeabi_idivmod$div0                     0x0000036d   Thumb Code    74  idiv_div0.o(.text)
    __I$use$fp                               0x000003bd   Thumb Code     0  iusefp.o(.text)
    __scatterload                            0x000003bd   Thumb Code    28  init.o(.text)
    __scatterload_rt2                        0x000003bd   Thumb Code     0  init.o(.text)
    Buzzer_thread                            0x000003e1   Thumb Code    10  main.o(.text.Buzzer_thread)
    Green_LED_thread                         0x000003eb   Thumb Code    10  main.o(.text.Green_LED_thread)
    Motor_thread                             0x000003f5   Thumb Code    12  main.o(.text.Motor_thread)
    _float_round                             0x00000411   Thumb Code    16  fepilogue.o(.text)
    _float_epilogue                          0x00000421   Thumb Code   114  fepilogue.o(.text)
    Direction_convert                        0x00000493   Thumb Code    94  main.o(.text.Direction_convert)
    Green_LED_Control                        0x000004f1   Thumb Code    72  main.o(.text.Green_LED_Control)
    Init_PIT                                 0x00000539   Thumb Code   312  main.o(.text.Init_PIT)
    Init_PWM                                 0x00000671   Thumb Code   444  main.o(.text.Init_PWM)
    Init_UART2                               0x0000082d   Thumb Code   192  main.o(.text.Init_UART2)
    Motor_Control                            0x000009ab   Thumb Code   132  main.o(.text.Motor_Control)
    OS_Tick_AcknowledgeIRQ                   0x00000a31   Thumb Code     8  os_systick.o(.text.OS_Tick_AcknowledgeIRQ)
    OS_Tick_Enable                           0x00000a39   Thumb Code    32  os_systick.o(.text.OS_Tick_Enable)
    OS_Tick_GetIRQn                          0x00000a5d   Thumb Code     6  os_systick.o(.text.OS_Tick_GetIRQn)
    OS_Tick_Setup                            0x00000a65   Thumb Code    60  os_systick.o(.text.OS_Tick_Setup)
    PIT_IRQHandler                           0x00000ab1   Thumb Code   132  main.o(.text.PIT_IRQHandler)
    PWM01_back                               0x00000b35   Thumb Code    28  main.o(.text.PWM01_back)
    PWM01_forward                            0x00000b51   Thumb Code    32  main.o(.text.PWM01_forward)
    PWM01_rest                               0x00000b71   Thumb Code    20  main.o(.text.PWM01_rest)
    PWM23_back                               0x00000b85   Thumb Code    28  main.o(.text.PWM23_back)
    PWM23_forward                            0x00000ba1   Thumb Code    32  main.o(.text.PWM23_forward)
    PWM23_rest                               0x00000bc1   Thumb Code    20  main.o(.text.PWM23_rest)
    Red_LED_Control                          0x00000bd5   Thumb Code    68  main.o(.text.Red_LED_Control)
    Red_LED_thread                           0x00000c19   Thumb Code    10  main.o(.text.Red_LED_thread)
    SystemCoreClockUpdate                    0x00000c25   Thumb Code   564  system_mkl25z4.o(.text.SystemCoreClockUpdate)
    SystemInit                               0x00000e59   Thumb Code    12  system_mkl25z4.o(.text.SystemInit)
    UART2_IRQHandler                         0x00000efd   Thumb Code    96  main.o(.text.UART2_IRQHandler)
    main                                     0x00000fd1   Thumb Code   116  main.o(.text.main)
    osKernelInitialize                       0x00001045   Thumb Code    36  rtx_kernel.o(.text.osKernelInitialize)
    osKernelStart                            0x0000106d   Thumb Code    32  rtx_kernel.o(.text.osKernelStart)
    osMessageQueueGet                        0x00001091   Thumb Code   112  rtx_msgqueue.o(.text.osMessageQueueGet)
    osMessageQueuePut                        0x00001105   Thumb Code   112  rtx_msgqueue.o(.text.osMessageQueuePut)
    osRtxErrorNotify                         0x00001179   Thumb Code    50  rtx_config.o(.text.osRtxErrorNotify)
    osRtxIdleThread                          0x000011ab   Thumb Code     8  rtx_config.o(.text.osRtxIdleThread)
    osRtxKernelErrorNotify                   0x000011b3   Thumb Code     8  rtx_kernel.o(.text.osRtxKernelErrorNotify)
    osRtxKernelPreInit                       0x000011bb   Thumb Code     2  rtx_kernel.o(.text.osRtxKernelPreInit)
    osRtxMemoryAlloc                         0x000011bd   Thumb Code   120  rtx_memory.o(.text.osRtxMemoryAlloc)
    osRtxMemoryFree                          0x00001235   Thumb Code    78  rtx_memory.o(.text.osRtxMemoryFree)
    osRtxMemoryInit                          0x00001283   Thumb Code    46  rtx_memory.o(.text.osRtxMemoryInit)
    osRtxMemoryPoolAlloc                     0x000012b1   Thumb Code    42  rtx_mempool.o(.text.osRtxMemoryPoolAlloc)
    osRtxMemoryPoolFree                      0x000012db   Thumb Code    54  rtx_mempool.o(.text.osRtxMemoryPoolFree)
    osRtxMemoryPoolInit                      0x00001311   Thumb Code    60  rtx_mempool.o(.text.osRtxMemoryPoolInit)
    osRtxMessageQueueTimerSetup              0x00001409   Thumb Code    32  rtx_msgqueue.o(.text.osRtxMessageQueueTimerSetup)
    osRtxMutexOwnerRelease                   0x0000142d   Thumb Code    68  rtx_mutex.o(.text.osRtxMutexOwnerRelease)
    osRtxMutexOwnerRestore                   0x00001471   Thumb Code    70  rtx_mutex.o(.text.osRtxMutexOwnerRestore)
    osRtxPendSV_Handler                      0x000014b9   Thumb Code   128  rtx_system.o(.text.osRtxPendSV_Handler)
    osRtxPostProcess                         0x00001539   Thumb Code   104  rtx_system.o(.text.osRtxPostProcess)
    osRtxThreadDelayTick                     0x000016a9   Thumb Code    84  rtx_thread.o(.text.osRtxThreadDelayTick)
    osRtxThreadDispatch                      0x00001725   Thumb Code    76  rtx_thread.o(.text.osRtxThreadDispatch)
    osRtxThreadListGet                       0x000017e5   Thumb Code    20  rtx_thread.o(.text.osRtxThreadListGet)
    osRtxThreadListPut                       0x000017f9   Thumb Code    44  rtx_thread.o(.text.osRtxThreadListPut)
    osRtxThreadListRemove                    0x00001825   Thumb Code    24  rtx_thread.o(.text.osRtxThreadListRemove)
    osRtxThreadListSort                      0x0000183d   Thumb Code    36  rtx_thread.o(.text.osRtxThreadListSort)
    osRtxThreadReadyPut                      0x00001889   Thumb Code    20  rtx_thread.o(.text.osRtxThreadReadyPut)
    osRtxThreadRegPtr                        0x0000189d   Thumb Code     6  rtx_thread.o(.text.osRtxThreadRegPtr)
    osRtxThreadStartup                       0x000018a5   Thumb Code    56  rtx_thread.o(.text.osRtxThreadStartup)
    osRtxThreadSwitch                        0x000018e5   Thumb Code    12  rtx_thread.o(.text.osRtxThreadSwitch)
    osRtxThreadWaitEnter                     0x000018f5   Thumb Code    60  rtx_thread.o(.text.osRtxThreadWaitEnter)
    osRtxThreadWaitExit                      0x00001935   Thumb Code    34  rtx_thread.o(.text.osRtxThreadWaitExit)
    osRtxTick_Handler                        0x00001959   Thumb Code   124  rtx_system.o(.text.osRtxTick_Handler)
    osRtxTimerSetup                          0x000019d9   Thumb Code    28  rtx_timer.o(.text.osRtxTimerSetup)
    osRtxTimerThread                         0x000019fd   Thumb Code    28  rtx_timer.o(.text.osRtxTimerThread)
    osThreadExit                             0x00001a8d   Thumb Code     8  rtx_thread.o(.text.osThreadExit)
    osThreadNew                              0x00001a99   Thumb Code    32  rtx_thread.o(.text.osThreadNew)
    playHappyBirthday                        0x00001abd   Thumb Code   100  main.o(.text.playHappyBirthday)
    playNote                                 0x00001b21   Thumb Code   112  main.o(.text.playNote)
    __scatterload_copy                       0x000022d5   Thumb Code    14  handlers.o(i.__scatterload_copy)
    __scatterload_null                       0x000022e3   Thumb Code     2  handlers.o(i.__scatterload_null)
    __scatterload_zeroinit                   0x000022e5   Thumb Code    14  handlers.o(i.__scatterload_zeroinit)
    osRtxConfig                              0x000022f4   Data         112  rtx_lib.o(.rodata)
    os_cb_sections                           0x00002364   Data          56  rtx_lib.o(.rodata)
    osRtxUserSVC                             0x00002484   Data           4  rtx_lib.o(.rodata.osRtxUserSVC)
    Region$$Table$$Base                      0x000024f4   Number         0  anon$$obj.o(Region$$Table)
    Region$$Table$$Limit                     0x00002514   Number         0  anon$$obj.o(Region$$Table)
    Green_LED_index                          0x1ffff000   Data           4  main.o(.data.Green_LED_index)
    LED_flag                                 0x1ffff004   Data           4  main.o(.data.LED_flag)
    Motor_flag                               0x1ffff008   Data           1  main.o(.data.Motor_flag)
    RED_LED_FLAG                             0x1ffff00c   Data           4  main.o(.data.RED_LED_FLAG)
    SystemCoreClock                          0x1ffff010   Data           4  system_mkl25z4.o(.data.SystemCoreClock)
    called                                   0x1ffff014   Data           4  main.o(.data.called)
    osRtxInfo                                0x1ffff018   Data         164  rtx_kernel.o(.data.os)
    data                                     0x1ffff0c0   Data           1  main.o(.bss.data)
    .bss.os.msgqueue.cb$$Base                0x2000010c   Number         0  rtx_lib.o(.bss.os.msgqueue.cb)
    .bss.os.msgqueue.cb$$Limit               0x20000140   Number         0  rtx_lib.o(.bss.os.msgqueue.cb)
    .bss.os.thread.cb$$Base                  0x20000190   Number         0  rtx_lib.o(.bss.os.thread.cb)
    .bss.os.thread.cb$$Limit                 0x20000218   Number         0  rtx_lib.o(.bss.os.thread.cb)
    test_flag                                0x20000418   Data           4  main.o(.bss.test_flag)
    __initial_sp                             0x20000520   Data           0  startup_mkl25z4.o(STACK)



==============================================================================

Memory Map of the image

  Image Entry point : 0x000000d5

  Load Region LR_1 (Base: 0x00000000, Size: 0x000025d0, Max: 0xffffffff, ABSOLUTE)

    Execution Region ER_RO (Exec base: 0x00000000, Load base: 0x00000000, Size: 0x00002514, Max: 0xffffffff, ABSOLUTE)

    Exec Addr    Load Addr    Size         Type   Attr      Idx    E Section Name        Object

    0x00000000   0x00000000   0x000000c0   Data   RO          104    RESET               startup_mkl25z4.o
    0x000000c0   0x000000c0   0x00000000   Code   RO          579  * .ARM.Collect$$$$00000000  mc_p.l(entry.o)
    0x000000c0   0x000000c0   0x00000004   Code   RO          602    .ARM.Collect$$$$00000001  mc_p.l(entry2.o)
    0x000000c4   0x000000c4   0x00000004   Code   RO          605    .ARM.Collect$$$$00000004  mc_p.l(entry5.o)
    0x000000c8   0x000000c8   0x00000000   Code   RO          607    .ARM.Collect$$$$00000008  mc_p.l(entry7b.o)
    0x000000c8   0x000000c8   0x00000000   Code   RO          609    .ARM.Collect$$$$0000000A  mc_p.l(entry8b.o)
    0x000000c8   0x000000c8   0x00000008   Code   RO          610    .ARM.Collect$$$$0000000B  mc_p.l(entry9a.o)
    0x000000d0   0x000000d0   0x00000000   Code   RO          612    .ARM.Collect$$$$0000000D  mc_p.l(entry10a.o)
    0x000000d0   0x000000d0   0x00000000   Code   RO          614    .ARM.Collect$$$$0000000F  mc_p.l(entry11a.o)
    0x000000d0   0x000000d0   0x00000004   Code   RO          603    .ARM.Collect$$$$00002712  mc_p.l(entry2.o)
    0x000000d4   0x000000d4   0x00000028   Code   RO          106  * .text               startup_mkl25z4.o
    0x000000fc   0x000000fc   0x000000a4   Code   RO          371    .text               RTX_CM0.lib(irq_armv6m.o)
    0x000001a0   0x000001a0   0x00000024   Code   RO          588    .text               mc_p.l(memcpya.o)
    0x000001c4   0x000001c4   0x00000024   Code   RO          590    .text               mc_p.l(memseta.o)
    0x000001e8   0x000001e8   0x0000007a   Code   RO          594    .text               mf_p.l(fmul.o)
    0x00000262   0x00000262   0x0000007c   Code   RO          596    .text               mf_p.l(fdiv.o)
    0x000002de   0x000002de   0x0000001c   Code   RO          598    .text               mf_p.l(fcmpeq.o)
    0x000002fa   0x000002fa   0x00000032   Code   RO          600    .text               mf_p.l(ffixi.o)
    0x0000032c   0x0000032c   0x0000003e   Code   RO          618    .text               mc_p.l(uidiv_div0.o)
    0x0000036a   0x0000036a   0x00000002   PAD
    0x0000036c   0x0000036c   0x00000050   Code   RO          620    .text               mc_p.l(idiv_div0.o)
    0x000003bc   0x000003bc   0x00000000   Code   RO          624    .text               mc_p.l(iusefp.o)
    0x000003bc   0x000003bc   0x00000024   Code   RO          627    .text               mc_p.l(init.o)
    0x000003e0   0x000003e0   0x0000000a   Code   RO           48    .text.Buzzer_thread  main.o
    0x000003ea   0x000003ea   0x0000000a   Code   RO           46    .text.Green_LED_thread  main.o
    0x000003f4   0x000003f4   0x0000000c   Code   RO           50    .text.Motor_thread  main.o
    0x00000400   0x00000400   0x00000010   Code   RO          105    .ARM.__at_0x400     startup_mkl25z4.o
    0x00000410   0x00000410   0x00000082   Code   RO          625    .text               mf_p.l(fepilogue.o)
    0x00000492   0x00000492   0x0000005e   Code   RO            8    .text.Direction_convert  main.o
    0x000004f0   0x000004f0   0x00000048   Code   RO           42    .text.Green_LED_Control  main.o
    0x00000538   0x00000538   0x00000138   Code   RO           36    .text.Init_PIT      main.o
    0x00000670   0x00000670   0x000001bc   Code   RO           12    .text.Init_PWM      main.o
    0x0000082c   0x0000082c   0x000000c0   Code   RO            2    .text.Init_UART2    main.o
    0x000008ec   0x000008ec   0x00000042   Code   RO          523    .text.MessageQueueGet  RTX_CM0.lib(rtx_msgqueue.o)
    0x0000092e   0x0000092e   0x0000005e   Code   RO          517    .text.MessageQueuePut  RTX_CM0.lib(rtx_msgqueue.o)
    0x0000098c   0x0000098c   0x0000001e   Code   RO          515    .text.MessageQueueRemove  RTX_CM0.lib(rtx_msgqueue.o)
    0x000009aa   0x000009aa   0x00000084   Code   RO           34    .text.Motor_Control  main.o
    0x00000a2e   0x00000a2e   0x00000002   PAD
    0x00000a30   0x00000a30   0x00000008   Code   RO          559    .text.OS_Tick_AcknowledgeIRQ  RTX_CM0.lib(os_systick.o)
    0x00000a38   0x00000a38   0x00000024   Code   RO          555    .text.OS_Tick_Enable  RTX_CM0.lib(os_systick.o)
    0x00000a5c   0x00000a5c   0x00000006   Code   RO          561    .text.OS_Tick_GetIRQn  RTX_CM0.lib(os_systick.o)
    0x00000a62   0x00000a62   0x00000002   PAD
    0x00000a64   0x00000a64   0x0000004c   Code   RO          553    .text.OS_Tick_Setup  RTX_CM0.lib(os_systick.o)
    0x00000ab0   0x00000ab0   0x00000084   Code   RO           38    .text.PIT_IRQHandler  main.o
    0x00000b34   0x00000b34   0x0000001c   Code   RO           24    .text.PWM01_back    main.o
    0x00000b50   0x00000b50   0x00000020   Code   RO           22    .text.PWM01_forward  main.o
    0x00000b70   0x00000b70   0x00000014   Code   RO           26    .text.PWM01_rest    main.o
    0x00000b84   0x00000b84   0x0000001c   Code   RO           30    .text.PWM23_back    main.o
    0x00000ba0   0x00000ba0   0x00000020   Code   RO           28    .text.PWM23_forward  main.o
    0x00000bc0   0x00000bc0   0x00000014   Code   RO           32    .text.PWM23_rest    main.o
    0x00000bd4   0x00000bd4   0x00000044   Code   RO           40    .text.Red_LED_Control  main.o
    0x00000c18   0x00000c18   0x0000000a   Code   RO           44    .text.Red_LED_thread  main.o
    0x00000c22   0x00000c22   0x00000002   PAD
    0x00000c24   0x00000c24   0x00000234   Code   RO          117    .text.SystemCoreClockUpdate  system_mkl25z4.o
    0x00000e58   0x00000e58   0x0000000c   Code   RO          115    .text.SystemInit    system_mkl25z4.o
    0x00000e64   0x00000e64   0x0000004a   Code   RO          274    .text.ThreadFlagsCheck  RTX_CM0.lib(rtx_thread.o)
    0x00000eae   0x00000eae   0x00000002   PAD
    0x00000eb0   0x00000eb0   0x0000004c   Code   RO          348    .text.TimerInsert   RTX_CM0.lib(rtx_timer.o)
    0x00000efc   0x00000efc   0x00000060   Code   RO           10    .text.UART2_IRQHandler  main.o
    0x00000f5c   0x00000f5c   0x0000002c   Code   RO            4    .text.__NVIC_ClearPendingIRQ  main.o
    0x00000f88   0x00000f88   0x0000002c   Code   RO            6    .text.__NVIC_EnableIRQ  main.o
    0x00000fb4   0x00000fb4   0x0000001c   Code   RO           16    .text.delay         main.o
    0x00000fd0   0x00000fd0   0x00000074   Code   RO           52    .text.main          main.o
    0x00001044   0x00001044   0x00000028   Code   RO          132    .text.osKernelInitialize  RTX_CM0.lib(rtx_kernel.o)
    0x0000106c   0x0000106c   0x00000024   Code   RO          142    .text.osKernelStart  RTX_CM0.lib(rtx_kernel.o)
    0x00001090   0x00001090   0x00000074   Code   RO          491    .text.osMessageQueueGet  RTX_CM0.lib(rtx_msgqueue.o)
    0x00001104   0x00001104   0x00000074   Code   RO          489    .text.osMessageQueuePut  RTX_CM0.lib(rtx_msgqueue.o)
    0x00001178   0x00001178   0x00000032   Code   RO           93    .text.osRtxErrorNotify  rtx_config.o
    0x000011aa   0x000011aa   0x00000008   Code   RO           91    .text.osRtxIdleThread  rtx_config.o
    0x000011b2   0x000011b2   0x00000008   Code   RO          130    .text.osRtxKernelErrorNotify  RTX_CM0.lib(rtx_kernel.o)
    0x000011ba   0x000011ba   0x00000002   Code   RO          128    .text.osRtxKernelPreInit  RTX_CM0.lib(rtx_kernel.o)
    0x000011bc   0x000011bc   0x00000078   Code   RO          417    .text.osRtxMemoryAlloc  RTX_CM0.lib(rtx_memory.o)
    0x00001234   0x00001234   0x0000004e   Code   RO          419    .text.osRtxMemoryFree  RTX_CM0.lib(rtx_memory.o)
    0x00001282   0x00001282   0x0000002e   Code   RO          415    .text.osRtxMemoryInit  RTX_CM0.lib(rtx_memory.o)
    0x000012b0   0x000012b0   0x0000002a   Code   RO          431    .text.osRtxMemoryPoolAlloc  RTX_CM0.lib(rtx_mempool.o)
    0x000012da   0x000012da   0x00000036   Code   RO          433    .text.osRtxMemoryPoolFree  RTX_CM0.lib(rtx_mempool.o)
    0x00001310   0x00001310   0x0000003c   Code   RO          429    .text.osRtxMemoryPoolInit  RTX_CM0.lib(rtx_mempool.o)
    0x0000134c   0x0000134c   0x000000bc   Code   RO          513    .text.osRtxMessageQueuePostProcess  RTX_CM0.lib(rtx_msgqueue.o)
    0x00001408   0x00001408   0x00000024   Code   RO          481    .text.osRtxMessageQueueTimerSetup  RTX_CM0.lib(rtx_msgqueue.o)
    0x0000142c   0x0000142c   0x00000044   Code   RO          379    .text.osRtxMutexOwnerRelease  RTX_CM0.lib(rtx_mutex.o)
    0x00001470   0x00001470   0x00000046   Code   RO          381    .text.osRtxMutexOwnerRestore  RTX_CM0.lib(rtx_mutex.o)
    0x000014b6   0x000014b6   0x00000002   PAD
    0x000014b8   0x000014b8   0x00000080   Code   RO          541    .text.osRtxPendSV_Handler  RTX_CM0.lib(rtx_system.o)
    0x00001538   0x00001538   0x0000006c   Code   RO          543    .text.osRtxPostProcess  RTX_CM0.lib(rtx_system.o)
    0x000015a4   0x000015a4   0x00000034   Code   RO          214    .text.osRtxThreadBlock  RTX_CM0.lib(rtx_thread.o)
    0x000015d8   0x000015d8   0x0000008c   Code   RO          222    .text.osRtxThreadDelayInsert  RTX_CM0.lib(rtx_thread.o)
    0x00001664   0x00001664   0x00000044   Code   RO          218    .text.osRtxThreadDelayRemove  RTX_CM0.lib(rtx_thread.o)
    0x000016a8   0x000016a8   0x00000054   Code   RO          206    .text.osRtxThreadDelayTick  RTX_CM0.lib(rtx_thread.o)
    0x000016fc   0x000016fc   0x00000028   Code   RO          306    .text.osRtxThreadDestroy  RTX_CM0.lib(rtx_thread.o)
    0x00001724   0x00001724   0x0000004c   Code   RO          212    .text.osRtxThreadDispatch  RTX_CM0.lib(rtx_thread.o)
    0x00001770   0x00001770   0x00000054   Code   RO          298    .text.osRtxThreadFree  RTX_CM0.lib(rtx_thread.o)
    0x000017c4   0x000017c4   0x00000020   Code   RO          304    .text.osRtxThreadJoinWakeup  RTX_CM0.lib(rtx_thread.o)
    0x000017e4   0x000017e4   0x00000014   Code   RO          198    .text.osRtxThreadListGet  RTX_CM0.lib(rtx_thread.o)
    0x000017f8   0x000017f8   0x0000002c   Code   RO          196    .text.osRtxThreadListPut  RTX_CM0.lib(rtx_thread.o)
    0x00001824   0x00001824   0x00000018   Code   RO          202    .text.osRtxThreadListRemove  RTX_CM0.lib(rtx_thread.o)
    0x0000183c   0x0000183c   0x00000024   Code   RO          200    .text.osRtxThreadListSort  RTX_CM0.lib(rtx_thread.o)
    0x00001860   0x00001860   0x00000026   Code   RO          272    .text.osRtxThreadPostProcess  RTX_CM0.lib(rtx_thread.o)
    0x00001886   0x00001886   0x00000002   PAD
    0x00001888   0x00001888   0x00000014   Code   RO          204    .text.osRtxThreadReadyPut  RTX_CM0.lib(rtx_thread.o)
    0x0000189c   0x0000189c   0x00000006   Code   RO          208    .text.osRtxThreadRegPtr  RTX_CM0.lib(rtx_thread.o)
    0x000018a2   0x000018a2   0x00000002   PAD
    0x000018a4   0x000018a4   0x00000040   Code   RO          224    .text.osRtxThreadStartup  RTX_CM0.lib(rtx_thread.o)
    0x000018e4   0x000018e4   0x00000010   Code   RO          210    .text.osRtxThreadSwitch  RTX_CM0.lib(rtx_thread.o)
    0x000018f4   0x000018f4   0x00000040   Code   RO          220    .text.osRtxThreadWaitEnter  RTX_CM0.lib(rtx_thread.o)
    0x00001934   0x00001934   0x00000022   Code   RO          216    .text.osRtxThreadWaitExit  RTX_CM0.lib(rtx_thread.o)
    0x00001956   0x00001956   0x00000002   PAD
    0x00001958   0x00001958   0x00000080   Code   RO          539    .text.osRtxTick_Handler  RTX_CM0.lib(rtx_system.o)
    0x000019d8   0x000019d8   0x00000024   Code   RO          330    .text.osRtxTimerSetup  RTX_CM0.lib(rtx_timer.o)
    0x000019fc   0x000019fc   0x0000001c   Code   RO          334    .text.osRtxTimerThread  RTX_CM0.lib(rtx_timer.o)
    0x00001a18   0x00001a18   0x00000074   Code   RO          332    .text.osRtxTimerTick  RTX_CM0.lib(rtx_timer.o)
    0x00001a8c   0x00001a8c   0x0000000c   Code   RO          256    .text.osThreadExit  RTX_CM0.lib(rtx_thread.o)
    0x00001a98   0x00001a98   0x00000024   Code   RO          228    .text.osThreadNew   RTX_CM0.lib(rtx_thread.o)
    0x00001abc   0x00001abc   0x00000064   Code   RO           18    .text.playHappyBirthday  main.o
    0x00001b20   0x00001b20   0x00000070   Code   RO           14    .text.playNote      main.o
    0x00001b90   0x00001b90   0x0000013c   Code   RO          170    .text.svcRtxKernelInitialize  RTX_CM0.lib(rtx_kernel.o)
    0x00001ccc   0x00001ccc   0x00000084   Code   RO          172    .text.svcRtxKernelStart  RTX_CM0.lib(rtx_kernel.o)
    0x00001d50   0x00001d50   0x000000cc   Code   RO          525    .text.svcRtxMessageQueueGet  RTX_CM0.lib(rtx_msgqueue.o)
    0x00001e1c   0x00001e1c   0x000001c0   Code   RO          483    .text.svcRtxMessageQueueNew  RTX_CM0.lib(rtx_msgqueue.o)
    0x00001fdc   0x00001fdc   0x000000b0   Code   RO          521    .text.svcRtxMessageQueuePut  RTX_CM0.lib(rtx_msgqueue.o)
    0x0000208c   0x0000208c   0x0000004c   Code   RO          302    .text.svcRtxThreadExit  RTX_CM0.lib(rtx_thread.o)
    0x000020d8   0x000020d8   0x000001fc   Code   RO          226    .text.svcRtxThreadNew  RTX_CM0.lib(rtx_thread.o)
    0x000022d4   0x000022d4   0x0000000e   Code   RO          631    i.__scatterload_copy  mc_p.l(handlers.o)
    0x000022e2   0x000022e2   0x00000002   Code   RO          632    i.__scatterload_null  mc_p.l(handlers.o)
    0x000022e4   0x000022e4   0x0000000e   Code   RO          633    i.__scatterload_zeroinit  mc_p.l(handlers.o)
    0x000022f2   0x000022f2   0x00000002   PAD
    0x000022f4   0x000022f4   0x000000a8   Data   RO           77    .rodata             rtx_lib.o
    0x0000239c   0x0000239c   0x00000074   Data   RO           61    .rodata..L__const.playHappyBirthday.durations  main.o
    0x00002410   0x00002410   0x00000074   Data   RO           60    .rodata..L__const.playHappyBirthday.notes  main.o
    0x00002484   0x00002484   0x00000004   Data   RO           79    .rodata.osRtxUserSVC  rtx_lib.o
    0x00002488   0x00002488   0x00000024   Data   RO           74    .rodata.os_idle_thread_attr  rtx_lib.o
    0x000024ac   0x000024ac   0x00000018   Data   RO           76    .rodata.os_timer_mq_attr  rtx_lib.o
    0x000024c4   0x000024c4   0x00000024   Data   RO           75    .rodata.os_timer_thread_attr  rtx_lib.o
    0x000024e8   0x000024e8   0x0000000b   Data   RO          186    .rodata.str1.4      RTX_CM0.lib(rtx_kernel.o)
    0x000024f3   0x000024f3   0x00000001   PAD
    0x000024f4   0x000024f4   0x00000020   Data   RO          630    Region$$Table       anon$$obj.o


    Execution Region ER_RW (Exec base: 0x1ffff000, Load base: 0x00002514, Size: 0x000000bc, Max: 0xffffffff, ABSOLUTE)

    Exec Addr    Load Addr    Size         Type   Attr      Idx    E Section Name        Object

    0x1ffff000   0x00002514   0x00000004   Data   RW           63    .data.Green_LED_index  main.o
    0x1ffff004   0x00002518   0x00000004   Data   RW           55    .data.LED_flag      main.o
    0x1ffff008   0x0000251c   0x00000001   Data   RW           56    .data.Motor_flag    main.o
    0x1ffff009   0x0000251d   0x00000003   PAD
    0x1ffff00c   0x00002520   0x00000004   Data   RW           62    .data.RED_LED_FLAG  main.o
    0x1ffff010   0x00002524   0x00000004   Data   RW          119    .data.SystemCoreClock  system_mkl25z4.o
    0x1ffff014   0x00002528   0x00000004   Data   RW           59    .data.called        main.o
    0x1ffff018   0x0000252c   0x000000a4   Data   RW          187    .data.os            RTX_CM0.lib(rtx_kernel.o)


    Execution Region ER_ZI (Exec base: 0x1ffff0c0, Load base: 0x000025d0, Size: 0x00001460, Max: 0xffffffff, ABSOLUTE)

    Exec Addr    Load Addr    Size         Type   Attr      Idx    E Section Name        Object

    0x1ffff0c0        -       0x00000001   Zero   RW           57    .bss.data           main.o
    0x1ffff0c1   0x000025d0   0x00000007   PAD
    0x1ffff0c8        -       0x00001040   Zero   RW           73    .bss.os             rtx_lib.o
    0x20000108        -       0x00000001   Zero   RW          571    .bss.os             RTX_CM0.lib(os_systick.o)
    0x20000109   0x000025d0   0x00000003   PAD
    0x2000010c        -       0x00000034   Zero   RW           83    .bss.os.msgqueue.cb  rtx_lib.o
    0x20000140        -       0x00000050   Zero   RW           84    .bss.os.msgqueue.mem  rtx_lib.o
    0x20000190        -       0x00000088   Zero   RW           80    .bss.os.thread.cb   rtx_lib.o
    0x20000218        -       0x00000100   Zero   RW           81    .bss.os.thread.idle.stack  rtx_lib.o
    0x20000318        -       0x00000100   Zero   RW           82    .bss.os.thread.timer.stack  rtx_lib.o
    0x20000418        -       0x00000004   Zero   RW           64    .bss.test_flag      main.o
    0x2000041c        -       0x00000004   Zero   RW           58    .bss.tone           main.o
    0x20000420        -       0x00000100   Zero   RW          102    STACK               startup_mkl25z4.o


==============================================================================

Image component sizes


      Code (inc. data)   RO Data    RW Data    ZI Data      Debug   Object Name

      2188        360        232         17          9       7671   main.o
        58          6          0          0          0        772   rtx_config.o
         0          0        268          0       4940       5527   rtx_lib.o
        56         30        192          0        256        972   startup_mkl25z4.o
       576         52          0          4          0       2591   system_mkl25z4.o

    ----------------------------------------------------------------------
      2882        448        724         24       5212      17533   Object Totals
         0          0         32          0          0          0   (incl. Generated)
         4          0          0          3          7          0   (incl. Padding)

    ----------------------------------------------------------------------

      Code (inc. data)   RO Data    RW Data    ZI Data      Debug   Library Member Name

       164          8          0          0          0        658   irq_armv6m.o
       126         20          0          0          1       2812   os_systick.o
       534         32         11        164          0      15793   rtx_kernel.o
       244          0          0          0          0       2665   rtx_memory.o
       156          0          0          0          0      14433   rtx_mempool.o
      1474         40          0          0          0      18183   rtx_msgqueue.o
       138          0          0          0          0       9527   rtx_mutex.o
       364         18          0          0          0       4871   rtx_system.o
      1648         56          0          0          0      31596   rtx_thread.o
       256         16          0          0          0       9965   rtx_timer.o
         0          0          0          0          0          0   entry.o
         0          0          0          0          0          0   entry10a.o
         0          0          0          0          0          0   entry11a.o
         8          4          0          0          0          0   entry2.o
         4          0          0          0          0          0   entry5.o
         0          0          0          0          0          0   entry7b.o
         0          0          0          0          0          0   entry8b.o
         8          4          0          0          0          0   entry9a.o
        30          0          0          0          0          0   handlers.o
        80          6          0          0          0         72   idiv_div0.o
        36          8          0          0          0         68   init.o
         0          0          0          0          0          0   iusefp.o
        36          0          0          0          0         60   memcpya.o
        36          0          0          0          0        100   memseta.o
        62          0          0          0          0         72   uidiv_div0.o
        28          0          0          0          0         60   fcmpeq.o
       124          0          0          0          0         72   fdiv.o
       130          0          0          0          0        144   fepilogue.o
        50          0          0          0          0         60   ffixi.o
       122          0          0          0          0         72   fmul.o

    ----------------------------------------------------------------------
      5874        212         12        164          4     111283   Library Totals
        16          0          1          0          3          0   (incl. Padding)

    ----------------------------------------------------------------------

      Code (inc. data)   RO Data    RW Data    ZI Data      Debug   Library Name

      5104        190         11        164          1     110503   RTX_CM0.lib
       300         22          0          0          0        372   mc_p.l
       454          0          0          0          0        408   mf_p.l

    ----------------------------------------------------------------------
      5874        212         12        164          4     111283   Library Totals

    ----------------------------------------------------------------------

==============================================================================


      Code (inc. data)   RO Data    RW Data    ZI Data      Debug   

      8756        660        736        188       5216     128484   Grand Totals
      8756        660        736        188       5216     128484   ELF Image Totals
      8756        660        736        188          0          0   ROM Totals

==============================================================================

    Total RO  Size (Code + RO Data)                 9492 (   9.27kB)
    Total RW  Size (RW Data + ZI Data)              5404 (   5.28kB)
    Total ROM Size (Code + RO Data + RW Data)       9680 (   9.45kB)

==============================================================================

