Component: Arm Compiler for Embedded 6.19 Tool: armlink [5e73cb00]

==============================================================================

Section Cross References

    main.o(.text.Init_UART2) refers to uidiv_div0.o(.text) for __aeabi_uidiv
    main.o(.text.Init_UART2) refers to main.o(.text.__NVIC_ClearPendingIRQ) for __NVIC_ClearPendingIRQ
    main.o(.text.Init_UART2) refers to main.o(.text.__NVIC_EnableIRQ) for __NVIC_EnableIRQ
    main.o(.ARM.exidx.text.Init_UART2) refers to main.o(.text.Init_UART2) for [Anonymous Symbol]
    main.o(.ARM.exidx.text.__NVIC_ClearPendingIRQ) refers to main.o(.text.__NVIC_ClearPendingIRQ) for [Anonymous Symbol]
    main.o(.ARM.exidx.text.__NVIC_EnableIRQ) refers to main.o(.text.__NVIC_EnableIRQ) for [Anonymous Symbol]
    main.o(.ARM.exidx.text.Direction_convert) refers to main.o(.text.Direction_convert) for [Anonymous Symbol]
    main.o(.text.UART2_IRQHandler) refers to main.o(.text.__NVIC_ClearPendingIRQ) for __NVIC_ClearPendingIRQ
    main.o(.text.UART2_IRQHandler) refers to main.o(.text.Direction_convert) for Direction_convert
    main.o(.text.UART2_IRQHandler) refers to main.o(.bss.data) for data
    main.o(.text.UART2_IRQHandler) refers to main.o(.data.Motor_flag) for Motor_flag
    main.o(.text.UART2_IRQHandler) refers to main.o(.data.LED_flag) for LED_flag
    main.o(.ARM.exidx.text.UART2_IRQHandler) refers to main.o(.text.UART2_IRQHandler) for [Anonymous Symbol]
    main.o(.ARM.exidx.text.Init_PWM) refers to main.o(.text.Init_PWM) for [Anonymous Symbol]
    main.o(.text.playNoteI) refers to fcmpeq.o(.text) for __aeabi_fcmpeq
    main.o(.text.playNoteI) refers to fmul.o(.text) for __aeabi_fmul
    main.o(.text.playNoteI) refers to fdiv.o(.text) for __aeabi_fdiv
    main.o(.text.playNoteI) refers to ffixi.o(.text) for __aeabi_f2iz
    main.o(.text.playNoteI) refers to idiv_div0.o(.text) for __aeabi_idiv
    main.o(.text.playNoteI) refers to main.o(.data.called) for called
    main.o(.text.playNoteI) refers to main.o(.bss.tone) for [Anonymous Symbol]
    main.o(.ARM.exidx.text.playNoteI) refers to main.o(.text.playNoteI) for [Anonymous Symbol]
    main.o(.text.playHappyBirthday) refers to fmul.o(.text) for __aeabi_fmul
    main.o(.text.playHappyBirthday) refers to fdiv.o(.text) for __aeabi_fdiv
    main.o(.text.playHappyBirthday) refers to ffixi.o(.text) for __aeabi_f2iz
    main.o(.text.playHappyBirthday) refers to rtx_delay.o(.text.osDelay) for osDelay
    main.o(.text.playHappyBirthday) refers to main.o(.data.notes) for [Anonymous Symbol]
    main.o(.text.playHappyBirthday) refers to main.o(.data.durations) for [Anonymous Symbol]
    main.o(.ARM.exidx.text.playHappyBirthday) refers to main.o(.text.playHappyBirthday) for [Anonymous Symbol]
    main.o(.ARM.exidx.text.playEndSong) refers to main.o(.text.playEndSong) for [Anonymous Symbol]
    main.o(.text.PWM01_forward) refers to idiv_div0.o(.text) for __aeabi_idiv
    main.o(.ARM.exidx.text.PWM01_forward) refers to main.o(.text.PWM01_forward) for [Anonymous Symbol]
    main.o(.text.PWM01_back) refers to idiv_div0.o(.text) for __aeabi_idiv
    main.o(.ARM.exidx.text.PWM01_back) refers to main.o(.text.PWM01_back) for [Anonymous Symbol]
    main.o(.ARM.exidx.text.PWM01_rest) refers to main.o(.text.PWM01_rest) for [Anonymous Symbol]
    main.o(.text.PWM23_forward) refers to idiv_div0.o(.text) for __aeabi_idiv
    main.o(.ARM.exidx.text.PWM23_forward) refers to main.o(.text.PWM23_forward) for [Anonymous Symbol]
    main.o(.text.PWM23_back) refers to idiv_div0.o(.text) for __aeabi_idiv
    main.o(.ARM.exidx.text.PWM23_back) refers to main.o(.text.PWM23_back) for [Anonymous Symbol]
    main.o(.ARM.exidx.text.PWM23_rest) refers to main.o(.text.PWM23_rest) for [Anonymous Symbol]
    main.o(.text.Motor_Control) refers to main.o(.text.PWM01_forward) for PWM01_forward
    main.o(.text.Motor_Control) refers to main.o(.text.PWM23_forward) for PWM23_forward
    main.o(.text.Motor_Control) refers to main.o(.text.PWM01_back) for PWM01_back
    main.o(.text.Motor_Control) refers to main.o(.text.PWM23_back) for PWM23_back
    main.o(.text.Motor_Control) refers to main.o(.text.PWM01_rest) for PWM01_rest
    main.o(.text.Motor_Control) refers to main.o(.text.PWM23_rest) for PWM23_rest
    main.o(.ARM.exidx.text.Motor_Control) refers to main.o(.text.Motor_Control) for [Anonymous Symbol]
    main.o(.text.Init_PIT) refers to main.o(.text.__NVIC_ClearPendingIRQ) for __NVIC_ClearPendingIRQ
    main.o(.text.Init_PIT) refers to main.o(.text.__NVIC_EnableIRQ) for __NVIC_EnableIRQ
    main.o(.ARM.exidx.text.Init_PIT) refers to main.o(.text.Init_PIT) for [Anonymous Symbol]
    main.o(.text.PIT_IRQHandler) refers to main.o(.text.__NVIC_ClearPendingIRQ) for __NVIC_ClearPendingIRQ
    main.o(.text.PIT_IRQHandler) refers to main.o(.data.RED_LED_FLAG) for RED_LED_FLAG
    main.o(.text.PIT_IRQHandler) refers to main.o(.data.LED_flag) for LED_flag
[...]
    Removing rtx_thread.o(.text.svcRtxThreadFlagsClear), (52 bytes).
    Removing rtx_thread.o(.ARM.exidx.text.svcRtxThreadFlagsClear), (8 bytes).
    Removing rtx_thread.o(.text.svcRtxThreadFlagsGet), (20 bytes).
    Removing rtx_thread.o(.ARM.exidx.text.svcRtxThreadFlagsGet), (8 bytes).
    Removing rtx_thread.o(.text.svcRtxThreadFlagsWait), (80 bytes).
    Removing rtx_thread.o(.ARM.exidx.text.svcRtxThreadFlagsWait), (8 bytes).
    Removing rtx_delay.o(.text), (0 bytes).
    Removing rtx_delay.o(.ARM.exidx.text.osDelay), (8 bytes).
    Removing rtx_delay.o(.text.osDelayUntil), (40 bytes).
    Removing rtx_delay.o(.ARM.exidx.text.osDelayUntil), (8 bytes).
    Removing rtx_delay.o(.ARM.exidx.text.svcRtxDelay), (8 bytes).
    Removing rtx_delay.o(.text.svcRtxDelayUntil), (32 bytes).
    Removing rtx_delay.o(.ARM.exidx.text.svcRtxDelayUntil), (8 bytes).
    Removing rtx_timer.o(.text), (0 bytes).
    Removing rtx_timer.o(.ARM.exidx.text.osRtxTimerSetup), (8 bytes).
    Removing rtx_timer.o(.ARM.exidx.text.osRtxTimerTick), (8 bytes).
    Removing rtx_timer.o(.ARM.exidx.text.osRtxTimerThread), (8 bytes).
    Removing rtx_timer.o(.text.osTimerNew), (36 bytes).
    Removing rtx_timer.o(.ARM.exidx.text.osTimerNew), (8 bytes).
    Removing rtx_timer.o(.text.osTimerGetName), (36 bytes).
    Removing rtx_timer.o(.ARM.exidx.text.osTimerGetName), (8 bytes).
    Removing rtx_timer.o(.text.osTimerStart), (40 bytes).
    Removing rtx_timer.o(.ARM.exidx.text.osTimerStart), (8 bytes).
    Removing rtx_timer.o(.text.osTimerStop), (40 bytes).
    Removing rtx_timer.o(.ARM.exidx.text.osTimerStop), (8 bytes).
    Removing rtx_timer.o(.text.osTimerIsRunning), (36 bytes).
    Removing rtx_timer.o(.ARM.exidx.text.osTimerIsRunning), (8 bytes).
    Removing rtx_timer.o(.text.osTimerDelete), (40 bytes).
    Removing rtx_timer.o(.ARM.exidx.text.osTimerDelete), (8 bytes).
    Removing rtx_timer.o(.ARM.exidx.text.TimerInsert), (8 bytes).
    Removing rtx_timer.o(.text.svcRtxTimerNew), (132 bytes).
    Removing rtx_timer.o(.ARM.exidx.text.svcRtxTimerNew), (8 bytes).
    Removing rtx_timer.o(.text.svcRtxTimerGetName), (18 bytes).
    Removing rtx_timer.o(.ARM.exidx.text.svcRtxTimerGetName), (8 bytes).
    Removing rtx_timer.o(.text.svcRtxTimerStart), (76 bytes).
    Removing rtx_timer.o(.ARM.exidx.text.svcRtxTimerStart), (8 bytes).
    Removing rtx_timer.o(.text.TimerRemove), (40 bytes).
    Removing rtx_timer.o(.ARM.exidx.text.TimerRemove), (8 bytes).
    Removing rtx_timer.o(.text.svcRtxTimerStop), (42 bytes).
    Removing rtx_timer.o(.ARM.exidx.text.svcRtxTimerStop), (8 bytes).
    Removing rtx_timer.o(.text.svcRtxTimerIsRunning), (24 bytes).
    Removing rtx_timer.o(.ARM.exidx.text.svcRtxTimerIsRunning), (8 bytes).
    Removing rtx_timer.o(.text.svcRtxTimerDelete), (76 bytes).
    Removing rtx_timer.o(.ARM.exidx.text.svcRtxTimerDelete), (8 bytes).
    Removing irq_armv6m.o(.rodata), (1 bytes).
    Removing irq_armv6m.o(.ARM.exidx), (24 bytes).
    Removing rtx_mutex.o(.text), (0 bytes).
    Removing rtx_mutex.o(.ARM.exidx.text.osRtxMutexOwnerRelease), (8 bytes).
    Removing rtx_mutex.o(.ARM.exidx.text.osRtxMutexOwnerRestore), (8 bytes).
    Removing rtx_mutex.o(.text.osMutexNew), (36 bytes).
    Removing rtx_mutex.o(.ARM.exidx.text.osMutexNew), (8 bytes).
    Removing rtx_mutex.o(.text.osMutexGetName), (36 bytes).
    Removing rtx_mutex.o(.ARM.exidx.text.osMutexGetName), (8 bytes).
    Removing rtx_mutex.o(.text.osMutexAcquire), (40 bytes).
    Removing rtx_mutex.o(.ARM.exidx.text.osMutexAcquire), (8 bytes).
    Removing rtx_mutex.o(.text.osMutexRelease), (40 bytes).
    Removing rtx_mutex.o(.ARM.exidx.text.osMutexRelease), (8 bytes).
    Removing rtx_mutex.o(.text.osMutexGetOwner), (36 bytes).
    Removing rtx_mutex.o(.ARM.exidx.text.osMutexGetOwner), (8 bytes).
    Removing rtx_mutex.o(.text.osMutexDelete), (40 bytes).
    Removing rtx_mutex.o(.ARM.exidx.text.osMutexDelete), (8 bytes).
    Removing rtx_mutex.o(.text.svcRtxMutexNew), (112 bytes).
    Removing rtx_mutex.o(.ARM.exidx.text.svcRtxMutexNew), (8 bytes).
    Removing rtx_mutex.o(.text.svcRtxMutexGetName), (18 bytes).
    Removing rtx_mutex.o(.ARM.exidx.text.svcRtxMutexGetName), (8 bytes).
    Removing rtx_mutex.o(.text.svcRtxMutexAcquire), (152 bytes).
    Removing rtx_mutex.o(.ARM.exidx.text.svcRtxMutexAcquire), (8 bytes).
    Removing rtx_mutex.o(.text.svcRtxMutexRelease), (188 bytes).
    Removing rtx_mutex.o(.ARM.exidx.text.svcRtxMutexRelease), (8 bytes).
    Removing rtx_mutex.o(.text.svcRtxMutexGetOwner), (24 bytes).
    Removing rtx_mutex.o(.ARM.exidx.text.svcRtxMutexGetOwner), (8 bytes).
    Removing rtx_mutex.o(.text.svcRtxMutexDelete), (180 bytes).
    Removing rtx_mutex.o(.ARM.exidx.text.svcRtxMutexDelete), (8 bytes).
    Removing rtx_memory.o(.text), (0 bytes).
    Removing rtx_memory.o(.ARM.exidx.text.osRtxMemoryInit), (8 bytes).
    Removing rtx_memory.o(.ARM.exidx.text.osRtxMemoryAlloc), (8 bytes).
    Removing rtx_memory.o(.ARM.exidx.text.osRtxMemoryFree), (8 bytes).
    Removing rtx_mempool.o(.text), (0 bytes).
    Removing rtx_mempool.o(.ARM.exidx.text.osRtxMemoryPoolInit), (8 bytes).
    Removing rtx_mempool.o(.ARM.exidx.text.osRtxMemoryPoolAlloc), (8 bytes).
    Removing rtx_mempool.o(.ARM.exidx.text.osRtxMemoryPoolFree), (8 bytes).
    Removing rtx_mempool.o(.text.osMemoryPoolNew), (36 bytes).
    Removing rtx_mempool.o(.ARM.exidx.text.osMemoryPoolNew), (8 bytes).
    Removing rtx_mempool.o(.text.osMemoryPoolGetName), (36 bytes).
    Removing rtx_mempool.o(.ARM.exidx.text.osMemoryPoolGetName), (8 bytes).
    Removing rtx_mempool.o(.text.osMemoryPoolAlloc), (56 bytes).
    Removing rtx_mempool.o(.ARM.exidx.text.osMemoryPoolAlloc), (8 bytes).
    Removing rtx_mempool.o(.text.osMemoryPoolFree), (72 bytes).
    Removing rtx_mempool.o(.ARM.exidx.text.osMemoryPoolFree), (8 bytes).
    Removing rtx_mempool.o(.text.osMemoryPoolGetCapacity), (48 bytes).
    Removing rtx_mempool.o(.ARM.exidx.text.osMemoryPoolGetCapacity), (8 bytes).
    Removing rtx_mempool.o(.text.svcRtxMemoryPoolGetCapacity), (18 bytes).
    Removing rtx_mempool.o(.ARM.exidx.text.svcRtxMemoryPoolGetCapacity), (8 bytes).
    Removing rtx_mempool.o(.text.osMemoryPoolGetBlockSize), (48 bytes).
    Removing rtx_mempool.o(.ARM.exidx.text.osMemoryPoolGetBlockSize), (8 bytes).
    Removing rtx_mempool.o(.text.svcRtxMemoryPoolGetBlockSize), (18 bytes).
    Removing rtx_mempool.o(.ARM.exidx.text.svcRtxMemoryPoolGetBlockSize), (8 bytes).
    Removing rtx_mempool.o(.text.osMemoryPoolGetCount), (48 bytes).
    Removing rtx_mempool.o(.ARM.exidx.text.osMemoryPoolGetCount), (8 bytes).
    Removing rtx_mempool.o(.text.svcRtxMemoryPoolGetCount), (18 bytes).
    Removing rtx_mempool.o(.ARM.exidx.text.svcRtxMemoryPoolGetCount), (8 bytes).
    Removing rtx_mempool.o(.text.osMemoryPoolGetSpace), (36 bytes).
    Removing rtx_mempool.o(.ARM.exidx.text.osMemoryPoolGetSpace), (8 bytes).
    Removing rtx_mempool.o(.text.svcRtxMemoryPoolGetSpace), (22 bytes).
    Removing rtx_mempool.o(.ARM.exidx.text.svcRtxMemoryPoolGetSpace), (8 bytes).
    Removing rtx_mempool.o(.text.osMemoryPoolDelete), (40 bytes).
    Removing rtx_mempool.o(.ARM.exidx.text.osMemoryPoolDelete), (8 bytes).
    Removing rtx_mempool.o(.text.svcRtxMemoryPoolNew), (432 bytes).
    Removing rtx_mempool.o(.ARM.exidx.text.svcRtxMemoryPoolNew), (8 bytes).
    Removing rtx_mempool.o(.text.osRtxMemoryPoolPostProcess), (40 bytes).
    Removing rtx_mempool.o(.ARM.exidx.text.osRtxMemoryPoolPostProcess), (8 bytes).
    Removing rtx_mempool.o(.text.svcRtxMemoryPoolGetName), (18 bytes).
    Removing rtx_mempool.o(.ARM.exidx.text.svcRtxMemoryPoolGetName), (8 bytes).
    Removing rtx_mempool.o(.text.svcRtxMemoryPoolAlloc), (64 bytes).
    Removing rtx_mempool.o(.ARM.exidx.text.svcRtxMemoryPoolAlloc), (8 bytes).
    Removing rtx_mempool.o(.text.svcRtxMemoryPoolFree), (72 bytes).
    Removing rtx_mempool.o(.ARM.exidx.text.svcRtxMemoryPoolFree), (8 bytes).
    Removing rtx_mempool.o(.text.svcRtxMemoryPoolDelete), (112 bytes).
    Removing rtx_mempool.o(.ARM.exidx.text.svcRtxMemoryPoolDelete), (8 bytes).
    Removing rtx_msgqueue.o(.text), (0 bytes).
    Removing rtx_msgqueue.o(.ARM.exidx.text.osRtxMessageQueueTimerSetup), (8 bytes).
    Removing rtx_msgqueue.o(.ARM.exidx.text.svcRtxMessageQueueNew), (8 bytes).
    Removing rtx_msgqueue.o(.text.osMessageQueueNew), (36 bytes).
    Removing rtx_msgqueue.o(.ARM.exidx.text.osMessageQueueNew), (8 bytes).
    Removing rtx_msgqueue.o(.text.osMessageQueueGetName), (36 bytes).
    Removing rtx_msgqueue.o(.ARM.exidx.text.osMessageQueueGetName), (8 bytes).
    Removing rtx_msgqueue.o(.ARM.exidx.text.osMessageQueuePut), (8 bytes).
    Removing rtx_msgqueue.o(.ARM.exidx.text.osMessageQueueGet), (8 bytes).
    Removing rtx_msgqueue.o(.text.osMessageQueueGetCapacity), (48 bytes).
    Removing rtx_msgqueue.o(.ARM.exidx.text.osMessageQueueGetCapacity), (8 bytes).
    Removing rtx_msgqueue.o(.text.svcRtxMessageQueueGetCapacity), (18 bytes).
    Removing rtx_msgqueue.o(.ARM.exidx.text.svcRtxMessageQueueGetCapacity), (8 bytes).
    Removing rtx_msgqueue.o(.text.osMessageQueueGetMsgSize), (48 bytes).
    Removing rtx_msgqueue.o(.ARM.exidx.text.osMessageQueueGetMsgSize), (8 bytes).
    Removing rtx_msgqueue.o(.text.svcRtxMessageQueueGetMsgSize), (18 bytes).
    Removing rtx_msgqueue.o(.ARM.exidx.text.svcRtxMessageQueueGetMsgSize), (8 bytes).
    Removing rtx_msgqueue.o(.text.osMessageQueueGetCount), (48 bytes).
    Removing rtx_msgqueue.o(.ARM.exidx.text.osMessageQueueGetCount), (8 bytes).
    Removing rtx_msgqueue.o(.text.svcRtxMessageQueueGetCount), (18 bytes).
    Removing rtx_msgqueue.o(.ARM.exidx.text.svcRtxMessageQueueGetCount), (8 bytes).
    Removing rtx_msgqueue.o(.text.osMessageQueueGetSpace), (36 bytes).
    Removing rtx_msgqueue.o(.ARM.exidx.text.osMessageQueueGetSpace), (8 bytes).
    Removing rtx_msgqueue.o(.text.svcRtxMessageQueueGetSpace), (22 bytes).
    Removing rtx_msgqueue.o(.ARM.exidx.text.svcRtxMessageQueueGetSpace), (8 bytes).
    Removing rtx_msgqueue.o(.text.osMessageQueueReset), (40 bytes).
    Removing rtx_msgqueue.o(.ARM.exidx.text.osMessageQueueReset), (8 bytes).
    Removing rtx_msgqueue.o(.text.osMessageQueueDelete), (40 bytes).
    Removing rtx_msgqueue.o(.ARM.exidx.text.osMessageQueueDelete), (8 bytes).
    Removing rtx_msgqueue.o(.ARM.exidx.text.osRtxMessageQueuePostProcess), (8 bytes).
    Removing rtx_msgqueue.o(.ARM.exidx.text.MessageQueueRemove), (8 bytes).
    Removing rtx_msgqueue.o(.ARM.exidx.text.MessageQueuePut), (8 bytes).
    Removing rtx_msgqueue.o(.text.svcRtxMessageQueueGetName), (18 bytes).
    Removing rtx_msgqueue.o(.ARM.exidx.text.svcRtxMessageQueueGetName), (8 bytes).
    Removing rtx_msgqueue.o(.ARM.exidx.text.svcRtxMessageQueuePut), (8 bytes).
    Removing rtx_msgqueue.o(.ARM.exidx.text.MessageQueueGet), (8 bytes).
    Removing rtx_msgqueue.o(.ARM.exidx.text.svcRtxMessageQueueGet), (8 bytes).
    Removing rtx_msgqueue.o(.text.svcRtxMessageQueueReset), (160 bytes).
    Removing rtx_msgqueue.o(.ARM.exidx.text.svcRtxMessageQueueReset), (8 bytes).
    Removing rtx_msgqueue.o(.text.svcRtxMessageQueueDelete), (112 bytes).
    Removing rtx_msgqueue.o(.ARM.exidx.text.svcRtxMessageQueueDelete), (8 bytes).
    Removing rtx_system.o(.text), (0 bytes).
    Removing rtx_system.o(.ARM.exidx.text.osRtxTick_Handler), (8 bytes).
    Removing rtx_system.o(.ARM.exidx.text.osRtxPendSV_Handler), (8 bytes).
    Removing rtx_system.o(.ARM.exidx.text.osRtxPostProcess), (8 bytes).
    Removing os_systick.o(.text), (0 bytes).
    Removing os_systick.o(.ARM.exidx.text.OS_Tick_Setup), (8 bytes).
    Removing os_systick.o(.ARM.exidx.text.OS_Tick_Enable), (8 bytes).
    Removing os_systick.o(.text.OS_Tick_Disable), (40 bytes).
    Removing os_systick.o(.ARM.exidx.text.OS_Tick_Disable), (8 bytes).
    Removing os_systick.o(.ARM.exidx.text.OS_Tick_AcknowledgeIRQ), (8 bytes).
    Removing os_systick.o(.ARM.exidx.text.OS_Tick_GetIRQn), (8 bytes).
    Removing os_systick.o(.text.OS_Tick_GetClock), (12 bytes).
    Removing os_systick.o(.ARM.exidx.text.OS_Tick_GetClock), (8 bytes).
    Removing os_systick.o(.text.OS_Tick_GetInterval), (12 bytes).
    Removing os_systick.o(.ARM.exidx.text.OS_Tick_GetInterval), (8 bytes).
    Removing os_systick.o(.text.OS_Tick_GetCount), (16 bytes).
    Removing os_systick.o(.ARM.exidx.text.OS_Tick_GetCount), (8 bytes).
    Removing os_systick.o(.text.OS_Tick_GetOverflow), (16 bytes).
    Removing os_systick.o(.ARM.exidx.text.OS_Tick_GetOverflow), (8 bytes).
    Removing fcmpeq.o(.text), (28 bytes).

373 unused section(s) (total 8587 bytes) removed from the image.

==============================================================================

Image Symbol Table

    Local Symbols

    Symbol Name                              Value     Ov Type        Size  Object(Section)

    ../clib/../cmprslib/zerorunl2.c          0x00000000   Number         0  __dczerorl2.o ABSOLUTE
    ../clib/division.s                       0x00000000   Number         0  aeabi_sdiv.o ABSOLUTE
    ../clib/division.s                       0x00000000   Number         0  aeabi_sdiv_div0.o ABSOLUTE
    ../clib/microlib/division.c              0x00000000   Number         0  uidiv.o ABSOLUTE
    ../clib/microlib/division.c              0x00000000   Number         0  idiv.o ABSOLUTE
    ../clib/microlib/division.c              0x00000000   Number         0  uidiv_div0.o ABSOLUTE
    ../clib/microlib/division.c              0x00000000   Number         0  idiv_div0.o ABSOLUTE
    ../clib/microlib/division.c              0x00000000   Number         0  idiv0.o ABSOLUTE
    ../clib/microlib/init/entry.s            0x00000000   Number         0  entry.o ABSOLUTE
    ../clib/microlib/init/entry.s            0x00000000   Number         0  entry2.o ABSOLUTE
    ../clib/microlib/init/entry.s            0x00000000   Number         0  entry5.o ABSOLUTE
    ../clib/microlib/init/entry.s            0x00000000   Number         0  entry7a.o ABSOLUTE
    ../clib/microlib/init/entry.s            0x00000000   Number         0  entry7b.o ABSOLUTE
    ../clib/microlib/init/entry.s            0x00000000   Number         0  entry8a.o ABSOLUTE
    ../clib/microlib/init/entry.s            0x00000000   Number         0  entry8b.o ABSOLUTE
    ../clib/microlib/init/entry.s            0x00000000   Number         0  entry9a.o ABSOLUTE
    ../clib/microlib/init/entry.s            0x00000000   Number         0  entry9b.o ABSOLUTE
    ../clib/microlib/init/entry.s            0x00000000   Number         0  entry10a.o ABSOLUTE
    ../clib/microlib/init/entry.s            0x00000000   Number         0  entry10b.o ABSOLUTE
    ../clib/microlib/init/entry.s            0x00000000   Number         0  entry11a.o ABSOLUTE
    ../clib/microlib/init/entry.s            0x00000000   Number         0  entry11b.o ABSOLUTE
    ../clib/microlib/string/memcpy.c         0x00000000   Number         0  memcpya.o ABSOLUTE
    ../clib/microlib/string/memcpy.c         0x00000000   Number         0  memcpyb.o ABSOLUTE
    ../clib/microlib/string/memset.c         0x00000000   Number         0  memseta.o ABSOLUTE
    ../clib/microlib/stubs.s                 0x00000000   Number         0  iusefp.o ABSOLUTE
    ../fplib/microlib/fpcmp.c                0x00000000   Number         0  fcmpeq.o ABSOLUTE
    ../fplib/microlib/fpdiv.c                0x00000000   Number         0  fdiv.o ABSOLUTE
    ../fplib/microlib/fpepilogue.c           0x00000000   Number         0  fepilogue.o ABSOLUTE
    ../fplib/microlib/fpfix.c                0x00000000   Number         0  ffixi.o ABSOLUTE
    ../fplib/microlib/fpmul.c                0x00000000   Number         0  fmul.o ABSOLUTE
    RTE/Device/MKL25Z128xxx4/startup_MKL25Z4.s 0x00000000   Number         0  startup_mkl25z4.o ABSOLUTE
    RTX_Config.c                             0x00000000   Number         0  rtx_config.o ABSOLUTE
    dc.s                                     0x00000000   Number         0  dc.o ABSOLUTE
    handlers.s                               0x00000000   Number         0  handlers.o ABSOLUTE
    init.s                                   0x00000000   Number         0  init.o ABSOLUTE
    main.c                                   0x00000000   Number         0  main.o ABSOLUTE
    os_systick.c                             0x00000000   Number         0  os_systick.o ABSOLUTE
    rtx_delay.c                              0x00000000   Number         0  rtx_delay.o ABSOLUTE
    rtx_kernel.c                             0x00000000   Number         0  rtx_kernel.o ABSOLUTE
    rtx_lib.c                                0x00000000   Number         0  rtx_lib.o ABSOLUTE
    rtx_memory.c                             0x00000000   Number         0  rtx_memory.o ABSOLUTE
    rtx_mempool.c                            0x00000000   Number         0  rtx_mempool.o ABSOLUTE
    rtx_msgqueue.c                           0x00000000   Number         0  rtx_msgqueue.o ABSOLUTE
    rtx_mutex.c                              0x00000000   Number         0  rtx_mutex.o ABSOLUTE
    rtx_system.c                             0x00000000   Number         0  rtx_system.o ABSOLUTE
    rtx_thread.c                             0x00000000   Number         0  rtx_thread.o ABSOLUTE
    rtx_timer.c                              0x00000000   Number         0  rtx_timer.o ABSOLUTE
    system_MKL25Z4.c                         0x00000000   Number         0  system_mkl25z4.o ABSOLUTE
    RESET                                    0x00000000   Section      192  startup_mkl25z4.o(RESET)
    osRtxErrorStackOverflow                  0x00000001   Number         0  irq_armv6m.o ABSOLUTE
    I_T_RUN_OFS                              0x00000014   Number         0  irq_armv6m.o ABSOLUTE
    TCB_SP_OFS                               0x00000038   Number         0  irq_armv6m.o ABSOLUTE
    .ARM.Collect$$$$00000000                 0x000000c0   Section        0  entry.o(.ARM.Collect$$$$00000000)
    .ARM.Collect$$$$00000001                 0x000000c0   Section        4  entry2.o(.ARM.Collect$$$$00000001)
    .ARM.Collect$$$$00000004                 0x000000c4   Section        4  entry5.o(.ARM.Collect$$$$00000004)
    .ARM.Collect$$$$00000008                 0x000000c8   Section        0  entry7b.o(.ARM.Collect$$$$00000008)
    .ARM.Collect$$$$0000000A                 0x000000c8   Section        0  entry8b.o(.ARM.Collect$$$$0000000A)
    .ARM.Collect$$$$0000000B                 0x000000c8   Section        8  entry9a.o(.ARM.Collect$$$$0000000B)
    __lit__00000000                          0x000000d0   Data           4  entry2.o(.ARM.Collect$$$$00002712)
    .ARM.Collect$$$$0000000D                 0x000000d0   Section        0  entry10a.o(.ARM.Collect$$$$0000000D)
    .ARM.Collect$$$$0000000F                 0x000000d0   Section        0  entry11a.o(.ARM.Collect$$$$0000000F)
    .ARM.Collect$$$$00002712                 0x000000d0   Section        4  entry2.o(.ARM.Collect$$$$00002712)
    .text                                    0x000000d4   Section       40  startup_mkl25z4.o(.text)
    [Anonymous Symbol]                       0x000000fc   Section        0  irq_armv6m.o(.text)
    SVC_Number                               0x00000106   Number         0  irq_armv6m.o(.text)
    SVC_Context                              0x0000011c   Number         0  irq_armv6m.o(.text)
    SVC_ContextSave                          0x0000012c   Number         0  irq_armv6m.o(.text)
    SVC_ContextRestore                       0x00000140   Number         0  irq_armv6m.o(.text)
    SVC_MSP                                  0x0000015c   Number         0  irq_armv6m.o(.text)
    SVC_Exit                                 0x00000162   Number         0  irq_armv6m.o(.text)
    SVC_User                                 0x00000164   Number         0  irq_armv6m.o(.text)
    .text                                    0x000001a0   Section        0  memcpya.o(.text)
    .text                                    0x000001c4   Section        0  memseta.o(.text)
    .text                                    0x000001e8   Section        0  fmul.o(.text)
    .text                                    0x00000262   Section        0  fdiv.o(.text)
    .text                                    0x000002de   Section        0  ffixi.o(.text)
    .text                                    0x00000310   Section        0  uidiv_div0.o(.text)
    .text                                    0x00000350   Section        0  idiv_div0.o(.text)
    .text                                    0x000003a0   Section        0  iusefp.o(.text)
    .text                                    0x000003a0   Section       36  init.o(.text)
    [Anonymous Symbol]                       0x000003c4   Section        0  main.o(.text.Buzzer_thread)
    [Anonymous Symbol]                       0x000003ce   Section        0  main.o(.text.Green_LED_thread)
    MessageQueueRemove                       0x000003d9   Thumb Code    30  rtx_msgqueue.o(.text.MessageQueueRemove)
    [Anonymous Symbol]                       0x000003d8   Section        0  rtx_msgqueue.o(.text.MessageQueueRemove)
    [Anonymous Symbol]                       0x000003f6   Section        0  os_systick.o(.text.OS_Tick_GetIRQn)
    [Anonymous Symbol]                       0x000003fc   Section        0  rtx_kernel.o(.text.osRtxKernelPreInit)
    i.__scatterload_null                     0x000003fe   Section        2  handlers.o(i.__scatterload_null)
    .ARM.__at_0x400                          0x00000400   Section       16  startup_mkl25z4.o(.ARM.__at_0x400)
    .text                                    0x00000410   Section        0  fepilogue.o(.text)
    .text                                    0x00000492   Section        0  __dczerorl2.o(.text)
    [Anonymous Symbol]                       0x000004e8   Section        0  main.o(.text.Direction_convert)
    [Anonymous Symbol]                       0x00000548   Section        0  main.o(.text.Green_LED_Control)
    __arm_cp.19_0                            0x0000057c   Number         4  main.o(.text.Green_LED_Control)
    __arm_cp.19_1                            0x00000580   Number         4  main.o(.text.Green_LED_Control)
    __arm_cp.19_2                            0x00000584   Number         4  main.o(.text.Green_LED_Control)
    __arm_cp.19_3                            0x00000588   Number         4  main.o(.text.Green_LED_Control)
    __arm_cp.19_4                            0x0000058c   Number         4  main.o(.text.Green_LED_Control)
    [Anonymous Symbol]                       0x00000590   Section        0  main.o(.text.Init_PIT)
    __arm_cp.16_2                            0x00000684   Number         4  main.o(.text.Init_PIT)
    __arm_cp.16_4                            0x00000688   Number         4  main.o(.text.Init_PIT)
    __arm_cp.16_5                            0x0000068c   Number         4  main.o(.text.Init_PIT)
    __arm_cp.16_6                            0x00000690   Number         4  main.o(.text.Init_PIT)
    __arm_cp.16_7                            0x00000694   Number         4  main.o(.text.Init_PIT)
    __arm_cp.16_8                            0x00000698   Number         4  main.o(.text.Init_PIT)
    __arm_cp.16_9                            0x0000069c   Number         4  main.o(.text.Init_PIT)
    __arm_cp.16_10                           0x000006a0   Number         4  main.o(.text.Init_PIT)
    __arm_cp.16_11                           0x000006a4   Number         4  main.o(.text.Init_PIT)
    __arm_cp.16_12                           0x000006a8   Number         4  main.o(.text.Init_PIT)
    __arm_cp.16_13                           0x000006ac   Number         4  main.o(.text.Init_PIT)
    __arm_cp.16_14                           0x000006b0   Number         4  main.o(.text.Init_PIT)
    __arm_cp.16_15                           0x000006b4   Number         4  main.o(.text.Init_PIT)
    __arm_cp.16_16                           0x000006b8   Number         4  main.o(.text.Init_PIT)
    __arm_cp.16_17                           0x000006bc   Number         4  main.o(.text.Init_PIT)
    __arm_cp.16_18                           0x000006c0   Number         4  main.o(.text.Init_PIT)
    __arm_cp.16_19                           0x000006c4   Number         4  main.o(.text.Init_PIT)
    [Anonymous Symbol]                       0x000006c8   Section        0  main.o(.text.Init_PWM)
    __arm_cp.5_1                             0x0000081c   Number         4  main.o(.text.Init_PWM)
    __arm_cp.5_2                             0x00000820   Number         4  main.o(.text.Init_PWM)
    __arm_cp.5_3                             0x00000824   Number         4  main.o(.text.Init_PWM)
    __arm_cp.5_4                             0x00000828   Number         4  main.o(.text.Init_PWM)
    __arm_cp.5_5                             0x0000082c   Number         4  main.o(.text.Init_PWM)
    __arm_cp.5_6                             0x00000830   Number         4  main.o(.text.Init_PWM)
    __arm_cp.5_7                             0x00000834   Number         4  main.o(.text.Init_PWM)
    __arm_cp.5_8                             0x00000838   Number         4  main.o(.text.Init_PWM)
    __arm_cp.5_9                             0x0000083c   Number         4  main.o(.text.Init_PWM)
    __arm_cp.5_10                            0x00000840   Number         4  main.o(.text.Init_PWM)
    __arm_cp.5_11                            0x00000844   Number         4  main.o(.text.Init_PWM)
    __arm_cp.5_12                            0x00000848   Number         4  main.o(.text.Init_PWM)
    __arm_cp.5_13                            0x0000084c   Number         4  main.o(.text.Init_PWM)
    __arm_cp.5_14                            0x00000850   Number         4  main.o(.text.Init_PWM)
    __arm_cp.5_15                            0x00000854   Number         4  main.o(.text.Init_PWM)
    __arm_cp.5_16                            0x00000858   Number         4  main.o(.text.Init_PWM)
    __arm_cp.5_17                            0x0000085c   Number         4  main.o(.text.Init_PWM)
    __arm_cp.5_18                            0x00000860   Number         4  main.o(.text.Init_PWM)
    __arm_cp.5_19                            0x00000864   Number         4  main.o(.text.Init_PWM)
    __arm_cp.5_20                            0x00000868   Number         4  main.o(.text.Init_PWM)
    __arm_cp.5_22                            0x0000086c   Number         4  main.o(.text.Init_PWM)
    __arm_cp.5_23                            0x00000870   Number         4  main.o(.text.Init_PWM)
    __arm_cp.5_26                            0x00000874   Number         4  main.o(.text.Init_PWM)
    [Anonymous Symbol]                       0x00000878   Section        0  main.o(.text.Init_UART2)
    __arm_cp.0_0                             0x00000910   Number         4  main.o(.text.Init_UART2)
    __arm_cp.0_1                             0x00000914   Number         4  main.o(.text.Init_UART2)
    __arm_cp.0_2                             0x00000918   Number         4  main.o(.text.Init_UART2)
    __arm_cp.0_3                             0x0000091c   Number         4  main.o(.text.Init_UART2)
    __arm_cp.0_4                             0x00000920   Number         4  main.o(.text.Init_UART2)
    __arm_cp.0_5                             0x00000924   Number         4  main.o(.text.Init_UART2)
    __arm_cp.0_6                             0x00000928   Number         4  main.o(.text.Init_UART2)
    __arm_cp.0_7                             0x0000092c   Number         4  main.o(.text.Init_UART2)
    __arm_cp.0_8                             0x00000930   Number         4  main.o(.text.Init_UART2)
    __arm_cp.0_9                             0x00000934   Number         4  main.o(.text.Init_UART2)
    MessageQueueGet                          0x00000939   Thumb Code    66  rtx_msgqueue.o(.text.MessageQueueGet)
    [Anonymous Symbol]                       0x00000938   Section        0  rtx_msgqueue.o(.text.MessageQueueGet)
    MessageQueuePut                          0x0000097b   Thumb Code    94  rtx_msgqueue.o(.text.MessageQueuePut)
    [Anonymous Symbol]                       0x0000097a   Section        0  rtx_msgqueue.o(.text.MessageQueuePut)
    [Anonymous Symbol]                       0x000009d8   Section        0  main.o(.text.Motor_Control)
    [Anonymous Symbol]                       0x00000a5c   Section        0  main.o(.text.Motor_thread)
    [Anonymous Symbol]                       0x00000a68   Section        0  os_systick.o(.text.OS_Tick_AcknowledgeIRQ)
    [Anonymous Symbol]                       0x00000a70   Section        0  os_systick.o(.text.OS_Tick_Enable)
    __arm_cp.1_1                             0x00000a90   Number         4  os_systick.o(.text.OS_Tick_Enable)
    [Anonymous Symbol]                       0x00000a94   Section        0  os_systick.o(.text.OS_Tick_Setup)
    __arm_cp.0_0                             0x00000ad0   Number         4  os_systick.o(.text.OS_Tick_Setup)
    __arm_cp.0_1                             0x00000ad4   Number         4  os_systick.o(.text.OS_Tick_Setup)
    __arm_cp.0_2                             0x00000ad8   Number         4  os_systick.o(.text.OS_Tick_Setup)
    __arm_cp.0_3                             0x00000adc   Number         4  os_systick.o(.text.OS_Tick_Setup)
    [Anonymous Symbol]                       0x00000ae0   Section        0  main.o(.text.PIT_IRQHandler)
    __arm_cp.17_0                            0x00000b4c   Number         4  main.o(.text.PIT_IRQHandler)
    __arm_cp.17_2                            0x00000b50   Number         4  main.o(.text.PIT_IRQHandler)
    __arm_cp.17_3                            0x00000b54   Number         4  main.o(.text.PIT_IRQHandler)
    __arm_cp.17_4                            0x00000b58   Number         4  main.o(.text.PIT_IRQHandler)
    __arm_cp.17_5                            0x00000b5c   Number         4  main.o(.text.PIT_IRQHandler)
    __arm_cp.17_6                            0x00000b60   Number         4  main.o(.text.PIT_IRQHandler)
    [Anonymous Symbol]                       0x00000b64   Section        0  main.o(.text.PWM01_back)
    [Anonymous Symbol]                       0x00000b80   Section        0  main.o(.text.PWM01_forward)
    [Anonymous Symbol]                       0x00000b9c   Section        0  main.o(.text.PWM01_rest)
    __arm_cp.11_0                            0x00000ba8   Number         4  main.o(.text.PWM01_rest)
    __arm_cp.11_1                            0x00000bac   Number         4  main.o(.text.PWM01_rest)
    [Anonymous Symbol]                       0x00000bb0   Section        0  main.o(.text.PWM23_back)
    __arm_cp.13_2                            0x00000bcc   Number         4  main.o(.text.PWM23_back)
    [Anonymous Symbol]                       0x00000bd0   Section        0  main.o(.text.PWM23_forward)
    __arm_cp.12_1                            0x00000bec   Number         4  main.o(.text.PWM23_forward)
    [Anonymous Symbol]                       0x00000bf0   Section        0  main.o(.text.PWM23_rest)
    __arm_cp.14_0                            0x00000bfc   Number         4  main.o(.text.PWM23_rest)
    __arm_cp.14_1                            0x00000c00   Number         4  main.o(.text.PWM23_rest)
    [Anonymous Symbol]                       0x00000c04   Section        0  main.o(.text.Red_LED_Control)
    __arm_cp.18_0                            0x00000c3c   Number         4  main.o(.text.Red_LED_Control)
    __arm_cp.18_1                            0x00000c40   Number         4  main.o(.text.Red_LED_Control)
    __arm_cp.18_2                            0x00000c44   Number         4  main.o(.text.Red_LED_Control)
    [Anonymous Symbol]                       0x00000c48   Section        0  main.o(.text.Red_LED_thread)
    [Anonymous Symbol]                       0x00000c54   Section        0  system_mkl25z4.o(.text.SystemCoreClockUpdate)
    __arm_cp.1_1                             0x00000e50   Number         4  system_mkl25z4.o(.text.SystemCoreClockUpdate)
    __arm_cp.1_4                             0x00000e54   Number         4  system_mkl25z4.o(.text.SystemCoreClockUpdate)
    __arm_cp.1_8                             0x00000e58   Number         4  system_mkl25z4.o(.text.SystemCoreClockUpdate)
    __arm_cp.1_9                             0x00000e5c   Number         4  system_mkl25z4.o(.text.SystemCoreClockUpdate)
    __arm_cp.1_11                            0x00000e60   Number         4  system_mkl25z4.o(.text.SystemCoreClockUpdate)
    [Anonymous Symbol]                       0x00000e64   Section        0  system_mkl25z4.o(.text.SystemInit)
    __arm_cp.0_0                             0x00000f64   Number         4  system_mkl25z4.o(.text.SystemInit)
    __arm_cp.0_1                             0x00000f68   Number         4  system_mkl25z4.o(.text.SystemInit)
    __arm_cp.0_2                             0x00000f6c   Number         4  system_mkl25z4.o(.text.SystemInit)
    __arm_cp.0_3                             0x00000f70   Number         4  system_mkl25z4.o(.text.SystemInit)
    __arm_cp.0_4                             0x00000f74   Number         4  system_mkl25z4.o(.text.SystemInit)
    __arm_cp.0_5                             0x00000f78   Number         4  system_mkl25z4.o(.text.SystemInit)
    __arm_cp.0_6                             0x00000f7c   Number         4  system_mkl25z4.o(.text.SystemInit)
    __arm_cp.0_7                             0x00000f80   Number         4  system_mkl25z4.o(.text.SystemInit)
    __arm_cp.0_8                             0x00000f84   Number         4  system_mkl25z4.o(.text.SystemInit)
    __arm_cp.0_9                             0x00000f88   Number         4  system_mkl25z4.o(.text.SystemInit)
    __arm_cp.0_10                            0x00000f8c   Number         4  system_mkl25z4.o(.text.SystemInit)
    __arm_cp.0_11                            0x00000f90   Number         4  system_mkl25z4.o(.text.SystemInit)
    __arm_cp.0_12                            0x00000f94   Number         4  system_mkl25z4.o(.text.SystemInit)
    __arm_cp.0_13                            0x00000f98   Number         4  system_mkl25z4.o(.text.SystemInit)
    __arm_cp.0_14                            0x00000f9c   Number         4  system_mkl25z4.o(.text.SystemInit)
    __arm_cp.0_15                            0x00000fa0   Number         4  system_mkl25z4.o(.text.SystemInit)
    __arm_cp.0_16                            0x00000fa4   Number         4  system_mkl25z4.o(.text.SystemInit)
    __arm_cp.0_17                            0x00000fa8   Number         4  system_mkl25z4.o(.text.SystemInit)
    __arm_cp.0_18                            0x00000fac   Number         4  system_mkl25z4.o(.text.SystemInit)
    __arm_cp.0_19                            0x00000fb0   Number         4  system_mkl25z4.o(.text.SystemInit)
    ThreadFlagsCheck                         0x00000fb5   Thumb Code    74  rtx_thread.o(.text.ThreadFlagsCheck)
    [Anonymous Symbol]                       0x00000fb4   Section        0  rtx_thread.o(.text.ThreadFlagsCheck)
    TimerInsert                              0x00001001   Thumb Code    72  rtx_timer.o(.text.TimerInsert)
    [Anonymous Symbol]                       0x00001000   Section        0  rtx_timer.o(.text.TimerInsert)
    __arm_cp.9_0                             0x00001048   Number         4  rtx_timer.o(.text.TimerInsert)
    [Anonymous Symbol]                       0x0000104c   Section        0  main.o(.text.UART2_IRQHandler)
    __arm_cp.4_0                             0x00001098   Number         4  main.o(.text.UART2_IRQHandler)
    __arm_cp.4_1                             0x0000109c   Number         4  main.o(.text.UART2_IRQHandler)
    __arm_cp.4_2                             0x000010a0   Number         4  main.o(.text.UART2_IRQHandler)
    __arm_cp.4_3                             0x000010a4   Number         4  main.o(.text.UART2_IRQHandler)
    __arm_cp.4_4                             0x000010a8   Number         4  main.o(.text.UART2_IRQHandler)
    __NVIC_ClearPendingIRQ                   0x000010ad   Thumb Code    40  main.o(.text.__NVIC_ClearPendingIRQ)
    [Anonymous Symbol]                       0x000010ac   Section        0  main.o(.text.__NVIC_ClearPendingIRQ)
    __arm_cp.1_0                             0x000010d4   Number         4  main.o(.text.__NVIC_ClearPendingIRQ)
    __NVIC_EnableIRQ                         0x000010d9   Thumb Code    40  main.o(.text.__NVIC_EnableIRQ)
    [Anonymous Symbol]                       0x000010d8   Section        0  main.o(.text.__NVIC_EnableIRQ)
    __arm_cp.2_0                             0x00001100   Number         4  main.o(.text.__NVIC_EnableIRQ)
    [Anonymous Symbol]                       0x00001104   Section        0  main.o(.text.main)
    __arm_cp.25_0                            0x00001158   Number         4  main.o(.text.main)
    __arm_cp.25_1                            0x0000115c   Number         4  main.o(.text.main)
    __arm_cp.25_2                            0x00001160   Number         4  main.o(.text.main)
    __arm_cp.25_3                            0x00001164   Number         4  main.o(.text.main)
    [Anonymous Symbol]                       0x00001168   Section        0  rtx_delay.o(.text.osDelay)
    __arm_cp.0_0                             0x0000118c   Number         4  rtx_delay.o(.text.osDelay)
    [Anonymous Symbol]                       0x00001190   Section        0  rtx_kernel.o(.text.osKernelInitialize)
    __arm_cp.2_0                             0x000011b4   Number         4  rtx_kernel.o(.text.osKernelInitialize)
    [Anonymous Symbol]                       0x000011b8   Section        0  rtx_kernel.o(.text.osKernelStart)
    __arm_cp.7_0                             0x000011d8   Number         4  rtx_kernel.o(.text.osKernelStart)
    [Anonymous Symbol]                       0x000011dc   Section        0  rtx_msgqueue.o(.text.osMessageQueueGet)
    __arm_cp.5_0                             0x0000124c   Number         4  rtx_msgqueue.o(.text.osMessageQueueGet)
    [Anonymous Symbol]                       0x00001250   Section        0  rtx_msgqueue.o(.text.osMessageQueuePut)
    __arm_cp.4_0                             0x000012c0   Number         4  rtx_msgqueue.o(.text.osMessageQueuePut)
    [Anonymous Symbol]                       0x000012c4   Section        0  rtx_config.o(.text.osRtxErrorNotify)
    [Anonymous Symbol]                       0x00001304   Section        0  rtx_config.o(.text.osRtxIdleThread)
    [Anonymous Symbol]                       0x0000130c   Section        0  rtx_kernel.o(.text.osRtxKernelErrorNotify)
    [Anonymous Symbol]                       0x00001314   Section        0  rtx_memory.o(.text.osRtxMemoryAlloc)
    [Anonymous Symbol]                       0x0000138c   Section        0  rtx_memory.o(.text.osRtxMemoryFree)
    [Anonymous Symbol]                       0x000013da   Section        0  rtx_memory.o(.text.osRtxMemoryInit)
    [Anonymous Symbol]                       0x00001408   Section        0  rtx_mempool.o(.text.osRtxMemoryPoolAlloc)
    [Anonymous Symbol]                       0x00001432   Section        0  rtx_mempool.o(.text.osRtxMemoryPoolFree)
    [Anonymous Symbol]                       0x00001468   Section        0  rtx_mempool.o(.text.osRtxMemoryPoolInit)
    osRtxMessageQueuePostProcess             0x000014a5   Thumb Code   188  rtx_msgqueue.o(.text.osRtxMessageQueuePostProcess)
    [Anonymous Symbol]                       0x000014a4   Section        0  rtx_msgqueue.o(.text.osRtxMessageQueuePostProcess)
    [Anonymous Symbol]                       0x00001560   Section        0  rtx_msgqueue.o(.text.osRtxMessageQueueTimerSetup)
    __arm_cp.0_0                             0x00001580   Number         4  rtx_msgqueue.o(.text.osRtxMessageQueueTimerSetup)
    [Anonymous Symbol]                       0x00001584   Section        0  rtx_mutex.o(.text.osRtxMutexOwnerRelease)
    [Anonymous Symbol]                       0x000015c8   Section        0  rtx_mutex.o(.text.osRtxMutexOwnerRestore)
    [Anonymous Symbol]                       0x00001610   Section        0  rtx_system.o(.text.osRtxPendSV_Handler)
    [Anonymous Symbol]                       0x00001690   Section        0  rtx_system.o(.text.osRtxPostProcess)
    __arm_cp.2_1                             0x000016f8   Number         4  rtx_system.o(.text.osRtxPostProcess)
    osRtxThreadBlock                         0x000016fd   Thumb Code    52  rtx_thread.o(.text.osRtxThreadBlock)
    [Anonymous Symbol]                       0x000016fc   Section        0  rtx_thread.o(.text.osRtxThreadBlock)
    osRtxThreadDelayInsert                   0x00001731   Thumb Code   140  rtx_thread.o(.text.osRtxThreadDelayInsert)
    [Anonymous Symbol]                       0x00001730   Section        0  rtx_thread.o(.text.osRtxThreadDelayInsert)
    osRtxThreadDelayRemove                   0x000017bd   Thumb Code    68  rtx_thread.o(.text.osRtxThreadDelayRemove)
    [Anonymous Symbol]                       0x000017bc   Section        0  rtx_thread.o(.text.osRtxThreadDelayRemove)
    [Anonymous Symbol]                       0x00001800   Section        0  rtx_thread.o(.text.osRtxThreadDelayTick)
    osRtxThreadDestroy                       0x00001855   Thumb Code    40  rtx_thread.o(.text.osRtxThreadDestroy)
    [Anonymous Symbol]                       0x00001854   Section        0  rtx_thread.o(.text.osRtxThreadDestroy)
    [Anonymous Symbol]                       0x0000187c   Section        0  rtx_thread.o(.text.osRtxThreadDispatch)
    osRtxThreadFree                          0x000018c9   Thumb Code    80  rtx_thread.o(.text.osRtxThreadFree)
    [Anonymous Symbol]                       0x000018c8   Section        0  rtx_thread.o(.text.osRtxThreadFree)
    __arm_cp.51_0                            0x00001918   Number         4  rtx_thread.o(.text.osRtxThreadFree)
    osRtxThreadJoinWakeup                    0x0000191d   Thumb Code    32  rtx_thread.o(.text.osRtxThreadJoinWakeup)
    [Anonymous Symbol]                       0x0000191c   Section        0  rtx_thread.o(.text.osRtxThreadJoinWakeup)
    [Anonymous Symbol]                       0x0000193c   Section        0  rtx_thread.o(.text.osRtxThreadListGet)
    [Anonymous Symbol]                       0x00001950   Section        0  rtx_thread.o(.text.osRtxThreadListPut)
    [Anonymous Symbol]                       0x0000197c   Section        0  rtx_thread.o(.text.osRtxThreadListRemove)
    [Anonymous Symbol]                       0x00001994   Section        0  rtx_thread.o(.text.osRtxThreadListSort)
    osRtxThreadPostProcess                   0x000019b9   Thumb Code    38  rtx_thread.o(.text.osRtxThreadPostProcess)
    [Anonymous Symbol]                       0x000019b8   Section        0  rtx_thread.o(.text.osRtxThreadPostProcess)
    [Anonymous Symbol]                       0x000019e0   Section        0  rtx_thread.o(.text.osRtxThreadReadyPut)
    [Anonymous Symbol]                       0x000019f4   Section        0  rtx_thread.o(.text.osRtxThreadRegPtr)
    [Anonymous Symbol]                       0x000019fc   Section        0  rtx_thread.o(.text.osRtxThreadStartup)
    __arm_cp.14_1                            0x00001a34   Number         4  rtx_thread.o(.text.osRtxThreadStartup)
    [Anonymous Symbol]                       0x00001a38   Section        0  rtx_thread.o(.text.osRtxThreadSwitch)
    __arm_cp.7_0                             0x00001a44   Number         4  rtx_thread.o(.text.osRtxThreadSwitch)
    [Anonymous Symbol]                       0x00001a48   Section        0  rtx_thread.o(.text.osRtxThreadWaitEnter)
    __arm_cp.12_0                            0x00001a84   Number         4  rtx_thread.o(.text.osRtxThreadWaitEnter)
    [Anonymous Symbol]                       0x00001a88   Section        0  rtx_thread.o(.text.osRtxThreadWaitExit)
    [Anonymous Symbol]                       0x00001aac   Section        0  rtx_system.o(.text.osRtxTick_Handler)
    __arm_cp.0_0                             0x00001b28   Number         4  rtx_system.o(.text.osRtxTick_Handler)
    [Anonymous Symbol]                       0x00001b2c   Section        0  rtx_timer.o(.text.osRtxTimerSetup)
    __arm_cp.0_0                             0x00001b48   Number         4  rtx_timer.o(.text.osRtxTimerSetup)
    __arm_cp.0_1                             0x00001b4c   Number         4  rtx_timer.o(.text.osRtxTimerSetup)
    [Anonymous Symbol]                       0x00001b50   Section        0  rtx_timer.o(.text.osRtxTimerThread)
    osRtxTimerTick                           0x00001b6d   Thumb Code   112  rtx_timer.o(.text.osRtxTimerTick)
    [Anonymous Symbol]                       0x00001b6c   Section        0  rtx_timer.o(.text.osRtxTimerTick)
    __arm_cp.1_0                             0x00001bdc   Number         4  rtx_timer.o(.text.osRtxTimerTick)
    [Anonymous Symbol]                       0x00001be0   Section        0  rtx_thread.o(.text.osThreadExit)
    __arm_cp.30_0                            0x00001be8   Number         4  rtx_thread.o(.text.osThreadExit)
    [Anonymous Symbol]                       0x00001bec   Section        0  rtx_thread.o(.text.osThreadNew)
    __arm_cp.16_0                            0x00001c0c   Number         4  rtx_thread.o(.text.osThreadNew)
    [Anonymous Symbol]                       0x00001c10   Section        0  main.o(.text.playHappyBirthday)
    __arm_cp.7_0                             0x00001c6c   Number         4  main.o(.text.playHappyBirthday)
    __arm_cp.7_1                             0x00001c70   Number         4  main.o(.text.playHappyBirthday)
    __arm_cp.7_2                             0x00001c74   Number         4  main.o(.text.playHappyBirthday)
    __arm_cp.7_3                             0x00001c78   Number         4  main.o(.text.playHappyBirthday)
    __arm_cp.7_4                             0x00001c7c   Number         4  main.o(.text.playHappyBirthday)
    svcRtxDelay                              0x00001c81   Thumb Code    24  rtx_delay.o(.text.svcRtxDelay)
    [Anonymous Symbol]                       0x00001c80   Section        0  rtx_delay.o(.text.svcRtxDelay)
    svcRtxKernelInitialize                   0x00001c99   Thumb Code   308  rtx_kernel.o(.text.svcRtxKernelInitialize)
    [Anonymous Symbol]                       0x00001c98   Section        0  rtx_kernel.o(.text.svcRtxKernelInitialize)
    __arm_cp.21_0                            0x00001dcc   Number         4  rtx_kernel.o(.text.svcRtxKernelInitialize)
    __arm_cp.21_1                            0x00001dd0   Number         4  rtx_kernel.o(.text.svcRtxKernelInitialize)
    __arm_cp.21_2                            0x00001dd4   Number         4  rtx_kernel.o(.text.svcRtxKernelInitialize)
    svcRtxKernelStart                        0x00001dd9   Thumb Code   116  rtx_kernel.o(.text.svcRtxKernelStart)
    [Anonymous Symbol]                       0x00001dd8   Section        0  rtx_kernel.o(.text.svcRtxKernelStart)
    __arm_cp.22_0                            0x00001e4c   Number         4  rtx_kernel.o(.text.svcRtxKernelStart)
    __arm_cp.22_1                            0x00001e50   Number         4  rtx_kernel.o(.text.svcRtxKernelStart)
    __arm_cp.22_2                            0x00001e54   Number         4  rtx_kernel.o(.text.svcRtxKernelStart)
    __arm_cp.22_3                            0x00001e58   Number         4  rtx_kernel.o(.text.svcRtxKernelStart)
    svcRtxMessageQueueGet                    0x00001e5d   Thumb Code   200  rtx_msgqueue.o(.text.svcRtxMessageQueueGet)
    [Anonymous Symbol]                       0x00001e5c   Section        0  rtx_msgqueue.o(.text.svcRtxMessageQueueGet)
    __arm_cp.22_0                            0x00001f24   Number         4  rtx_msgqueue.o(.text.svcRtxMessageQueueGet)
    svcRtxMessageQueueNew                    0x00001f29   Thumb Code   428  rtx_msgqueue.o(.text.svcRtxMessageQueueNew)
    [Anonymous Symbol]                       0x00001f28   Section        0  rtx_msgqueue.o(.text.svcRtxMessageQueueNew)
    __arm_cp.1_0                             0x000020d4   Number         4  rtx_msgqueue.o(.text.svcRtxMessageQueueNew)
    __arm_cp.1_1                             0x000020d8   Number         4  rtx_msgqueue.o(.text.svcRtxMessageQueueNew)
    __arm_cp.1_2                             0x000020dc   Number         4  rtx_msgqueue.o(.text.svcRtxMessageQueueNew)
    __arm_cp.1_3                             0x000020e0   Number         4  rtx_msgqueue.o(.text.svcRtxMessageQueueNew)
    __arm_cp.1_5                             0x000020e4   Number         4  rtx_msgqueue.o(.text.svcRtxMessageQueueNew)
    svcRtxMessageQueuePut                    0x000020e9   Thumb Code   172  rtx_msgqueue.o(.text.svcRtxMessageQueuePut)
    [Anonymous Symbol]                       0x000020e8   Section        0  rtx_msgqueue.o(.text.svcRtxMessageQueuePut)
    __arm_cp.20_0                            0x00002194   Number         4  rtx_msgqueue.o(.text.svcRtxMessageQueuePut)
    svcRtxThreadExit                         0x00002199   Thumb Code    72  rtx_thread.o(.text.svcRtxThreadExit)
    [Anonymous Symbol]                       0x00002198   Section        0  rtx_thread.o(.text.svcRtxThreadExit)
    __arm_cp.53_0                            0x000021e0   Number         4  rtx_thread.o(.text.svcRtxThreadExit)
    svcRtxThreadNew                          0x000021e5   Thumb Code   484  rtx_thread.o(.text.svcRtxThreadNew)
    [Anonymous Symbol]                       0x000021e4   Section        0  rtx_thread.o(.text.svcRtxThreadNew)
    __arm_cp.15_0                            0x000023c8   Number         4  rtx_thread.o(.text.svcRtxThreadNew)
    __arm_cp.15_1                            0x000023cc   Number         4  rtx_thread.o(.text.svcRtxThreadNew)
    __arm_cp.15_2                            0x000023d0   Number         4  rtx_thread.o(.text.svcRtxThreadNew)
    __arm_cp.15_3                            0x000023d4   Number         4  rtx_thread.o(.text.svcRtxThreadNew)
    __arm_cp.15_4                            0x000023d8   Number         4  rtx_thread.o(.text.svcRtxThreadNew)
    __arm_cp.15_5                            0x000023dc   Number         4  rtx_thread.o(.text.svcRtxThreadNew)
    i.__scatterload_copy                     0x000023e0   Section       14  handlers.o(i.__scatterload_copy)
    i.__scatterload_zeroinit                 0x000023ee   Section       14  handlers.o(i.__scatterload_zeroinit)
    __tagsym$$used.0                         0x000023fc   Number         0  rtx_lib.o(.rodata)
    __tagsym$$used.1                         0x0000246c   Number         0  rtx_lib.o(.rodata)
    os_idle_thread_attr                      0x000024a8   Data          36  rtx_lib.o(.rodata.os_idle_thread_attr)
    [Anonymous Symbol]                       0x000024a8   Section        0  rtx_lib.o(.rodata.os_idle_thread_attr)
    os_timer_mq_attr                         0x000024cc   Data          24  rtx_lib.o(.rodata.os_timer_mq_attr)
    [Anonymous Symbol]                       0x000024cc   Section        0  rtx_lib.o(.rodata.os_timer_mq_attr)
    os_timer_thread_attr                     0x000024e4   Data          36  rtx_lib.o(.rodata.os_timer_thread_attr)
    [Anonymous Symbol]                       0x000024e4   Section        0  rtx_lib.o(.rodata.os_timer_thread_attr)
    [Anonymous Symbol]                       0x00002508   Section        0  rtx_kernel.o(.rodata.str1.4)
    durations                                0x1ffff014   Data         116  main.o(.data.durations)
    [Anonymous Symbol]                       0x1ffff014   Section        0  main.o(.data.durations)
    notes                                    0x1ffff088   Data         116  main.o(.data.notes)
    [Anonymous Symbol]                       0x1ffff088   Section        0  main.o(.data.notes)
    os_isr_queue                             0x1ffff1a8   Data          64  rtx_lib.o(.bss.os)
    [Anonymous Symbol]                       0x1ffff1a8   Section        0  rtx_lib.o(.bss.os)
    os_mem                                   0x1ffff1e8   Data        4096  rtx_lib.o(.bss.os)
    PendST                                   0x200001e8   Data           1  os_systick.o(.bss.os)
    [Anonymous Symbol]                       0x200001e8   Section        0  os_systick.o(.bss.os)
    os_timer_mq_cb                           0x200001ec   Data          52  rtx_lib.o(.bss.os.msgqueue.cb)
    [Anonymous Symbol]                       0x200001ec   Section        0  rtx_lib.o(.bss.os.msgqueue.cb)
    os_timer_mq_data                         0x20000220   Data          80  rtx_lib.o(.bss.os.msgqueue.mem)
    [Anonymous Symbol]                       0x20000220   Section        0  rtx_lib.o(.bss.os.msgqueue.mem)
    os_idle_thread_cb                        0x20000270   Data          68  rtx_lib.o(.bss.os.thread.cb)
    [Anonymous Symbol]                       0x20000270   Section        0  rtx_lib.o(.bss.os.thread.cb)
    os_timer_thread_cb                       0x200002b4   Data          68  rtx_lib.o(.bss.os.thread.cb)
    os_idle_thread_stack                     0x200002f8   Data         256  rtx_lib.o(.bss.os.thread.idle.stack)
    [Anonymous Symbol]                       0x200002f8   Section        0  rtx_lib.o(.bss.os.thread.idle.stack)
    os_timer_thread_stack                    0x200003f8   Data         256  rtx_lib.o(.bss.os.thread.timer.stack)
    [Anonymous Symbol]                       0x200003f8   Section        0  rtx_lib.o(.bss.os.thread.timer.stack)
    STACK                                    0x20000500   Section      256  startup_mkl25z4.o(STACK)

    Global Symbols

    Symbol Name                              Value     Ov Type        Size  Object(Section)

    BuildAttributes$$THM_ISAv3M$S$PE$A:L22$X:L11$S22$IEEE1$IW$~IW$USESV6$~STKCKD$USESV7$~SHL$OTIME$ROPI$EBA8$MICROLIB$REQ8$PRES8$EABIv2 0x00000000   Number         0  anon$$obj.o ABSOLUTE
    __Vectors                                0x00000000   Data           4  startup_mkl25z4.o(RESET)
    .bss.os.evflags.cb$$Base                  - Undefined Weak Reference
    .bss.os.evflags.cb$$Limit                 - Undefined Weak Reference
    .bss.os.mempool.cb$$Base                  - Undefined Weak Reference
    .bss.os.mempool.cb$$Limit                 - Undefined Weak Reference
    .bss.os.mutex.cb$$Base                    - Undefined Weak Reference
    .bss.os.mutex.cb$$Limit                   - Undefined Weak Reference
    .bss.os.semaphore.cb$$Base                - Undefined Weak Reference
    .bss.os.semaphore.cb$$Limit               - Undefined Weak Reference
    .bss.os.timer.cb$$Base                    - Undefined Weak Reference
    .bss.os.timer.cb$$Limit                   - Undefined Weak Reference
    __cpp_initialize__aeabi_                  - Undefined Weak Reference
    __cxa_finalize                            - Undefined Weak Reference
    _clock_init                               - Undefined Weak Reference
    _microlib_exit                            - Undefined Weak Reference
    __Vectors_End                            0x000000c0   Data           0  startup_mkl25z4.o(RESET)
    __Vectors_Size                           0x000000c0   Number         0  startup_mkl25z4.o ABSOLUTE
    __main                                   0x000000c1   Thumb Code     0  entry.o(.ARM.Collect$$$$00000000)
    _main_stk                                0x000000c1   Thumb Code     0  entry2.o(.ARM.Collect$$$$00000001)
    _main_scatterload                        0x000000c5   Thumb Code     0  entry5.o(.ARM.Collect$$$$00000004)
    __main_after_scatterload                 0x000000c9   Thumb Code     0  entry5.o(.ARM.Collect$$$$00000004)
    _main_clock                              0x000000c9   Thumb Code     0  entry7b.o(.ARM.Collect$$$$00000008)
    _main_cpp_init                           0x000000c9   Thumb Code     0  entry8b.o(.ARM.Collect$$$$0000000A)
    _main_init                               0x000000c9   Thumb Code     0  entry9a.o(.ARM.Collect$$$$0000000B)
    __rt_final_cpp                           0x000000d1   Thumb Code     0  entry10a.o(.ARM.Collect$$$$0000000D)
    __rt_final_exit                          0x000000d1   Thumb Code     0  entry11a.o(.ARM.Collect$$$$0000000F)
    Reset_Handler                            0x000000d5   Thumb Code    12  startup_mkl25z4.o(.text)
    NMI_Handler                              0x000000e1   Thumb Code     2  startup_mkl25z4.o(.text)
    HardFault_Handler                        0x000000e3   Thumb Code     2  startup_mkl25z4.o(.text)
    ADC0_IRQHandler                          0x000000eb   Thumb Code     0  startup_mkl25z4.o(.text)
    CMP0_IRQHandler                          0x000000eb   Thumb Code     0  startup_mkl25z4.o(.text)
    DAC0_IRQHandler                          0x000000eb   Thumb Code     0  startup_mkl25z4.o(.text)
    DMA0_IRQHandler                          0x000000eb   Thumb Code     0  startup_mkl25z4.o(.text)
    DMA1_IRQHandler                          0x000000eb   Thumb Code     0  startup_mkl25z4.o(.text)
    DMA2_IRQHandler                          0x000000eb   Thumb Code     0  startup_mkl25z4.o(.text)
    DMA3_IRQHandler                          0x000000eb   Thumb Code     0  startup_mkl25z4.o(.text)
    DefaultISR                               0x000000eb   Thumb Code     0  startup_mkl25z4.o(.text)
    FTFA_IRQHandler                          0x000000eb   Thumb Code     0  startup_mkl25z4.o(.text)
    I2C0_IRQHandler                          0x000000eb   Thumb Code     0  startup_mkl25z4.o(.text)
    I2C1_IRQHandler                          0x000000eb   Thumb Code     0  startup_mkl25z4.o(.text)
    LLWU_IRQHandler                          0x000000eb   Thumb Code     0  startup_mkl25z4.o(.text)
    LPTMR0_IRQHandler                        0x000000eb   Thumb Code     0  startup_mkl25z4.o(.text)
    LVD_LVW_IRQHandler                       0x000000eb   Thumb Code     0  startup_mkl25z4.o(.text)
    MCG_IRQHandler                           0x000000eb   Thumb Code     0  startup_mkl25z4.o(.text)
    PORTA_IRQHandler                         0x000000eb   Thumb Code     0  startup_mkl25z4.o(.text)
    PORTD_IRQHandler                         0x000000eb   Thumb Code     0  startup_mkl25z4.o(.text)
    RTC_IRQHandler                           0x000000eb   Thumb Code     0  startup_mkl25z4.o(.text)
    RTC_Seconds_IRQHandler                   0x000000eb   Thumb Code     0  startup_mkl25z4.o(.text)
    Reserved20_IRQHandler                    0x000000eb   Thumb Code     0  startup_mkl25z4.o(.text)
    Reserved39_IRQHandler                    0x000000eb   Thumb Code     0  startup_mkl25z4.o(.text)
    Reserved45_IRQHandler                    0x000000eb   Thumb Code     0  startup_mkl25z4.o(.text)
    SPI0_IRQHandler                          0x000000eb   Thumb Code     0  startup_mkl25z4.o(.text)
    SPI1_IRQHandler                          0x000000eb   Thumb Code     0  startup_mkl25z4.o(.text)
    TPM0_IRQHandler                          0x000000eb   Thumb Code     0  startup_mkl25z4.o(.text)
    TPM1_IRQHandler                          0x000000eb   Thumb Code     0  startup_mkl25z4.o(.text)
    TPM2_IRQHandler                          0x000000eb   Thumb Code     0  startup_mkl25z4.o(.text)
    TSI0_IRQHandler                          0x000000eb   Thumb Code     0  startup_mkl25z4.o(.text)
    UART0_IRQHandler                         0x000000eb   Thumb Code     0  startup_mkl25z4.o(.text)
    UART1_IRQHandler                         0x000000eb   Thumb Code     0  startup_mkl25z4.o(.text)
    USB0_IRQHandler                          0x000000eb   Thumb Code     0  startup_mkl25z4.o(.text)
    SVC_Handler                              0x000000fd   Thumb Code   132  irq_armv6m.o(.text)
    PendSV_Handler                           0x00000181   Thumb Code    12  irq_armv6m.o(.text)
    SysTick_Handler                          0x0000018d   Thumb Code    12  irq_armv6m.o(.text)
    __aeabi_memcpy                           0x000001a1   Thumb Code    36  memcpya.o(.text)
    __aeabi_memcpy4                          0x000001a1   Thumb Code     0  memcpya.o(.text)
    __aeabi_memcpy8                          0x000001a1   Thumb Code     0  memcpya.o(.text)
    __aeabi_memset                           0x000001c5   Thumb Code    14  memseta.o(.text)
    __aeabi_memset4                          0x000001c5   Thumb Code     0  memseta.o(.text)
    __aeabi_memset8                          0x000001c5   Thumb Code     0  memseta.o(.text)
    __aeabi_memclr                           0x000001d3   Thumb Code     4  memseta.o(.text)
    __aeabi_memclr4                          0x000001d3   Thumb Code     0  memseta.o(.text)
    __aeabi_memclr8                          0x000001d3   Thumb Code     0  memseta.o(.text)
    _memset$wrapper                          0x000001d7   Thumb Code    18  memseta.o(.text)
    __aeabi_fmul                             0x000001e9   Thumb Code   122  fmul.o(.text)
    __aeabi_fdiv                             0x00000263   Thumb Code   124  fdiv.o(.text)
    __aeabi_f2iz                             0x000002df   Thumb Code    50  ffixi.o(.text)
    __aeabi_uidiv                            0x00000311   Thumb Code     0  uidiv_div0.o(.text)
    __aeabi_uidivmod                         0x00000311   Thumb Code    62  uidiv_div0.o(.text)
    __aeabi_idiv                             0x00000351   Thumb Code     0  idiv_div0.o(.text)
    __aeabi_idivmod$div0                     0x00000351   Thumb Code    74  idiv_div0.o(.text)
    __I$use$fp                               0x000003a1   Thumb Code     0  iusefp.o(.text)
    __scatterload                            0x000003a1   Thumb Code    28  init.o(.text)
    __scatterload_rt2                        0x000003a1   Thumb Code     0  init.o(.text)
    Buzzer_thread                            0x000003c5   Thumb Code    10  main.o(.text.Buzzer_thread)
    Green_LED_thread                         0x000003cf   Thumb Code    10  main.o(.text.Green_LED_thread)
    OS_Tick_GetIRQn                          0x000003f7   Thumb Code     6  os_systick.o(.text.OS_Tick_GetIRQn)
    osRtxKernelPreInit                       0x000003fd   Thumb Code     2  rtx_kernel.o(.text.osRtxKernelPreInit)
    __scatterload_null                       0x000003ff   Thumb Code     2  handlers.o(i.__scatterload_null)
    _float_round                             0x00000411   Thumb Code    16  fepilogue.o(.text)
    _float_epilogue                          0x00000421   Thumb Code   114  fepilogue.o(.text)
    __decompress                             0x00000493   Thumb Code     0  __dczerorl2.o(.text)
    __decompress1                            0x00000493   Thumb Code    86  __dczerorl2.o(.text)
    Direction_convert                        0x000004e9   Thumb Code    94  main.o(.text.Direction_convert)
    Green_LED_Control                        0x00000549   Thumb Code    52  main.o(.text.Green_LED_Control)
    Init_PIT                                 0x00000591   Thumb Code   244  main.o(.text.Init_PIT)
    Init_PWM                                 0x000006c9   Thumb Code   340  main.o(.text.Init_PWM)
    Init_UART2                               0x00000879   Thumb Code   152  main.o(.text.Init_UART2)
    Motor_Control                            0x000009d9   Thumb Code   132  main.o(.text.Motor_Control)
    Motor_thread                             0x00000a5d   Thumb Code    12  main.o(.text.Motor_thread)
    OS_Tick_AcknowledgeIRQ                   0x00000a69   Thumb Code     8  os_systick.o(.text.OS_Tick_AcknowledgeIRQ)
    OS_Tick_Enable                           0x00000a71   Thumb Code    32  os_systick.o(.text.OS_Tick_Enable)
    OS_Tick_Setup                            0x00000a95   Thumb Code    60  os_systick.o(.text.OS_Tick_Setup)
    PIT_IRQHandler                           0x00000ae1   Thumb Code   108  main.o(.text.PIT_IRQHandler)
    PWM01_back                               0x00000b65   Thumb Code    28  main.o(.text.PWM01_back)
    PWM01_forward                            0x00000b81   Thumb Code    28  main.o(.text.PWM01_forward)
    PWM01_rest                               0x00000b9d   Thumb Code    12  main.o(.text.PWM01_rest)
    PWM23_back                               0x00000bb1   Thumb Code    28  main.o(.text.PWM23_back)
    PWM23_forward                            0x00000bd1   Thumb Code    28  main.o(.text.PWM23_forward)
    PWM23_rest                               0x00000bf1   Thumb Code    12  main.o(.text.PWM23_rest)
    Red_LED_Control                          0x00000c05   Thumb Code    56  main.o(.text.Red_LED_Control)
    Red_LED_thread                           0x00000c49   Thumb Code    10  main.o(.text.Red_LED_thread)
    SystemCoreClockUpdate                    0x00000c55   Thumb Code   508  system_mkl25z4.o(.text.SystemCoreClockUpdate)
    SystemInit                               0x00000e65   Thumb Code   256  system_mkl25z4.o(.text.SystemInit)
    UART2_IRQHandler                         0x0000104d   Thumb Code    76  main.o(.text.UART2_IRQHandler)
    main                                     0x00001105   Thumb Code    84  main.o(.text.main)
    osDelay                                  0x00001169   Thumb Code    36  rtx_delay.o(.text.osDelay)
    osKernelInitialize                       0x00001191   Thumb Code    36  rtx_kernel.o(.text.osKernelInitialize)
    osKernelStart                            0x000011b9   Thumb Code    32  rtx_kernel.o(.text.osKernelStart)
    osMessageQueueGet                        0x000011dd   Thumb Code   112  rtx_msgqueue.o(.text.osMessageQueueGet)
    osMessageQueuePut                        0x00001251   Thumb Code   112  rtx_msgqueue.o(.text.osMessageQueuePut)
    osRtxErrorNotify                         0x000012c5   Thumb Code    64  rtx_config.o(.text.osRtxErrorNotify)
    osRtxIdleThread                          0x00001305   Thumb Code     8  rtx_config.o(.text.osRtxIdleThread)
    osRtxKernelErrorNotify                   0x0000130d   Thumb Code     8  rtx_kernel.o(.text.osRtxKernelErrorNotify)
    osRtxMemoryAlloc                         0x00001315   Thumb Code   120  rtx_memory.o(.text.osRtxMemoryAlloc)
    osRtxMemoryFree                          0x0000138d   Thumb Code    78  rtx_memory.o(.text.osRtxMemoryFree)
    osRtxMemoryInit                          0x000013db   Thumb Code    46  rtx_memory.o(.text.osRtxMemoryInit)
    osRtxMemoryPoolAlloc                     0x00001409   Thumb Code    42  rtx_mempool.o(.text.osRtxMemoryPoolAlloc)
    osRtxMemoryPoolFree                      0x00001433   Thumb Code    54  rtx_mempool.o(.text.osRtxMemoryPoolFree)
    osRtxMemoryPoolInit                      0x00001469   Thumb Code    60  rtx_mempool.o(.text.osRtxMemoryPoolInit)
    osRtxMessageQueueTimerSetup              0x00001561   Thumb Code    32  rtx_msgqueue.o(.text.osRtxMessageQueueTimerSetup)
    osRtxMutexOwnerRelease                   0x00001585   Thumb Code    68  rtx_mutex.o(.text.osRtxMutexOwnerRelease)
    osRtxMutexOwnerRestore                   0x000015c9   Thumb Code    70  rtx_mutex.o(.text.osRtxMutexOwnerRestore)
    osRtxPendSV_Handler                      0x00001611   Thumb Code   128  rtx_system.o(.text.osRtxPendSV_Handler)
    osRtxPostProcess                         0x00001691   Thumb Code   104  rtx_system.o(.text.osRtxPostProcess)
    osRtxThreadDelayTick                     0x00001801   Thumb Code    84  rtx_thread.o(.text.osRtxThreadDelayTick)
    osRtxThreadDispatch                      0x0000187d   Thumb Code    76  rtx_thread.o(.text.osRtxThreadDispatch)
    osRtxThreadListGet                       0x0000193d   Thumb Code    20  rtx_thread.o(.text.osRtxThreadListGet)
    osRtxThreadListPut                       0x00001951   Thumb Code    44  rtx_thread.o(.text.osRtxThreadListPut)
    osRtxThreadListRemove                    0x0000197d   Thumb Code    24  rtx_thread.o(.text.osRtxThreadListRemove)
    osRtxThreadListSort                      0x00001995   Thumb Code    36  rtx_thread.o(.text.osRtxThreadListSort)
    osRtxThreadReadyPut                      0x000019e1   Thumb Code    20  rtx_thread.o(.text.osRtxThreadReadyPut)
    osRtxThreadRegPtr                        0x000019f5   Thumb Code     6  rtx_thread.o(.text.osRtxThreadRegPtr)
    osRtxThreadStartup                       0x000019fd   Thumb Code    56  rtx_thread.o(.text.osRtxThreadStartup)
    osRtxThreadSwitch                        0x00001a39   Thumb Code    12  rtx_thread.o(.text.osRtxThreadSwitch)
    osRtxThreadWaitEnter                     0x00001a49   Thumb Code    60  rtx_thread.o(.text.osRtxThreadWaitEnter)
    osRtxThreadWaitExit                      0x00001a89   Thumb Code    34  rtx_thread.o(.text.osRtxThreadWaitExit)
    osRtxTick_Handler                        0x00001aad   Thumb Code   124  rtx_system.o(.text.osRtxTick_Handler)
    osRtxTimerSetup                          0x00001b2d   Thumb Code    28  rtx_timer.o(.text.osRtxTimerSetup)
    osRtxTimerThread                         0x00001b51   Thumb Code    28  rtx_timer.o(.text.osRtxTimerThread)
    osThreadExit                             0x00001be1   Thumb Code     8  rtx_thread.o(.text.osThreadExit)
    osThreadNew                              0x00001bed   Thumb Code    32  rtx_thread.o(.text.osThreadNew)
    playHappyBirthday                        0x00001c11   Thumb Code    92  main.o(.text.playHappyBirthday)
    __scatterload_copy                       0x000023e1   Thumb Code    14  handlers.o(i.__scatterload_copy)
    __scatterload_zeroinit                   0x000023ef   Thumb Code    14  handlers.o(i.__scatterload_zeroinit)
    osRtxConfig                              0x000023fc   Data         112  rtx_lib.o(.rodata)
    os_cb_sections                           0x0000246c   Data          56  rtx_lib.o(.rodata)
    osRtxUserSVC                             0x000024a4   Data           4  rtx_lib.o(.rodata.osRtxUserSVC)
    Region$$Table$$Base                      0x00002514   Number         0  anon$$obj.o(Region$$Table)
    Region$$Table$$Limit                     0x00002534   Number         0  anon$$obj.o(Region$$Table)
    Green_LED_index                          0x1ffff000   Data           4  main.o(.data.Green_LED_index)
    LED_flag                                 0x1ffff004   Data           4  main.o(.data.LED_flag)
    Motor_flag                               0x1ffff008   Data           1  main.o(.data.Motor_flag)
    RED_LED_FLAG                             0x1ffff00c   Data           4  main.o(.data.RED_LED_FLAG)
    SystemCoreClock                          0x1ffff010   Data           4  system_mkl25z4.o(.data.SystemCoreClock)
    osRtxInfo                                0x1ffff0fc   Data         164  rtx_kernel.o(.data.os)
    data                                     0x1ffff1a0   Data           1  main.o(.bss.data)
    .bss.os.msgqueue.cb$$Base                0x200001ec   Number         0  rtx_lib.o(.bss.os.msgqueue.cb)
    .bss.os.msgqueue.cb$$Limit               0x20000220   Number         0  rtx_lib.o(.bss.os.msgqueue.cb)
    .bss.os.thread.cb$$Base                  0x20000270   Number         0  rtx_lib.o(.bss.os.thread.cb)
    .bss.os.thread.cb$$Limit                 0x200002f8   Number         0  rtx_lib.o(.bss.os.thread.cb)
    test_flag                                0x200004f8   Data           4  main.o(.bss.test_flag)
    __initial_sp                             0x20000600   Data           0  startup_mkl25z4.o(STACK)



==============================================================================

Memory Map of the image

  Image Entry point : 0x000000d5

  Load Region LR_1 (Base: 0x00000000, Size: 0x000026d4, Max: 0xffffffff, ABSOLUTE, COMPRESSED[0x0000259c])

    Execution Region ER_RO (Exec base: 0x00000000, Load base: 0x00000000, Size: 0x00002534, Max: 0xffffffff, ABSOLUTE)

    Exec Addr    Load Addr    Size         Type   Attr      Idx    E Section Name        Object

    0x00000000   0x00000000   0x000000c0   Data   RO          103    RESET               startup_mkl25z4.o
    0x000000c0   0x000000c0   0x00000000   Code   RO          593  * .ARM.Collect$$$$00000000  mc_p.l(entry.o)
    0x000000c0   0x000000c0   0x00000004   Code   RO          616    .ARM.Collect$$$$00000001  mc_p.l(entry2.o)
    0x000000c4   0x000000c4   0x00000004   Code   RO          619    .ARM.Collect$$$$00000004  mc_p.l(entry5.o)
    0x000000c8   0x000000c8   0x00000000   Code   RO          621    .ARM.Collect$$$$00000008  mc_p.l(entry7b.o)
    0x000000c8   0x000000c8   0x00000000   Code   RO          623    .ARM.Collect$$$$0000000A  mc_p.l(entry8b.o)
    0x000000c8   0x000000c8   0x00000008   Code   RO          624    .ARM.Collect$$$$0000000B  mc_p.l(entry9a.o)
    0x000000d0   0x000000d0   0x00000000   Code   RO          626    .ARM.Collect$$$$0000000D  mc_p.l(entry10a.o)
    0x000000d0   0x000000d0   0x00000000   Code   RO          628    .ARM.Collect$$$$0000000F  mc_p.l(entry11a.o)
    0x000000d0   0x000000d0   0x00000004   Code   RO          617    .ARM.Collect$$$$00002712  mc_p.l(entry2.o)
    0x000000d4   0x000000d4   0x00000028   Code   RO          105  * .text               startup_mkl25z4.o
    0x000000fc   0x000000fc   0x000000a4   Code   RO          385    .text               RTX_CM0.lib(irq_armv6m.o)
    0x000001a0   0x000001a0   0x00000024   Code   RO          602    .text               mc_p.l(memcpya.o)
    0x000001c4   0x000001c4   0x00000024   Code   RO          604    .text               mc_p.l(memseta.o)
    0x000001e8   0x000001e8   0x0000007a   Code   RO          608    .text               mf_p.l(fmul.o)
    0x00000262   0x00000262   0x0000007c   Code   RO          610    .text               mf_p.l(fdiv.o)
    0x000002de   0x000002de   0x00000032   Code   RO          614    .text               mf_p.l(ffixi.o)
    0x00000310   0x00000310   0x0000003e   Code   RO          632    .text               mc_p.l(uidiv_div0.o)
    0x0000034e   0x0000034e   0x00000002   PAD
    0x00000350   0x00000350   0x00000050   Code   RO          634    .text               mc_p.l(idiv_div0.o)
    0x000003a0   0x000003a0   0x00000000   Code   RO          638    .text               mc_p.l(iusefp.o)
    0x000003a0   0x000003a0   0x00000024   Code   RO          641    .text               mc_p.l(init.o)
    0x000003c4   0x000003c4   0x0000000a   Code   RO           48    .text.Buzzer_thread  main.o
    0x000003ce   0x000003ce   0x0000000a   Code   RO           44    .text.Green_LED_thread  main.o
    0x000003d8   0x000003d8   0x0000001e   Code   RO          529    .text.MessageQueueRemove  RTX_CM0.lib(rtx_msgqueue.o)
    0x000003f6   0x000003f6   0x00000006   Code   RO          575    .text.OS_Tick_GetIRQn  RTX_CM0.lib(os_systick.o)
    0x000003fc   0x000003fc   0x00000002   Code   RO          126    .text.osRtxKernelPreInit  RTX_CM0.lib(rtx_kernel.o)
    0x000003fe   0x000003fe   0x00000002   Code   RO          646    i.__scatterload_null  mc_p.l(handlers.o)
    0x00000400   0x00000400   0x00000010   Code   RO          104    .ARM.__at_0x400     startup_mkl25z4.o
    0x00000410   0x00000410   0x00000082   Code   RO          639    .text               mf_p.l(fepilogue.o)
    0x00000492   0x00000492   0x00000056   Code   RO          651    .text               mc_p.l(__dczerorl2.o)
    0x000004e8   0x000004e8   0x0000005e   Code   RO            8    .text.Direction_convert  main.o
    0x00000546   0x00000546   0x00000002   PAD
    0x00000548   0x00000548   0x00000048   Code   RO           40    .text.Green_LED_Control  main.o
    0x00000590   0x00000590   0x00000138   Code   RO           34    .text.Init_PIT      main.o
    0x000006c8   0x000006c8   0x000001b0   Code   RO           12    .text.Init_PWM      main.o
    0x00000878   0x00000878   0x000000c0   Code   RO            2    .text.Init_UART2    main.o
    0x00000938   0x00000938   0x00000042   Code   RO          537    .text.MessageQueueGet  RTX_CM0.lib(rtx_msgqueue.o)
    0x0000097a   0x0000097a   0x0000005e   Code   RO          531    .text.MessageQueuePut  RTX_CM0.lib(rtx_msgqueue.o)
    0x000009d8   0x000009d8   0x00000084   Code   RO           32    .text.Motor_Control  main.o
    0x00000a5c   0x00000a5c   0x0000000c   Code   RO           50    .text.Motor_thread  main.o
    0x00000a68   0x00000a68   0x00000008   Code   RO          573    .text.OS_Tick_AcknowledgeIRQ  RTX_CM0.lib(os_systick.o)
    0x00000a70   0x00000a70   0x00000024   Code   RO          569    .text.OS_Tick_Enable  RTX_CM0.lib(os_systick.o)
    0x00000a94   0x00000a94   0x0000004c   Code   RO          567    .text.OS_Tick_Setup  RTX_CM0.lib(os_systick.o)
    0x00000ae0   0x00000ae0   0x00000084   Code   RO           36    .text.PIT_IRQHandler  main.o
    0x00000b64   0x00000b64   0x0000001c   Code   RO           22    .text.PWM01_back    main.o
    0x00000b80   0x00000b80   0x0000001c   Code   RO           20    .text.PWM01_forward  main.o
    0x00000b9c   0x00000b9c   0x00000014   Code   RO           24    .text.PWM01_rest    main.o
    0x00000bb0   0x00000bb0   0x00000020   Code   RO           28    .text.PWM23_back    main.o
    0x00000bd0   0x00000bd0   0x00000020   Code   RO           26    .text.PWM23_forward  main.o
    0x00000bf0   0x00000bf0   0x00000014   Code   RO           30    .text.PWM23_rest    main.o
    0x00000c04   0x00000c04   0x00000044   Code   RO           38    .text.Red_LED_Control  main.o
    0x00000c48   0x00000c48   0x0000000a   Code   RO           42    .text.Red_LED_thread  main.o
    0x00000c52   0x00000c52   0x00000002   PAD
    0x00000c54   0x00000c54   0x00000210   Code   RO          116    .text.SystemCoreClockUpdate  system_mkl25z4.o
    0x00000e64   0x00000e64   0x00000150   Code   RO          114    .text.SystemInit    system_mkl25z4.o
    0x00000fb4   0x00000fb4   0x0000004a   Code   RO          272    .text.ThreadFlagsCheck  RTX_CM0.lib(rtx_thread.o)
    0x00000ffe   0x00000ffe   0x00000002   PAD
    0x00001000   0x00001000   0x0000004c   Code   RO          362    .text.TimerInsert   RTX_CM0.lib(rtx_timer.o)
    0x0000104c   0x0000104c   0x00000060   Code   RO           10    .text.UART2_IRQHandler  main.o
    0x000010ac   0x000010ac   0x0000002c   Code   RO            4    .text.__NVIC_ClearPendingIRQ  main.o
    0x000010d8   0x000010d8   0x0000002c   Code   RO            6    .text.__NVIC_EnableIRQ  main.o
    0x00001104   0x00001104   0x00000064   Code   RO           52    .text.main          main.o
    0x00001168   0x00001168   0x00000028   Code   RO          328    .text.osDelay       RTX_CM0.lib(rtx_delay.o)
    0x00001190   0x00001190   0x00000028   Code   RO          130    .text.osKernelInitialize  RTX_CM0.lib(rtx_kernel.o)
    0x000011b8   0x000011b8   0x00000024   Code   RO          140    .text.osKernelStart  RTX_CM0.lib(rtx_kernel.o)
    0x000011dc   0x000011dc   0x00000074   Code   RO          505    .text.osMessageQueueGet  RTX_CM0.lib(rtx_msgqueue.o)
    0x00001250   0x00001250   0x00000074   Code   RO          503    .text.osMessageQueuePut  RTX_CM0.lib(rtx_msgqueue.o)
    0x000012c4   0x000012c4   0x00000040   Code   RO           93    .text.osRtxErrorNotify  rtx_config.o
    0x00001304   0x00001304   0x00000008   Code   RO           91    .text.osRtxIdleThread  rtx_config.o
    0x0000130c   0x0000130c   0x00000008   Code   RO          128    .text.osRtxKernelErrorNotify  RTX_CM0.lib(rtx_kernel.o)
    0x00001314   0x00001314   0x00000078   Code   RO          431    .text.osRtxMemoryAlloc  RTX_CM0.lib(rtx_memory.o)
    0x0000138c   0x0000138c   0x0000004e   Code   RO          433    .text.osRtxMemoryFree  RTX_CM0.lib(rtx_memory.o)
    0x000013da   0x000013da   0x0000002e   Code   RO          429    .text.osRtxMemoryInit  RTX_CM0.lib(rtx_memory.o)
    0x00001408   0x00001408   0x0000002a   Code   RO          445    .text.osRtxMemoryPoolAlloc  RTX_CM0.lib(rtx_mempool.o)
    0x00001432   0x00001432   0x00000036   Code   RO          447    .text.osRtxMemoryPoolFree  RTX_CM0.lib(rtx_mempool.o)
    0x00001468   0x00001468   0x0000003c   Code   RO          443    .text.osRtxMemoryPoolInit  RTX_CM0.lib(rtx_mempool.o)
    0x000014a4   0x000014a4   0x000000bc   Code   RO          527    .text.osRtxMessageQueuePostProcess  RTX_CM0.lib(rtx_msgqueue.o)
    0x00001560   0x00001560   0x00000024   Code   RO          495    .text.osRtxMessageQueueTimerSetup  RTX_CM0.lib(rtx_msgqueue.o)
    0x00001584   0x00001584   0x00000044   Code   RO          393    .text.osRtxMutexOwnerRelease  RTX_CM0.lib(rtx_mutex.o)
    0x000015c8   0x000015c8   0x00000046   Code   RO          395    .text.osRtxMutexOwnerRestore  RTX_CM0.lib(rtx_mutex.o)
    0x0000160e   0x0000160e   0x00000002   PAD
    0x00001610   0x00001610   0x00000080   Code   RO          555    .text.osRtxPendSV_Handler  RTX_CM0.lib(rtx_system.o)
    0x00001690   0x00001690   0x0000006c   Code   RO          557    .text.osRtxPostProcess  RTX_CM0.lib(rtx_system.o)
    0x000016fc   0x000016fc   0x00000034   Code   RO          212    .text.osRtxThreadBlock  RTX_CM0.lib(rtx_thread.o)
    0x00001730   0x00001730   0x0000008c   Code   RO          220    .text.osRtxThreadDelayInsert  RTX_CM0.lib(rtx_thread.o)
    0x000017bc   0x000017bc   0x00000044   Code   RO          216    .text.osRtxThreadDelayRemove  RTX_CM0.lib(rtx_thread.o)
    0x00001800   0x00001800   0x00000054   Code   RO          204    .text.osRtxThreadDelayTick  RTX_CM0.lib(rtx_thread.o)
    0x00001854   0x00001854   0x00000028   Code   RO          304    .text.osRtxThreadDestroy  RTX_CM0.lib(rtx_thread.o)
    0x0000187c   0x0000187c   0x0000004c   Code   RO          210    .text.osRtxThreadDispatch  RTX_CM0.lib(rtx_thread.o)
    0x000018c8   0x000018c8   0x00000054   Code   RO          296    .text.osRtxThreadFree  RTX_CM0.lib(rtx_thread.o)
    0x0000191c   0x0000191c   0x00000020   Code   RO          302    .text.osRtxThreadJoinWakeup  RTX_CM0.lib(rtx_thread.o)
    0x0000193c   0x0000193c   0x00000014   Code   RO          196    .text.osRtxThreadListGet  RTX_CM0.lib(rtx_thread.o)
    0x00001950   0x00001950   0x0000002c   Code   RO          194    .text.osRtxThreadListPut  RTX_CM0.lib(rtx_thread.o)
    0x0000197c   0x0000197c   0x00000018   Code   RO          200    .text.osRtxThreadListRemove  RTX_CM0.lib(rtx_thread.o)
    0x00001994   0x00001994   0x00000024   Code   RO          198    .text.osRtxThreadListSort  RTX_CM0.lib(rtx_thread.o)
    0x000019b8   0x000019b8   0x00000026   Code   RO          270    .text.osRtxThreadPostProcess  RTX_CM0.lib(rtx_thread.o)
    0x000019de   0x000019de   0x00000002   PAD
    0x000019e0   0x000019e0   0x00000014   Code   RO          202    .text.osRtxThreadReadyPut  RTX_CM0.lib(rtx_thread.o)
    0x000019f4   0x000019f4   0x00000006   Code   RO          206    .text.osRtxThreadRegPtr  RTX_CM0.lib(rtx_thread.o)
    0x000019fa   0x000019fa   0x00000002   PAD
    0x000019fc   0x000019fc   0x0000003c   Code   RO          222    .text.osRtxThreadStartup  RTX_CM0.lib(rtx_thread.o)
    0x00001a38   0x00001a38   0x00000010   Code   RO          208    .text.osRtxThreadSwitch  RTX_CM0.lib(rtx_thread.o)
    0x00001a48   0x00001a48   0x00000040   Code   RO          218    .text.osRtxThreadWaitEnter  RTX_CM0.lib(rtx_thread.o)
    0x00001a88   0x00001a88   0x00000022   Code   RO          214    .text.osRtxThreadWaitExit  RTX_CM0.lib(rtx_thread.o)
    0x00001aaa   0x00001aaa   0x00000002   PAD
    0x00001aac   0x00001aac   0x00000080   Code   RO          553    .text.osRtxTick_Handler  RTX_CM0.lib(rtx_system.o)
    0x00001b2c   0x00001b2c   0x00000024   Code   RO          344    .text.osRtxTimerSetup  RTX_CM0.lib(rtx_timer.o)
    0x00001b50   0x00001b50   0x0000001c   Code   RO          348    .text.osRtxTimerThread  RTX_CM0.lib(rtx_timer.o)
    0x00001b6c   0x00001b6c   0x00000074   Code   RO          346    .text.osRtxTimerTick  RTX_CM0.lib(rtx_timer.o)
    0x00001be0   0x00001be0   0x0000000c   Code   RO          254    .text.osThreadExit  RTX_CM0.lib(rtx_thread.o)
    0x00001bec   0x00001bec   0x00000024   Code   RO          226    .text.osThreadNew   RTX_CM0.lib(rtx_thread.o)
    0x00001c10   0x00001c10   0x00000070   Code   RO           16    .text.playHappyBirthday  main.o
    0x00001c80   0x00001c80   0x00000018   Code   RO          332    .text.svcRtxDelay   RTX_CM0.lib(rtx_delay.o)
    0x00001c98   0x00001c98   0x00000140   Code   RO          168    .text.svcRtxKernelInitialize  RTX_CM0.lib(rtx_kernel.o)
    0x00001dd8   0x00001dd8   0x00000084   Code   RO          170    .text.svcRtxKernelStart  RTX_CM0.lib(rtx_kernel.o)
    0x00001e5c   0x00001e5c   0x000000cc   Code   RO          539    .text.svcRtxMessageQueueGet  RTX_CM0.lib(rtx_msgqueue.o)
    0x00001f28   0x00001f28   0x000001c0   Code   RO          497    .text.svcRtxMessageQueueNew  RTX_CM0.lib(rtx_msgqueue.o)
    0x000020e8   0x000020e8   0x000000b0   Code   RO          535    .text.svcRtxMessageQueuePut  RTX_CM0.lib(rtx_msgqueue.o)
    0x00002198   0x00002198   0x0000004c   Code   RO          300    .text.svcRtxThreadExit  RTX_CM0.lib(rtx_thread.o)
    0x000021e4   0x000021e4   0x000001fc   Code   RO          224    .text.svcRtxThreadNew  RTX_CM0.lib(rtx_thread.o)
    0x000023e0   0x000023e0   0x0000000e   Code   RO          645    i.__scatterload_copy  mc_p.l(handlers.o)
    0x000023ee   0x000023ee   0x0000000e   Code   RO          647    i.__scatterload_zeroinit  mc_p.l(handlers.o)
    0x000023fc   0x000023fc   0x00000070   Data   RO           77    .rodata             rtx_lib.o
    0x0000246c   0x0000246c   0x00000038   Data   RO           80    .rodata             rtx_lib.o
    0x000024a4   0x000024a4   0x00000004   Data   RO           79    .rodata.osRtxUserSVC  rtx_lib.o
    0x000024a8   0x000024a8   0x00000024   Data   RO           74    .rodata.os_idle_thread_attr  rtx_lib.o
    0x000024cc   0x000024cc   0x00000018   Data   RO           76    .rodata.os_timer_mq_attr  rtx_lib.o
    0x000024e4   0x000024e4   0x00000024   Data   RO           75    .rodata.os_timer_thread_attr  rtx_lib.o
    0x00002508   0x00002508   0x0000000b   Data   RO          184    .rodata.str1.4      RTX_CM0.lib(rtx_kernel.o)
    0x00002513   0x00002513   0x00000001   PAD
    0x00002514   0x00002514   0x00000020   Data   RO          644    Region$$Table       anon$$obj.o


    Execution Region ER_RW (Exec base: 0x1ffff000, Load base: 0x00002534, Size: 0x000001a0, Max: 0xffffffff, ABSOLUTE, COMPRESSED[0x00000068])

    Exec Addr    Load Addr    Size         Type   Attr      Idx    E Section Name        Object

    0x1ffff000   COMPRESSED   0x00000004   Data   RW           63    .data.Green_LED_index  main.o
    0x1ffff004   COMPRESSED   0x00000004   Data   RW           55    .data.LED_flag      main.o
    0x1ffff008   COMPRESSED   0x00000001   Data   RW           56    .data.Motor_flag    main.o
    0x1ffff009   COMPRESSED   0x00000003   PAD
    0x1ffff00c   COMPRESSED   0x00000004   Data   RW           62    .data.RED_LED_FLAG  main.o
    0x1ffff010   COMPRESSED   0x00000004   Data   RW          118    .data.SystemCoreClock  system_mkl25z4.o
    0x1ffff014   COMPRESSED   0x00000074   Data   RW           61    .data.durations     main.o
    0x1ffff088   COMPRESSED   0x00000074   Data   RW           60    .data.notes         main.o
    0x1ffff0fc   COMPRESSED   0x000000a4   Data   RW          185    .data.os            RTX_CM0.lib(rtx_kernel.o)


    Execution Region ER_ZI (Exec base: 0x1ffff1a0, Load base: 0x0000259c, Size: 0x00001460, Max: 0xffffffff, ABSOLUTE)

    Exec Addr    Load Addr    Size         Type   Attr      Idx    E Section Name        Object

    0x1ffff1a0        -       0x00000001   Zero   RW           57    .bss.data           main.o
    0x1ffff1a1   0x0000259c   0x00000007   PAD
    0x1ffff1a8        -       0x00001040   Zero   RW           73    .bss.os             rtx_lib.o
    0x200001e8        -       0x00000001   Zero   RW          585    .bss.os             RTX_CM0.lib(os_systick.o)
    0x200001e9   0x0000259c   0x00000003   PAD
    0x200001ec        -       0x00000034   Zero   RW           84    .bss.os.msgqueue.cb  rtx_lib.o
    0x20000220        -       0x00000050   Zero   RW           85    .bss.os.msgqueue.mem  rtx_lib.o
    0x20000270        -       0x00000088   Zero   RW           81    .bss.os.thread.cb   rtx_lib.o
    0x200002f8        -       0x00000100   Zero   RW           82    .bss.os.thread.idle.stack  rtx_lib.o
    0x200003f8        -       0x00000100   Zero   RW           83    .bss.os.thread.timer.stack  rtx_lib.o
    0x200004f8        -       0x00000004   Zero   RW           64    .bss.test_flag      main.o
    0x200004fc   0x0000259c   0x00000004   PAD
    0x20000500        -       0x00000100   Zero   RW          101    STACK               startup_mkl25z4.o


==============================================================================

Image component sizes


      Code (inc. data)   RO Data    RW Data    ZI Data      Debug   Object Name

      2032        344          0        245          5       7773   main.o
        72         20          0          0          0        735   rtx_config.o
         0          0        268          0       4940       5611   rtx_lib.o
        56         30        192          0        256        904   startup_mkl25z4.o
       864        100          0          4          0       3334   system_mkl25z4.o

    ----------------------------------------------------------------------
      3028        494        492        252       5212      18357   Object Totals
         0          0         32          0          0          0   (incl. Generated)
         4          0          0          3         11          0   (incl. Padding)

    ----------------------------------------------------------------------

      Code (inc. data)   RO Data    RW Data    ZI Data      Debug   Library Member Name

       164          8          0          0          0        658   irq_armv6m.o
       126         20          0          0          1       2812   os_systick.o
        64          4          0          0          0       2729   rtx_delay.o
       538         36         11        164          0      15793   rtx_kernel.o
       244          0          0          0          0       2665   rtx_memory.o
       156          0          0          0          0      14433   rtx_mempool.o
      1474         40          0          0          0      18183   rtx_msgqueue.o
       138          0          0          0          0       9527   rtx_mutex.o
       364         18          0          0          0       4871   rtx_system.o
      1644         52          0          0          0      31596   rtx_thread.o
       256         16          0          0          0       9965   rtx_timer.o
        86          0          0          0          0          0   __dczerorl2.o
         0          0          0          0          0          0   entry.o
         0          0          0          0          0          0   entry10a.o
         0          0          0          0          0          0   entry11a.o
         8          4          0          0          0          0   entry2.o
         4          0          0          0          0          0   entry5.o
         0          0          0          0          0          0   entry7b.o
         0          0          0          0          0          0   entry8b.o
         8          4          0          0          0          0   entry9a.o
        30          0          0          0          0          0   handlers.o
        80          6          0          0          0         72   idiv_div0.o
        36          8          0          0          0         68   init.o
         0          0          0          0          0          0   iusefp.o
        36          0          0          0          0         60   memcpya.o
        36          0          0          0          0        100   memseta.o
        62          0          0          0          0         72   uidiv_div0.o
       124          0          0          0          0         72   fdiv.o
       130          0          0          0          0        144   fepilogue.o
        50          0          0          0          0         60   ffixi.o
       122          0          0          0          0         72   fmul.o

    ----------------------------------------------------------------------
      5992        216         12        164          4     113952   Library Totals
        12          0          1          0          3          0   (incl. Padding)

    ----------------------------------------------------------------------

      Code (inc. data)   RO Data    RW Data    ZI Data      Debug   Library Name

      5168        194         11        164          1     113232   RTX_CM0.lib
       386         22          0          0          0        372   mc_p.l
       426          0          0          0          0        348   mf_p.l

    ----------------------------------------------------------------------
      5992        216         12        164          4     113952   Library Totals

    ----------------------------------------------------------------------

==============================================================================


      Code (inc. data)   RO Data    RW Data    ZI Data      Debug   

      9020        710        504        416       5216     132029   Grand Totals
      9020        710        504        104       5216     132029   ELF Image Totals (compressed)
      9020        710        504        104          0          0   ROM Totals

==============================================================================

    Total RO  Size (Code + RO Data)                 9524 (   9.30kB)
    Total RW  Size (RW Data + ZI Data)              5632 (   5.50kB)
    Total ROM Size (Code + RO Data + RW Data)       9628 (   9.40kB)

==============================================================================

