Component: Arm Compiler for Embedded 6.19 Tool: armlink [5e73cb00]

==============================================================================

Section Cross References

    main.o(.text.Init_UART2) refers to uidiv_div0.o(.text) for __aeabi_uidiv
    main.o(.text.Init_UART2) refers to main.o(.text.__NVIC_ClearPendingIRQ) for __NVIC_ClearPendingIRQ
    main.o(.text.Init_UART2) refers to main.o(.text.__NVIC_EnableIRQ) for __NVIC_EnableIRQ
    main.o(.ARM.exidx.text.Init_UART2) refers to main.o(.text.Init_UART2) for [Anonymous Symbol]
    main.o(.ARM.exidx.text.__NVIC_ClearPendingIRQ) refers to main.o(.text.__NVIC_ClearPendingIRQ) for [Anonymous Symbol]
    main.o(.ARM.exidx.text.__NVIC_EnableIRQ) refers to main.o(.text.__NVIC_EnableIRQ) for [Anonymous Symbol]
    main.o(.ARM.exidx.text.Direction_convert) refers to main.o(.text.Direction_convert) for [Anonymous Symbol]
    main.o(.ARM.exidx.text.LED_convert) refers to main.o(.text.LED_convert) for [Anonymous Symbol]
    main.o(.text.UART2_IRQHandler) refers to main.o(.text.__NVIC_ClearPendingIRQ) for __NVIC_ClearPendingIRQ
    main.o(.text.UART2_IRQHandler) refers to main.o(.text.Direction_convert) for Direction_convert
    main.o(.text.UART2_IRQHandler) refers to main.o(.text.LED_convert) for LED_convert
    main.o(.text.UART2_IRQHandler) refers to main.o(.bss.data) for data
    main.o(.text.UART2_IRQHandler) refers to main.o(.data.Motor_flag) for Motor_flag
    main.o(.text.UART2_IRQHandler) refers to main.o(.data.LED_flag) for LED_flag
    main.o(.ARM.exidx.text.UART2_IRQHandler) refers to main.o(.text.UART2_IRQHandler) for [Anonymous Symbol]
    main.o(.ARM.exidx.text.Init_PWM) refers to main.o(.text.Init_PWM) for [Anonymous Symbol]
    main.o(.text.playNoteI) refers to fcmpeq.o(.text) for __aeabi_fcmpeq
    main.o(.text.playNoteI) refers to fmul.o(.text) for __aeabi_fmul
    main.o(.text.playNoteI) refers to fdiv.o(.text) for __aeabi_fdiv
    main.o(.text.playNoteI) refers to ffixi.o(.text) for __aeabi_f2iz
    main.o(.text.playNoteI) refers to idiv_div0.o(.text) for __aeabi_idiv
    main.o(.text.playNoteI) refers to main.o(.bss.tone) for [Anonymous Symbol]
    main.o(.ARM.exidx.text.playNoteI) refers to main.o(.text.playNoteI) for [Anonymous Symbol]
    main.o(.text.playHappyBirthday) refers to fmul.o(.text) for __aeabi_fmul
    main.o(.text.playHappyBirthday) refers to fdiv.o(.text) for __aeabi_fdiv
    main.o(.text.playHappyBirthday) refers to ffixi.o(.text) for __aeabi_f2iz
    main.o(.text.playHappyBirthday) refers to dflti.o(.text) for __aeabi_i2d
    main.o(.text.playHappyBirthday) refers to dmul.o(.text) for __aeabi_dmul
    main.o(.text.playHappyBirthday) refers to dfixui.o(.text) for __aeabi_d2uiz
    main.o(.text.playHappyBirthday) refers to rtx_delay.o(.text.osDelay) for osDelay
    main.o(.text.playHappyBirthday) refers to main.o(.data.notes) for [Anonymous Symbol]
    main.o(.text.playHappyBirthday) refers to main.o(.data.durations) for [Anonymous Symbol]
    main.o(.ARM.exidx.text.playHappyBirthday) refers to main.o(.text.playHappyBirthday) for [Anonymous Symbol]
    main.o(.ARM.exidx.text.playEndSong) refers to main.o(.text.playEndSong) for [Anonymous Symbol]
    main.o(.text.PWM01_forward) refers to idiv_div0.o(.text) for __aeabi_idiv
    main.o(.ARM.exidx.text.PWM01_forward) refers to main.o(.text.PWM01_forward) for [Anonymous Symbol]
    main.o(.text.PWM01_back) refers to idiv_div0.o(.text) for __aeabi_idiv
    main.o(.ARM.exidx.text.PWM01_back) refers to main.o(.text.PWM01_back) for [Anonymous Symbol]
    main.o(.ARM.exidx.text.PWM01_rest) refers to main.o(.text.PWM01_rest) for [Anonymous Symbol]
    main.o(.text.PWM23_forward) refers to idiv_div0.o(.text) for __aeabi_idiv
    main.o(.ARM.exidx.text.PWM23_forward) refers to main.o(.text.PWM23_forward) for [Anonymous Symbol]
    main.o(.text.PWM23_back) refers to idiv_div0.o(.text) for __aeabi_idiv
    main.o(.ARM.exidx.text.PWM23_back) refers to main.o(.text.PWM23_back) for [Anonymous Symbol]
    main.o(.ARM.exidx.text.PWM23_rest) refers to main.o(.text.PWM23_rest) for [Anonymous Symbol]
    main.o(.text.Motor_Control) refers to main.o(.text.PWM01_forward) for PWM01_forward
    main.o(.text.Motor_Control) refers to main.o(.text.PWM23_back) for PWM23_back
    main.o(.text.Motor_Control) refers to rtx_delay.o(.text.osDelay) for osDelay
    main.o(.text.Motor_Control) refers to main.o(.text.PWM23_forward) for PWM23_forward
    main.o(.text.Motor_Control) refers to main.o(.text.PWM01_back) for PWM01_back
    main.o(.text.Motor_Control) refers to main.o(.text.PWM01_rest) for PWM01_rest
    main.o(.text.Motor_Control) refers to main.o(.text.PWM23_rest) for PWM23_rest
    main.o(.text.Motor_Control) refers to main.o(.data.Motor_flag) for Motor_flag
    main.o(.ARM.exidx.text.Motor_Control) refers to main.o(.text.Motor_Control) for [Anonymous Symbol]
[...]
    Removing rtx_timer.o(.ARM.exidx.text.osTimerStart), (8 bytes).
    Removing rtx_timer.o(.text.osTimerStop), (40 bytes).
    Removing rtx_timer.o(.ARM.exidx.text.osTimerStop), (8 bytes).
    Removing rtx_timer.o(.text.osTimerIsRunning), (36 bytes).
    Removing rtx_timer.o(.ARM.exidx.text.osTimerIsRunning), (8 bytes).
    Removing rtx_timer.o(.text.osTimerDelete), (40 bytes).
    Removing rtx_timer.o(.ARM.exidx.text.osTimerDelete), (8 bytes).
    Removing rtx_timer.o(.ARM.exidx.text.TimerInsert), (8 bytes).
    Removing rtx_timer.o(.text.svcRtxTimerNew), (132 bytes).
    Removing rtx_timer.o(.ARM.exidx.text.svcRtxTimerNew), (8 bytes).
    Removing rtx_timer.o(.text.svcRtxTimerGetName), (18 bytes).
    Removing rtx_timer.o(.ARM.exidx.text.svcRtxTimerGetName), (8 bytes).
    Removing rtx_timer.o(.text.svcRtxTimerStart), (72 bytes).
    Removing rtx_timer.o(.ARM.exidx.text.svcRtxTimerStart), (8 bytes).
    Removing rtx_timer.o(.text.TimerRemove), (40 bytes).
    Removing rtx_timer.o(.ARM.exidx.text.TimerRemove), (8 bytes).
    Removing rtx_timer.o(.text.svcRtxTimerStop), (42 bytes).
    Removing rtx_timer.o(.ARM.exidx.text.svcRtxTimerStop), (8 bytes).
    Removing rtx_timer.o(.text.svcRtxTimerIsRunning), (24 bytes).
    Removing rtx_timer.o(.ARM.exidx.text.svcRtxTimerIsRunning), (8 bytes).
    Removing rtx_timer.o(.text.svcRtxTimerDelete), (76 bytes).
    Removing rtx_timer.o(.ARM.exidx.text.svcRtxTimerDelete), (8 bytes).
    Removing rtx_mutex.o(.text), (0 bytes).
    Removing rtx_mutex.o(.ARM.exidx.text.osRtxMutexOwnerRelease), (8 bytes).
    Removing rtx_mutex.o(.text.osMutexNew), (36 bytes).
    Removing rtx_mutex.o(.ARM.exidx.text.osMutexNew), (8 bytes).
    Removing rtx_mutex.o(.text.osMutexGetName), (36 bytes).
    Removing rtx_mutex.o(.ARM.exidx.text.osMutexGetName), (8 bytes).
    Removing rtx_mutex.o(.text.osMutexAcquire), (40 bytes).
    Removing rtx_mutex.o(.ARM.exidx.text.osMutexAcquire), (8 bytes).
    Removing rtx_mutex.o(.text.osMutexRelease), (40 bytes).
    Removing rtx_mutex.o(.ARM.exidx.text.osMutexRelease), (8 bytes).
    Removing rtx_mutex.o(.text.osMutexGetOwner), (36 bytes).
    Removing rtx_mutex.o(.ARM.exidx.text.osMutexGetOwner), (8 bytes).
    Removing rtx_mutex.o(.text.osMutexDelete), (40 bytes).
    Removing rtx_mutex.o(.ARM.exidx.text.osMutexDelete), (8 bytes).
    Removing rtx_mutex.o(.text.svcRtxMutexNew), (112 bytes).
    Removing rtx_mutex.o(.ARM.exidx.text.svcRtxMutexNew), (8 bytes).
    Removing rtx_mutex.o(.text.svcRtxMutexGetName), (18 bytes).
    Removing rtx_mutex.o(.ARM.exidx.text.svcRtxMutexGetName), (8 bytes).
    Removing rtx_mutex.o(.text.svcRtxMutexAcquire), (152 bytes).
    Removing rtx_mutex.o(.ARM.exidx.text.svcRtxMutexAcquire), (8 bytes).
    Removing rtx_mutex.o(.text.svcRtxMutexRelease), (192 bytes).
    Removing rtx_mutex.o(.ARM.exidx.text.svcRtxMutexRelease), (8 bytes).
    Removing rtx_mutex.o(.text.svcRtxMutexGetOwner), (24 bytes).
    Removing rtx_mutex.o(.ARM.exidx.text.svcRtxMutexGetOwner), (8 bytes).
    Removing rtx_mutex.o(.text.svcRtxMutexDelete), (188 bytes).
    Removing rtx_mutex.o(.ARM.exidx.text.svcRtxMutexDelete), (8 bytes).
    Removing rtx_memory.o(.text), (0 bytes).
    Removing rtx_memory.o(.ARM.exidx.text.osRtxMemoryInit), (8 bytes).
    Removing rtx_memory.o(.ARM.exidx.text.osRtxMemoryAlloc), (8 bytes).
    Removing rtx_memory.o(.ARM.exidx.text.osRtxMemoryFree), (8 bytes).
    Removing rtx_mempool.o(.text), (0 bytes).
    Removing rtx_mempool.o(.ARM.exidx.text.osRtxMemoryPoolInit), (8 bytes).
    Removing rtx_mempool.o(.ARM.exidx.text.osRtxMemoryPoolAlloc), (8 bytes).
    Removing rtx_mempool.o(.ARM.exidx.text.osRtxMemoryPoolFree), (8 bytes).
    Removing rtx_mempool.o(.text.osMemoryPoolNew), (36 bytes).
    Removing rtx_mempool.o(.ARM.exidx.text.osMemoryPoolNew), (8 bytes).
    Removing rtx_mempool.o(.text.osMemoryPoolGetName), (36 bytes).
    Removing rtx_mempool.o(.ARM.exidx.text.osMemoryPoolGetName), (8 bytes).
    Removing rtx_mempool.o(.text.osMemoryPoolAlloc), (56 bytes).
    Removing rtx_mempool.o(.ARM.exidx.text.osMemoryPoolAlloc), (8 bytes).
    Removing rtx_mempool.o(.text.osMemoryPoolFree), (72 bytes).
    Removing rtx_mempool.o(.ARM.exidx.text.osMemoryPoolFree), (8 bytes).
    Removing rtx_mempool.o(.text.osMemoryPoolGetCapacity), (48 bytes).
    Removing rtx_mempool.o(.ARM.exidx.text.osMemoryPoolGetCapacity), (8 bytes).
    Removing rtx_mempool.o(.text.svcRtxMemoryPoolGetCapacity), (18 bytes).
    Removing rtx_mempool.o(.ARM.exidx.text.svcRtxMemoryPoolGetCapacity), (8 bytes).
    Removing rtx_mempool.o(.text.osMemoryPoolGetBlockSize), (48 bytes).
    Removing rtx_mempool.o(.ARM.exidx.text.osMemoryPoolGetBlockSize), (8 bytes).
    Removing rtx_mempool.o(.text.svcRtxMemoryPoolGetBlockSize), (18 bytes).
    Removing rtx_mempool.o(.ARM.exidx.text.svcRtxMemoryPoolGetBlockSize), (8 bytes).
    Removing rtx_mempool.o(.text.osMemoryPoolGetCount), (48 bytes).
    Removing rtx_mempool.o(.ARM.exidx.text.osMemoryPoolGetCount), (8 bytes).
    Removing rtx_mempool.o(.text.svcRtxMemoryPoolGetCount), (18 bytes).
    Removing rtx_mempool.o(.ARM.exidx.text.svcRtxMemoryPoolGetCount), (8 bytes).
    Removing rtx_mempool.o(.text.osMemoryPoolGetSpace), (36 bytes).
    Removing rtx_mempool.o(.ARM.exidx.text.osMemoryPoolGetSpace), (8 bytes).
    Removing rtx_mempool.o(.text.svcRtxMemoryPoolGetSpace), (22 bytes).
    Removing rtx_mempool.o(.ARM.exidx.text.svcRtxMemoryPoolGetSpace), (8 bytes).
    Removing rtx_mempool.o(.text.osMemoryPoolDelete), (40 bytes).
    Removing rtx_mempool.o(.ARM.exidx.text.osMemoryPoolDelete), (8 bytes).
    Removing rtx_mempool.o(.text.svcRtxMemoryPoolNew), (444 bytes).
    Removing rtx_mempool.o(.ARM.exidx.text.svcRtxMemoryPoolNew), (8 bytes).
    Removing rtx_mempool.o(.text.osRtxMemoryPoolPostProcess), (40 bytes).
    Removing rtx_mempool.o(.ARM.exidx.text.osRtxMemoryPoolPostProcess), (8 bytes).
    Removing rtx_mempool.o(.text.svcRtxMemoryPoolGetName), (18 bytes).
    Removing rtx_mempool.o(.ARM.exidx.text.svcRtxMemoryPoolGetName), (8 bytes).
    Removing rtx_mempool.o(.text.svcRtxMemoryPoolAlloc), (64 bytes).
    Removing rtx_mempool.o(.ARM.exidx.text.svcRtxMemoryPoolAlloc), (8 bytes).
    Removing rtx_mempool.o(.text.svcRtxMemoryPoolFree), (72 bytes).
    Removing rtx_mempool.o(.ARM.exidx.text.svcRtxMemoryPoolFree), (8 bytes).
    Removing rtx_mempool.o(.text.svcRtxMemoryPoolDelete), (112 bytes).
    Removing rtx_mempool.o(.ARM.exidx.text.svcRtxMemoryPoolDelete), (8 bytes).
    Removing rtx_system.o(.text), (0 bytes).
    Removing rtx_system.o(.ARM.exidx.text.osRtxTick_Handler), (8 bytes).
    Removing rtx_system.o(.ARM.exidx.text.osRtxPendSV_Handler), (8 bytes).
    Removing rtx_system.o(.ARM.exidx.text.osRtxPostProcess), (8 bytes).
    Removing os_systick.o(.text), (0 bytes).
    Removing os_systick.o(.ARM.exidx.text.OS_Tick_Setup), (8 bytes).
    Removing os_systick.o(.ARM.exidx.text.OS_Tick_Enable), (8 bytes).
    Removing os_systick.o(.text.OS_Tick_Disable), (40 bytes).
    Removing os_systick.o(.ARM.exidx.text.OS_Tick_Disable), (8 bytes).
    Removing os_systick.o(.ARM.exidx.text.OS_Tick_AcknowledgeIRQ), (8 bytes).
    Removing os_systick.o(.ARM.exidx.text.OS_Tick_GetIRQn), (8 bytes).
    Removing os_systick.o(.text.OS_Tick_GetClock), (12 bytes).
    Removing os_systick.o(.ARM.exidx.text.OS_Tick_GetClock), (8 bytes).
    Removing os_systick.o(.text.OS_Tick_GetInterval), (12 bytes).
    Removing os_systick.o(.ARM.exidx.text.OS_Tick_GetInterval), (8 bytes).
    Removing os_systick.o(.text.OS_Tick_GetCount), (16 bytes).
    Removing os_systick.o(.ARM.exidx.text.OS_Tick_GetCount), (8 bytes).
    Removing os_systick.o(.text.OS_Tick_GetOverflow), (16 bytes).
    Removing os_systick.o(.ARM.exidx.text.OS_Tick_GetOverflow), (8 bytes).
    Removing rtx_msgqueue.o(.text), (0 bytes).
    Removing rtx_msgqueue.o(.ARM.exidx.text.osMessageQueueNew), (8 bytes).
    Removing rtx_msgqueue.o(.text.osMessageQueueGetName), (36 bytes).
    Removing rtx_msgqueue.o(.ARM.exidx.text.osMessageQueueGetName), (8 bytes).
    Removing rtx_msgqueue.o(.ARM.exidx.text.osMessageQueuePut), (8 bytes).
    Removing rtx_msgqueue.o(.ARM.exidx.text.osMessageQueueGet), (8 bytes).
    Removing rtx_msgqueue.o(.text.osMessageQueueGetCapacity), (48 bytes).
    Removing rtx_msgqueue.o(.ARM.exidx.text.osMessageQueueGetCapacity), (8 bytes).
    Removing rtx_msgqueue.o(.text.svcRtxMessageQueueGetCapacity), (18 bytes).
    Removing rtx_msgqueue.o(.ARM.exidx.text.svcRtxMessageQueueGetCapacity), (8 bytes).
    Removing rtx_msgqueue.o(.text.osMessageQueueGetMsgSize), (48 bytes).
    Removing rtx_msgqueue.o(.ARM.exidx.text.osMessageQueueGetMsgSize), (8 bytes).
    Removing rtx_msgqueue.o(.text.svcRtxMessageQueueGetMsgSize), (18 bytes).
    Removing rtx_msgqueue.o(.ARM.exidx.text.svcRtxMessageQueueGetMsgSize), (8 bytes).
    Removing rtx_msgqueue.o(.text.osMessageQueueGetCount), (48 bytes).
    Removing rtx_msgqueue.o(.ARM.exidx.text.osMessageQueueGetCount), (8 bytes).
    Removing rtx_msgqueue.o(.text.svcRtxMessageQueueGetCount), (18 bytes).
    Removing rtx_msgqueue.o(.ARM.exidx.text.svcRtxMessageQueueGetCount), (8 bytes).
    Removing rtx_msgqueue.o(.text.osMessageQueueGetSpace), (36 bytes).
    Removing rtx_msgqueue.o(.ARM.exidx.text.osMessageQueueGetSpace), (8 bytes).
    Removing rtx_msgqueue.o(.text.svcRtxMessageQueueGetSpace), (22 bytes).
    Removing rtx_msgqueue.o(.ARM.exidx.text.svcRtxMessageQueueGetSpace), (8 bytes).
    Removing rtx_msgqueue.o(.text.osMessageQueueReset), (40 bytes).
    Removing rtx_msgqueue.o(.ARM.exidx.text.osMessageQueueReset), (8 bytes).
    Removing rtx_msgqueue.o(.text.osMessageQueueDelete), (40 bytes).
    Removing rtx_msgqueue.o(.ARM.exidx.text.osMessageQueueDelete), (8 bytes).
    Removing rtx_msgqueue.o(.ARM.exidx.text.svcRtxMessageQueueNew), (8 bytes).
    Removing rtx_msgqueue.o(.ARM.exidx.text.osRtxMessageQueuePostProcess), (8 bytes).
    Removing rtx_msgqueue.o(.ARM.exidx.text.MessageQueueRemove), (8 bytes).
    Removing rtx_msgqueue.o(.ARM.exidx.text.MessageQueuePut), (8 bytes).
    Removing rtx_msgqueue.o(.text.svcRtxMessageQueueGetName), (18 bytes).
    Removing rtx_msgqueue.o(.ARM.exidx.text.svcRtxMessageQueueGetName), (8 bytes).
    Removing rtx_msgqueue.o(.ARM.exidx.text.svcRtxMessageQueuePut), (8 bytes).
    Removing rtx_msgqueue.o(.ARM.exidx.text.MessageQueueGet), (8 bytes).
    Removing rtx_msgqueue.o(.ARM.exidx.text.svcRtxMessageQueueGet), (8 bytes).
    Removing rtx_msgqueue.o(.text.svcRtxMessageQueueReset), (162 bytes).
    Removing rtx_msgqueue.o(.ARM.exidx.text.svcRtxMessageQueueReset), (8 bytes).
    Removing rtx_msgqueue.o(.text.svcRtxMessageQueueDelete), (112 bytes).
    Removing rtx_msgqueue.o(.ARM.exidx.text.svcRtxMessageQueueDelete), (8 bytes).
    Removing fcmpeq.o(.text), (28 bytes).

363 unused section(s) (total 8465 bytes) removed from the image.

==============================================================================

Image Symbol Table

    Local Symbols

    Symbol Name                              Value     Ov Type        Size  Object(Section)

    ../clib/../cmprslib/zerorunl2.c          0x00000000   Number         0  __dczerorl2.o ABSOLUTE
    ../clib/division.s                       0x00000000   Number         0  aeabi_sdiv.o ABSOLUTE
    ../clib/division.s                       0x00000000   Number         0  aeabi_sdiv_div0.o ABSOLUTE
    ../clib/microlib/division.c              0x00000000   Number         0  uidiv.o ABSOLUTE
    ../clib/microlib/division.c              0x00000000   Number         0  idiv.o ABSOLUTE
    ../clib/microlib/division.c              0x00000000   Number         0  uidiv_div0.o ABSOLUTE
    ../clib/microlib/division.c              0x00000000   Number         0  idiv_div0.o ABSOLUTE
    ../clib/microlib/division.c              0x00000000   Number         0  idiv0.o ABSOLUTE
    ../clib/microlib/init/entry.s            0x00000000   Number         0  entry.o ABSOLUTE
    ../clib/microlib/init/entry.s            0x00000000   Number         0  entry2.o ABSOLUTE
    ../clib/microlib/init/entry.s            0x00000000   Number         0  entry5.o ABSOLUTE
    ../clib/microlib/init/entry.s            0x00000000   Number         0  entry7a.o ABSOLUTE
    ../clib/microlib/init/entry.s            0x00000000   Number         0  entry7b.o ABSOLUTE
    ../clib/microlib/init/entry.s            0x00000000   Number         0  entry8a.o ABSOLUTE
    ../clib/microlib/init/entry.s            0x00000000   Number         0  entry8b.o ABSOLUTE
    ../clib/microlib/init/entry.s            0x00000000   Number         0  entry9a.o ABSOLUTE
    ../clib/microlib/init/entry.s            0x00000000   Number         0  entry9b.o ABSOLUTE
    ../clib/microlib/init/entry.s            0x00000000   Number         0  entry10a.o ABSOLUTE
    ../clib/microlib/init/entry.s            0x00000000   Number         0  entry10b.o ABSOLUTE
    ../clib/microlib/init/entry.s            0x00000000   Number         0  entry11a.o ABSOLUTE
    ../clib/microlib/init/entry.s            0x00000000   Number         0  entry11b.o ABSOLUTE
    ../clib/microlib/longlong.c              0x00000000   Number         0  llushr.o ABSOLUTE
    ../clib/microlib/longlong.c              0x00000000   Number         0  llshl.o ABSOLUTE
    ../clib/microlib/string/memcpy.c         0x00000000   Number         0  memcpya.o ABSOLUTE
    ../clib/microlib/string/memcpy.c         0x00000000   Number         0  memcpyb.o ABSOLUTE
    ../clib/microlib/string/memset.c         0x00000000   Number         0  memseta.o ABSOLUTE
    ../clib/microlib/stubs.s                 0x00000000   Number         0  iusefp.o ABSOLUTE
    ../fplib/microlib/fpcmp.c                0x00000000   Number         0  fcmpeq.o ABSOLUTE
    ../fplib/microlib/fpdiv.c                0x00000000   Number         0  fdiv.o ABSOLUTE
    ../fplib/microlib/fpepilogue.c           0x00000000   Number         0  fepilogue.o ABSOLUTE
    ../fplib/microlib/fpepilogue.c           0x00000000   Number         0  depilogue.o ABSOLUTE
    ../fplib/microlib/fpfix.c                0x00000000   Number         0  ffixi.o ABSOLUTE
    ../fplib/microlib/fpfix.c                0x00000000   Number         0  dfixui.o ABSOLUTE
    ../fplib/microlib/fpflt.c                0x00000000   Number         0  dflti.o ABSOLUTE
    ../fplib/microlib/fpmul.c                0x00000000   Number         0  fmul.o ABSOLUTE
    ../fplib/microlib/fpmul.c                0x00000000   Number         0  dmul.o ABSOLUTE
    ..\..\..\Source\ARM\irq_cm0.s            0x00000000   Number         0  irq_cm0.o ABSOLUTE
    RTE/Device/MKL25Z128xxx4/startup_MKL25Z4.s 0x00000000   Number         0  startup_mkl25z4.o ABSOLUTE
    RTX_Config.c                             0x00000000   Number         0  rtx_config.o ABSOLUTE
    dc.s                                     0x00000000   Number         0  dc.o ABSOLUTE
    handlers.s                               0x00000000   Number         0  handlers.o ABSOLUTE
    init.s                                   0x00000000   Number         0  init.o ABSOLUTE
    main.c                                   0x00000000   Number         0  main.o ABSOLUTE
    os_systick.c                             0x00000000   Number         0  os_systick.o ABSOLUTE
    rtx_delay.c                              0x00000000   Number         0  rtx_delay.o ABSOLUTE
    rtx_kernel.c                             0x00000000   Number         0  rtx_kernel.o ABSOLUTE
    rtx_lib.c                                0x00000000   Number         0  rtx_lib.o ABSOLUTE
    rtx_memory.c                             0x00000000   Number         0  rtx_memory.o ABSOLUTE
    rtx_mempool.c                            0x00000000   Number         0  rtx_mempool.o ABSOLUTE
    rtx_msgqueue.c                           0x00000000   Number         0  rtx_msgqueue.o ABSOLUTE
    rtx_mutex.c                              0x00000000   Number         0  rtx_mutex.o ABSOLUTE
    rtx_system.c                             0x00000000   Number         0  rtx_system.o ABSOLUTE
    rtx_thread.c                             0x00000000   Number         0  rtx_thread.o ABSOLUTE
    rtx_timer.c                              0x00000000   Number         0  rtx_timer.o ABSOLUTE
    system_MKL25Z4.c                         0x00000000   Number         0  system_mkl25z4.o ABSOLUTE
    RESET                                    0x00000000   Section      192  startup_mkl25z4.o(RESET)
    .ARM.Collect$$$$00000000                 0x000000c0   Section        0  entry.o(.ARM.Collect$$$$00000000)
    .ARM.Collect$$$$00000001                 0x000000c0   Section        4  entry2.o(.ARM.Collect$$$$00000001)
    .ARM.Collect$$$$00000004                 0x000000c4   Section        4  entry5.o(.ARM.Collect$$$$00000004)
    .ARM.Collect$$$$00000008                 0x000000c8   Section        0  entry7b.o(.ARM.Collect$$$$00000008)
    .ARM.Collect$$$$0000000A                 0x000000c8   Section        0  entry8b.o(.ARM.Collect$$$$0000000A)
    .ARM.Collect$$$$0000000B                 0x000000c8   Section        8  entry9a.o(.ARM.Collect$$$$0000000B)
    __lit__00000000                          0x000000d0   Data           4  entry2.o(.ARM.Collect$$$$00002712)
    .ARM.Collect$$$$0000000D                 0x000000d0   Section        0  entry10a.o(.ARM.Collect$$$$0000000D)
    .ARM.Collect$$$$0000000F                 0x000000d0   Section        0  entry11a.o(.ARM.Collect$$$$0000000F)
    .ARM.Collect$$$$00002712                 0x000000d0   Section        4  entry2.o(.ARM.Collect$$$$00002712)
    .text                                    0x000000d4   Section       40  startup_mkl25z4.o(.text)
    .text                                    0x000000fc   Section      164  irq_cm0.o(.text)
    .text                                    0x000001a0   Section        0  memcpya.o(.text)
    .text                                    0x000001c4   Section        0  memseta.o(.text)
    .text                                    0x000001e8   Section        0  fmul.o(.text)
    .text                                    0x00000262   Section        0  fdiv.o(.text)
    .text                                    0x000002e0   Section        0  dmul.o(.text)
    .text                                    0x000003b0   Section        0  dflti.o(.text)
    .text                                    0x000003d8   Section        0  llushr.o(.text)
    [Anonymous Symbol]                       0x000003fa   Section        0  os_systick.o(.text.OS_Tick_GetIRQn)
    .text                                    0x000003fa   Section        0  iusefp.o(.text)
    .ARM.__at_0x400                          0x00000400   Section       16  startup_mkl25z4.o(.ARM.__at_0x400)
    .text                                    0x00000410   Section        0  ffixi.o(.text)
    .text                                    0x00000444   Section        0  dfixui.o(.text)
    .text                                    0x00000480   Section        0  uidiv_div0.o(.text)
    .text                                    0x000004c0   Section        0  idiv_div0.o(.text)
    .text                                    0x00000510   Section        0  fepilogue.o(.text)
    .text                                    0x00000592   Section        0  depilogue.o(.text)
    .text                                    0x00000650   Section       36  init.o(.text)
    .text                                    0x00000674   Section        0  llshl.o(.text)
    .text                                    0x00000694   Section        0  __dczerorl2.o(.text)
    [Anonymous Symbol]                       0x000006ea   Section        0  main.o(.text.Buzzer_thread)
    [Anonymous Symbol]                       0x000006f4   Section        0  main.o(.text.Direction_convert)
    [Anonymous Symbol]                       0x0000075c   Section        0  main.o(.text.Green_LED_Control)
    __arm_cp.20_0                            0x00000790   Number         4  main.o(.text.Green_LED_Control)
    __arm_cp.20_1                            0x00000794   Number         4  main.o(.text.Green_LED_Control)
    __arm_cp.20_2                            0x00000798   Number         4  main.o(.text.Green_LED_Control)
    __arm_cp.20_3                            0x0000079c   Number         4  main.o(.text.Green_LED_Control)
    __arm_cp.20_4                            0x000007a0   Number         4  main.o(.text.Green_LED_Control)
    [Anonymous Symbol]                       0x000007a4   Section        0  main.o(.text.Green_LED_thread)
    [Anonymous Symbol]                       0x000007b0   Section        0  main.o(.text.Init_PIT)
    __arm_cp.17_2                            0x000008a4   Number         4  main.o(.text.Init_PIT)
    __arm_cp.17_4                            0x000008a8   Number         4  main.o(.text.Init_PIT)
    __arm_cp.17_5                            0x000008ac   Number         4  main.o(.text.Init_PIT)
    __arm_cp.17_6                            0x000008b0   Number         4  main.o(.text.Init_PIT)
    __arm_cp.17_7                            0x000008b4   Number         4  main.o(.text.Init_PIT)
    __arm_cp.17_8                            0x000008b8   Number         4  main.o(.text.Init_PIT)
    __arm_cp.17_9                            0x000008bc   Number         4  main.o(.text.Init_PIT)
    __arm_cp.17_10                           0x000008c0   Number         4  main.o(.text.Init_PIT)
    __arm_cp.17_11                           0x000008c4   Number         4  main.o(.text.Init_PIT)
    __arm_cp.17_12                           0x000008c8   Number         4  main.o(.text.Init_PIT)
    __arm_cp.17_13                           0x000008cc   Number         4  main.o(.text.Init_PIT)
    __arm_cp.17_14                           0x000008d0   Number         4  main.o(.text.Init_PIT)
    __arm_cp.17_15                           0x000008d4   Number         4  main.o(.text.Init_PIT)
    __arm_cp.17_16                           0x000008d8   Number         4  main.o(.text.Init_PIT)
    __arm_cp.17_17                           0x000008dc   Number         4  main.o(.text.Init_PIT)
    __arm_cp.17_18                           0x000008e0   Number         4  main.o(.text.Init_PIT)
    __arm_cp.17_19                           0x000008e4   Number         4  main.o(.text.Init_PIT)
    [Anonymous Symbol]                       0x000008e8   Section        0  main.o(.text.Init_PWM)
    __arm_cp.6_1                             0x00000a3c   Number         4  main.o(.text.Init_PWM)
    __arm_cp.6_2                             0x00000a40   Number         4  main.o(.text.Init_PWM)
    __arm_cp.6_3                             0x00000a44   Number         4  main.o(.text.Init_PWM)
    __arm_cp.6_4                             0x00000a48   Number         4  main.o(.text.Init_PWM)
    __arm_cp.6_5                             0x00000a4c   Number         4  main.o(.text.Init_PWM)
    __arm_cp.6_6                             0x00000a50   Number         4  main.o(.text.Init_PWM)
    __arm_cp.6_7                             0x00000a54   Number         4  main.o(.text.Init_PWM)
    __arm_cp.6_8                             0x00000a58   Number         4  main.o(.text.Init_PWM)
    __arm_cp.6_9                             0x00000a5c   Number         4  main.o(.text.Init_PWM)
    __arm_cp.6_10                            0x00000a60   Number         4  main.o(.text.Init_PWM)
    __arm_cp.6_11                            0x00000a64   Number         4  main.o(.text.Init_PWM)
    __arm_cp.6_12                            0x00000a68   Number         4  main.o(.text.Init_PWM)
    __arm_cp.6_13                            0x00000a6c   Number         4  main.o(.text.Init_PWM)
    __arm_cp.6_14                            0x00000a70   Number         4  main.o(.text.Init_PWM)
    __arm_cp.6_15                            0x00000a74   Number         4  main.o(.text.Init_PWM)
    __arm_cp.6_16                            0x00000a78   Number         4  main.o(.text.Init_PWM)
    __arm_cp.6_17                            0x00000a7c   Number         4  main.o(.text.Init_PWM)
    __arm_cp.6_18                            0x00000a80   Number         4  main.o(.text.Init_PWM)
    __arm_cp.6_19                            0x00000a84   Number         4  main.o(.text.Init_PWM)
    __arm_cp.6_20                            0x00000a88   Number         4  main.o(.text.Init_PWM)
    __arm_cp.6_21                            0x00000a8c   Number         4  main.o(.text.Init_PWM)
    __arm_cp.6_22                            0x00000a90   Number         4  main.o(.text.Init_PWM)
    __arm_cp.6_23                            0x00000a94   Number         4  main.o(.text.Init_PWM)
    __arm_cp.6_24                            0x00000a98   Number         4  main.o(.text.Init_PWM)
    __arm_cp.6_25                            0x00000a9c   Number         4  main.o(.text.Init_PWM)
    __arm_cp.6_26                            0x00000aa0   Number         4  main.o(.text.Init_PWM)
    [Anonymous Symbol]                       0x00000aa4   Section        0  main.o(.text.Init_UART2)
    __arm_cp.0_0                             0x00000b3c   Number         4  main.o(.text.Init_UART2)
    __arm_cp.0_1                             0x00000b40   Number         4  main.o(.text.Init_UART2)
    __arm_cp.0_2                             0x00000b44   Number         4  main.o(.text.Init_UART2)
    __arm_cp.0_3                             0x00000b48   Number         4  main.o(.text.Init_UART2)
    __arm_cp.0_4                             0x00000b4c   Number         4  main.o(.text.Init_UART2)
    __arm_cp.0_5                             0x00000b50   Number         4  main.o(.text.Init_UART2)
    __arm_cp.0_6                             0x00000b54   Number         4  main.o(.text.Init_UART2)
    __arm_cp.0_7                             0x00000b58   Number         4  main.o(.text.Init_UART2)
    __arm_cp.0_8                             0x00000b5c   Number         4  main.o(.text.Init_UART2)
    __arm_cp.0_9                             0x00000b60   Number         4  main.o(.text.Init_UART2)
    [Anonymous Symbol]                       0x00000b64   Section        0  main.o(.text.LED_convert)
    MessageQueueGet                          0x00000b87   Thumb Code    76  rtx_msgqueue.o(.text.MessageQueueGet)
    [Anonymous Symbol]                       0x00000b86   Section        0  rtx_msgqueue.o(.text.MessageQueueGet)
    MessageQueuePut                          0x00000bd3   Thumb Code    98  rtx_msgqueue.o(.text.MessageQueuePut)
    [Anonymous Symbol]                       0x00000bd2   Section        0  rtx_msgqueue.o(.text.MessageQueuePut)
    MessageQueueRemove                       0x00000c35   Thumb Code    30  rtx_msgqueue.o(.text.MessageQueueRemove)
    [Anonymous Symbol]                       0x00000c34   Section        0  rtx_msgqueue.o(.text.MessageQueueRemove)
    [Anonymous Symbol]                       0x00000c54   Section        0  main.o(.text.Motor_Control)
    __arm_cp.16_0                            0x00000cf0   Number         4  main.o(.text.Motor_Control)
    [Anonymous Symbol]                       0x00000cf4   Section        0  main.o(.text.Motor_thread)
    [Anonymous Symbol]                       0x00000d00   Section        0  os_systick.o(.text.OS_Tick_AcknowledgeIRQ)
    [Anonymous Symbol]                       0x00000d08   Section        0  os_systick.o(.text.OS_Tick_Enable)
    __arm_cp.1_1                             0x00000d28   Number         4  os_systick.o(.text.OS_Tick_Enable)
    [Anonymous Symbol]                       0x00000d2c   Section        0  os_systick.o(.text.OS_Tick_Setup)
    __arm_cp.0_0                             0x00000d68   Number         4  os_systick.o(.text.OS_Tick_Setup)
    __arm_cp.0_1                             0x00000d6c   Number         4  os_systick.o(.text.OS_Tick_Setup)
    __arm_cp.0_2                             0x00000d70   Number         4  os_systick.o(.text.OS_Tick_Setup)
    __arm_cp.0_3                             0x00000d74   Number         4  os_systick.o(.text.OS_Tick_Setup)
    [Anonymous Symbol]                       0x00000d78   Section        0  main.o(.text.PIT_IRQHandler)
    __arm_cp.18_0                            0x00000de4   Number         4  main.o(.text.PIT_IRQHandler)
    __arm_cp.18_2                            0x00000de8   Number         4  main.o(.text.PIT_IRQHandler)
    __arm_cp.18_3                            0x00000dec   Number         4  main.o(.text.PIT_IRQHandler)
    __arm_cp.18_4                            0x00000df0   Number         4  main.o(.text.PIT_IRQHandler)
    __arm_cp.18_5                            0x00000df4   Number         4  main.o(.text.PIT_IRQHandler)
    __arm_cp.18_6                            0x00000df8   Number         4  main.o(.text.PIT_IRQHandler)
    [Anonymous Symbol]                       0x00000dfc   Section        0  main.o(.text.PWM01_back)
    [Anonymous Symbol]                       0x00000e18   Section        0  main.o(.text.PWM01_forward)
    [Anonymous Symbol]                       0x00000e34   Section        0  main.o(.text.PWM01_rest)
    __arm_cp.12_0                            0x00000e40   Number         4  main.o(.text.PWM01_rest)
    __arm_cp.12_1                            0x00000e44   Number         4  main.o(.text.PWM01_rest)
    [Anonymous Symbol]                       0x00000e48   Section        0  main.o(.text.PWM23_back)
    [Anonymous Symbol]                       0x00000e64   Section        0  main.o(.text.PWM23_forward)
    __arm_cp.13_1                            0x00000e80   Number         4  main.o(.text.PWM23_forward)
    [Anonymous Symbol]                       0x00000e84   Section        0  main.o(.text.PWM23_rest)
    __arm_cp.15_0                            0x00000e90   Number         4  main.o(.text.PWM23_rest)
    __arm_cp.15_1                            0x00000e94   Number         4  main.o(.text.PWM23_rest)
    [Anonymous Symbol]                       0x00000e98   Section        0  main.o(.text.Red_LED_Control)
    __arm_cp.19_0                            0x00000ed0   Number         4  main.o(.text.Red_LED_Control)
    __arm_cp.19_1                            0x00000ed4   Number         4  main.o(.text.Red_LED_Control)
    __arm_cp.19_2                            0x00000ed8   Number         4  main.o(.text.Red_LED_Control)
    [Anonymous Symbol]                       0x00000edc   Section        0  main.o(.text.Red_LED_thread)
    [Anonymous Symbol]                       0x00000ee8   Section        0  system_mkl25z4.o(.text.SystemCoreClockUpdate)
    __arm_cp.1_1                             0x000010e4   Number         4  system_mkl25z4.o(.text.SystemCoreClockUpdate)
    __arm_cp.1_4                             0x000010e8   Number         4  system_mkl25z4.o(.text.SystemCoreClockUpdate)
    __arm_cp.1_8                             0x000010ec   Number         4  system_mkl25z4.o(.text.SystemCoreClockUpdate)
    __arm_cp.1_9                             0x000010f0   Number         4  system_mkl25z4.o(.text.SystemCoreClockUpdate)
    __arm_cp.1_11                            0x000010f4   Number         4  system_mkl25z4.o(.text.SystemCoreClockUpdate)
    [Anonymous Symbol]                       0x000010f8   Section        0  system_mkl25z4.o(.text.SystemInit)
    __arm_cp.0_0                             0x000011f8   Number         4  system_mkl25z4.o(.text.SystemInit)
    __arm_cp.0_1                             0x000011fc   Number         4  system_mkl25z4.o(.text.SystemInit)
    __arm_cp.0_2                             0x00001200   Number         4  system_mkl25z4.o(.text.SystemInit)
    __arm_cp.0_3                             0x00001204   Number         4  system_mkl25z4.o(.text.SystemInit)
    __arm_cp.0_4                             0x00001208   Number         4  system_mkl25z4.o(.text.SystemInit)
    __arm_cp.0_5                             0x0000120c   Number         4  system_mkl25z4.o(.text.SystemInit)
    __arm_cp.0_6                             0x00001210   Number         4  system_mkl25z4.o(.text.SystemInit)
    __arm_cp.0_7                             0x00001214   Number         4  system_mkl25z4.o(.text.SystemInit)
    __arm_cp.0_8                             0x00001218   Number         4  system_mkl25z4.o(.text.SystemInit)
    __arm_cp.0_9                             0x0000121c   Number         4  system_mkl25z4.o(.text.SystemInit)
    __arm_cp.0_10                            0x00001220   Number         4  system_mkl25z4.o(.text.SystemInit)
    __arm_cp.0_11                            0x00001224   Number         4  system_mkl25z4.o(.text.SystemInit)
    __arm_cp.0_12                            0x00001228   Number         4  system_mkl25z4.o(.text.SystemInit)
    __arm_cp.0_13                            0x0000122c   Number         4  system_mkl25z4.o(.text.SystemInit)
    __arm_cp.0_14                            0x00001230   Number         4  system_mkl25z4.o(.text.SystemInit)
    __arm_cp.0_15                            0x00001234   Number         4  system_mkl25z4.o(.text.SystemInit)
    __arm_cp.0_16                            0x00001238   Number         4  system_mkl25z4.o(.text.SystemInit)
    __arm_cp.0_17                            0x0000123c   Number         4  system_mkl25z4.o(.text.SystemInit)
    __arm_cp.0_18                            0x00001240   Number         4  system_mkl25z4.o(.text.SystemInit)
    __arm_cp.0_19                            0x00001244   Number         4  system_mkl25z4.o(.text.SystemInit)
    ThreadFlagsCheck                         0x00001249   Thumb Code    78  rtx_thread.o(.text.ThreadFlagsCheck)
    [Anonymous Symbol]                       0x00001248   Section        0  rtx_thread.o(.text.ThreadFlagsCheck)
    TimerInsert                              0x00001299   Thumb Code    76  rtx_timer.o(.text.TimerInsert)
    [Anonymous Symbol]                       0x00001298   Section        0  rtx_timer.o(.text.TimerInsert)
    __arm_cp.8_0                             0x000012e0   Number         4  rtx_timer.o(.text.TimerInsert)
    [Anonymous Symbol]                       0x000012e4   Section        0  main.o(.text.UART2_IRQHandler)
    __arm_cp.5_0                             0x00001324   Number         4  main.o(.text.UART2_IRQHandler)
    __arm_cp.5_1                             0x00001328   Number         4  main.o(.text.UART2_IRQHandler)
    __arm_cp.5_2                             0x0000132c   Number         4  main.o(.text.UART2_IRQHandler)
    __arm_cp.5_3                             0x00001330   Number         4  main.o(.text.UART2_IRQHandler)
    __arm_cp.5_4                             0x00001334   Number         4  main.o(.text.UART2_IRQHandler)
    __NVIC_ClearPendingIRQ                   0x00001339   Thumb Code    40  main.o(.text.__NVIC_ClearPendingIRQ)
    [Anonymous Symbol]                       0x00001338   Section        0  main.o(.text.__NVIC_ClearPendingIRQ)
    __arm_cp.1_0                             0x00001360   Number         4  main.o(.text.__NVIC_ClearPendingIRQ)
    __NVIC_EnableIRQ                         0x00001365   Thumb Code    40  main.o(.text.__NVIC_EnableIRQ)
    [Anonymous Symbol]                       0x00001364   Section        0  main.o(.text.__NVIC_EnableIRQ)
    __arm_cp.2_0                             0x0000138c   Number         4  main.o(.text.__NVIC_EnableIRQ)
    [Anonymous Symbol]                       0x00001390   Section        0  main.o(.text.main)
    __arm_cp.25_0                            0x000013e4   Number         4  main.o(.text.main)
    __arm_cp.25_1                            0x000013e8   Number         4  main.o(.text.main)
    __arm_cp.25_2                            0x000013ec   Number         4  main.o(.text.main)
    __arm_cp.25_3                            0x000013f0   Number         4  main.o(.text.main)
    [Anonymous Symbol]                       0x000013f4   Section        0  rtx_delay.o(.text.osDelay)
    __arm_cp.0_0                             0x00001418   Number         4  rtx_delay.o(.text.osDelay)
    [Anonymous Symbol]                       0x0000141c   Section        0  rtx_kernel.o(.text.osKernelInitialize)
    __arm_cp.1_0                             0x00001440   Number         4  rtx_kernel.o(.text.osKernelInitialize)
    [Anonymous Symbol]                       0x00001444   Section        0  rtx_kernel.o(.text.osKernelStart)
    __arm_cp.6_0                             0x00001464   Number         4  rtx_kernel.o(.text.osKernelStart)
    [Anonymous Symbol]                       0x00001468   Section        0  rtx_msgqueue.o(.text.osMessageQueueGet)
    __arm_cp.3_0                             0x000014d8   Number         4  rtx_msgqueue.o(.text.osMessageQueueGet)
    [Anonymous Symbol]                       0x000014dc   Section        0  rtx_msgqueue.o(.text.osMessageQueueNew)
    __arm_cp.0_0                             0x000014fc   Number         4  rtx_msgqueue.o(.text.osMessageQueueNew)
    [Anonymous Symbol]                       0x00001500   Section        0  rtx_msgqueue.o(.text.osMessageQueuePut)
    __arm_cp.2_0                             0x00001574   Number         4  rtx_msgqueue.o(.text.osMessageQueuePut)
    [Anonymous Symbol]                       0x00001578   Section        0  rtx_config.o(.text.osRtxErrorNotify)
    [Anonymous Symbol]                       0x000015b8   Section        0  rtx_config.o(.text.osRtxIdleThread)
    [Anonymous Symbol]                       0x000015c0   Section        0  rtx_kernel.o(.text.osRtxKernelPreInit)
    [Anonymous Symbol]                       0x000015c2   Section        0  rtx_memory.o(.text.osRtxMemoryAlloc)
    [Anonymous Symbol]                       0x0000163e   Section        0  rtx_memory.o(.text.osRtxMemoryFree)
    [Anonymous Symbol]                       0x0000168c   Section        0  rtx_memory.o(.text.osRtxMemoryInit)
    [Anonymous Symbol]                       0x000016be   Section        0  rtx_mempool.o(.text.osRtxMemoryPoolAlloc)
    [Anonymous Symbol]                       0x000016ec   Section        0  rtx_mempool.o(.text.osRtxMemoryPoolFree)
    [Anonymous Symbol]                       0x00001726   Section        0  rtx_mempool.o(.text.osRtxMemoryPoolInit)
    osRtxMessageQueuePostProcess             0x00001765   Thumb Code   188  rtx_msgqueue.o(.text.osRtxMessageQueuePostProcess)
    [Anonymous Symbol]                       0x00001764   Section        0  rtx_msgqueue.o(.text.osRtxMessageQueuePostProcess)
    [Anonymous Symbol]                       0x00001820   Section        0  rtx_mutex.o(.text.osRtxMutexOwnerRelease)
    [Anonymous Symbol]                       0x00001864   Section        0  rtx_system.o(.text.osRtxPendSV_Handler)
    [Anonymous Symbol]                       0x000018e0   Section        0  rtx_system.o(.text.osRtxPostProcess)
    __arm_cp.2_1                             0x00001944   Number         4  rtx_system.o(.text.osRtxPostProcess)
    osRtxThreadBlock                         0x00001949   Thumb Code    52  rtx_thread.o(.text.osRtxThreadBlock)
    [Anonymous Symbol]                       0x00001948   Section        0  rtx_thread.o(.text.osRtxThreadBlock)
    osRtxThreadDelayInsert                   0x0000197d   Thumb Code   124  rtx_thread.o(.text.osRtxThreadDelayInsert)
    [Anonymous Symbol]                       0x0000197c   Section        0  rtx_thread.o(.text.osRtxThreadDelayInsert)
    osRtxThreadDelayRemove                   0x000019f9   Thumb Code    64  rtx_thread.o(.text.osRtxThreadDelayRemove)
    [Anonymous Symbol]                       0x000019f8   Section        0  rtx_thread.o(.text.osRtxThreadDelayRemove)
    [Anonymous Symbol]                       0x00001a38   Section        0  rtx_thread.o(.text.osRtxThreadDelayTick)
    [Anonymous Symbol]                       0x00001a6c   Section        0  rtx_thread.o(.text.osRtxThreadDispatch)
    osRtxThreadFree                          0x00001ab9   Thumb Code    80  rtx_thread.o(.text.osRtxThreadFree)
    [Anonymous Symbol]                       0x00001ab8   Section        0  rtx_thread.o(.text.osRtxThreadFree)
    [Anonymous Symbol]                       0x00001b08   Section        0  rtx_thread.o(.text.osRtxThreadListGet)
    [Anonymous Symbol]                       0x00001b1c   Section        0  rtx_thread.o(.text.osRtxThreadListPut)
    [Anonymous Symbol]                       0x00001b48   Section        0  rtx_thread.o(.text.osRtxThreadListRemove)
    osRtxThreadPostProcess                   0x00001b61   Thumb Code    38  rtx_thread.o(.text.osRtxThreadPostProcess)
    [Anonymous Symbol]                       0x00001b60   Section        0  rtx_thread.o(.text.osRtxThreadPostProcess)
    [Anonymous Symbol]                       0x00001b88   Section        0  rtx_thread.o(.text.osRtxThreadReadyPut)
    [Anonymous Symbol]                       0x00001b9c   Section        0  rtx_thread.o(.text.osRtxThreadRegPtr)
    [Anonymous Symbol]                       0x00001ba4   Section        0  rtx_thread.o(.text.osRtxThreadStackCheck)
    __arm_cp.8_1                             0x00001bc8   Number         4  rtx_thread.o(.text.osRtxThreadStackCheck)
    [Anonymous Symbol]                       0x00001bcc   Section        0  rtx_thread.o(.text.osRtxThreadStartup)
    __arm_cp.15_1                            0x00001bfc   Number         4  rtx_thread.o(.text.osRtxThreadStartup)
    __arm_cp.15_3                            0x00001c00   Number         4  rtx_thread.o(.text.osRtxThreadStartup)
    [Anonymous Symbol]                       0x00001c04   Section        0  rtx_thread.o(.text.osRtxThreadSwitch)
    __arm_cp.7_0                             0x00001c14   Number         4  rtx_thread.o(.text.osRtxThreadSwitch)
    [Anonymous Symbol]                       0x00001c18   Section        0  rtx_thread.o(.text.osRtxThreadWaitEnter)
    __arm_cp.13_0                            0x00001c50   Number         4  rtx_thread.o(.text.osRtxThreadWaitEnter)
    [Anonymous Symbol]                       0x00001c54   Section        0  rtx_thread.o(.text.osRtxThreadWaitExit)
    [Anonymous Symbol]                       0x00001c78   Section        0  rtx_system.o(.text.osRtxTick_Handler)
    [Anonymous Symbol]                       0x00001ce8   Section        0  rtx_timer.o(.text.osRtxTimerThread)
    __arm_cp.0_1                             0x00001d18   Number         4  rtx_timer.o(.text.osRtxTimerThread)
    __arm_cp.0_2                             0x00001d1c   Number         4  rtx_timer.o(.text.osRtxTimerThread)
    osRtxTimerTick                           0x00001d21   Thumb Code    96  rtx_timer.o(.text.osRtxTimerTick)
    [Anonymous Symbol]                       0x00001d20   Section        0  rtx_timer.o(.text.osRtxTimerTick)
    __arm_cp.1_0                             0x00001d7c   Number         4  rtx_timer.o(.text.osRtxTimerTick)
    [Anonymous Symbol]                       0x00001d80   Section        0  rtx_thread.o(.text.osThreadExit)
    __arm_cp.31_0                            0x00001d88   Number         4  rtx_thread.o(.text.osThreadExit)
    [Anonymous Symbol]                       0x00001d8c   Section        0  rtx_thread.o(.text.osThreadNew)
    __arm_cp.17_0                            0x00001dac   Number         4  rtx_thread.o(.text.osThreadNew)
    [Anonymous Symbol]                       0x00001db0   Section        0  main.o(.text.playHappyBirthday)
    __arm_cp.8_0                             0x00001e40   Number         4  main.o(.text.playHappyBirthday)
    __arm_cp.8_1                             0x00001e44   Number         4  main.o(.text.playHappyBirthday)
    __arm_cp.8_2                             0x00001e48   Number         4  main.o(.text.playHappyBirthday)
    __arm_cp.8_3                             0x00001e4c   Number         4  main.o(.text.playHappyBirthday)
    __arm_cp.8_4                             0x00001e50   Number         4  main.o(.text.playHappyBirthday)
    __arm_cp.8_5                             0x00001e54   Number         4  main.o(.text.playHappyBirthday)
    __arm_cp.8_6                             0x00001e58   Number         4  main.o(.text.playHappyBirthday)
    __arm_cp.8_7                             0x00001e5c   Number         4  main.o(.text.playHappyBirthday)
    __arm_cp.8_8                             0x00001e60   Number         4  main.o(.text.playHappyBirthday)
    svcRtxDelay                              0x00001e65   Thumb Code    18  rtx_delay.o(.text.svcRtxDelay)
    [Anonymous Symbol]                       0x00001e64   Section        0  rtx_delay.o(.text.svcRtxDelay)
    svcRtxKernelInitialize                   0x00001e79   Thumb Code   328  rtx_kernel.o(.text.svcRtxKernelInitialize)
    [Anonymous Symbol]                       0x00001e78   Section        0  rtx_kernel.o(.text.svcRtxKernelInitialize)
    __arm_cp.20_0                            0x00001fb4   Number         4  rtx_kernel.o(.text.svcRtxKernelInitialize)
    __arm_cp.20_1                            0x00001fb8   Number         4  rtx_kernel.o(.text.svcRtxKernelInitialize)
    __arm_cp.20_2                            0x00001fbc   Number         4  rtx_kernel.o(.text.svcRtxKernelInitialize)
    svcRtxKernelStart                        0x00001fc1   Thumb Code   132  rtx_kernel.o(.text.svcRtxKernelStart)
    [Anonymous Symbol]                       0x00001fc0   Section        0  rtx_kernel.o(.text.svcRtxKernelStart)
    __arm_cp.21_0                            0x00002034   Number         4  rtx_kernel.o(.text.svcRtxKernelStart)
    __arm_cp.21_1                            0x00002038   Number         4  rtx_kernel.o(.text.svcRtxKernelStart)
    __arm_cp.21_2                            0x0000203c   Number         4  rtx_kernel.o(.text.svcRtxKernelStart)
    __arm_cp.21_3                            0x00002040   Number         4  rtx_kernel.o(.text.svcRtxKernelStart)
    svcRtxMessageQueueGet                    0x00002045   Thumb Code   232  rtx_msgqueue.o(.text.svcRtxMessageQueueGet)
    [Anonymous Symbol]                       0x00002044   Section        0  rtx_msgqueue.o(.text.svcRtxMessageQueueGet)
    __arm_cp.21_0                            0x00002128   Number         4  rtx_msgqueue.o(.text.svcRtxMessageQueueGet)
    svcRtxMessageQueueNew                    0x0000212d   Thumb Code   484  rtx_msgqueue.o(.text.svcRtxMessageQueueNew)
    [Anonymous Symbol]                       0x0000212c   Section        0  rtx_msgqueue.o(.text.svcRtxMessageQueueNew)
    __arm_cp.14_0                            0x000022f8   Number         4  rtx_msgqueue.o(.text.svcRtxMessageQueueNew)
    __arm_cp.14_1                            0x000022fc   Number         4  rtx_msgqueue.o(.text.svcRtxMessageQueueNew)
    __arm_cp.14_2                            0x00002300   Number         4  rtx_msgqueue.o(.text.svcRtxMessageQueueNew)
    __arm_cp.14_3                            0x00002304   Number         4  rtx_msgqueue.o(.text.svcRtxMessageQueueNew)
    __arm_cp.14_4                            0x00002308   Number         4  rtx_msgqueue.o(.text.svcRtxMessageQueueNew)
    __arm_cp.14_5                            0x0000230c   Number         4  rtx_msgqueue.o(.text.svcRtxMessageQueueNew)
    svcRtxMessageQueuePut                    0x00002311   Thumb Code   184  rtx_msgqueue.o(.text.svcRtxMessageQueuePut)
    [Anonymous Symbol]                       0x00002310   Section        0  rtx_msgqueue.o(.text.svcRtxMessageQueuePut)
    svcRtxThreadExit                         0x000023c9   Thumb Code   108  rtx_thread.o(.text.svcRtxThreadExit)
    [Anonymous Symbol]                       0x000023c8   Section        0  rtx_thread.o(.text.svcRtxThreadExit)
    __arm_cp.54_0                            0x00002430   Number         4  rtx_thread.o(.text.svcRtxThreadExit)
    svcRtxThreadNew                          0x00002435   Thumb Code   492  rtx_thread.o(.text.svcRtxThreadNew)
    [Anonymous Symbol]                       0x00002434   Section        0  rtx_thread.o(.text.svcRtxThreadNew)
    __arm_cp.16_0                            0x00002608   Number         4  rtx_thread.o(.text.svcRtxThreadNew)
    __arm_cp.16_1                            0x0000260c   Number         4  rtx_thread.o(.text.svcRtxThreadNew)
    __arm_cp.16_2                            0x00002610   Number         4  rtx_thread.o(.text.svcRtxThreadNew)
    __arm_cp.16_3                            0x00002614   Number         4  rtx_thread.o(.text.svcRtxThreadNew)
    __arm_cp.16_4                            0x00002618   Number         4  rtx_thread.o(.text.svcRtxThreadNew)
    __arm_cp.16_5                            0x0000261c   Number         4  rtx_thread.o(.text.svcRtxThreadNew)
    i.__ARM_clz                              0x00002620   Section        0  depilogue.o(i.__ARM_clz)
    i.__scatterload_copy                     0x0000264e   Section       14  handlers.o(i.__scatterload_copy)
    i.__scatterload_null                     0x0000265c   Section        2  handlers.o(i.__scatterload_null)
    i.__scatterload_zeroinit                 0x0000265e   Section       14  handlers.o(i.__scatterload_zeroinit)
    __tagsym$$used.0                         0x0000266c   Number         0  rtx_lib.o(.rodata)
    __tagsym$$used.1                         0x000026d4   Number         0  rtx_lib.o(.rodata)
    os_idle_thread_attr                      0x00002710   Data          36  rtx_lib.o(.rodata.os_idle_thread_attr)
    [Anonymous Symbol]                       0x00002710   Section        0  rtx_lib.o(.rodata.os_idle_thread_attr)
    os_timer_mq_attr                         0x00002734   Data          24  rtx_lib.o(.rodata.os_timer_mq_attr)
    [Anonymous Symbol]                       0x00002734   Section        0  rtx_lib.o(.rodata.os_timer_mq_attr)
    os_timer_thread_attr                     0x0000274c   Data          36  rtx_lib.o(.rodata.os_timer_thread_attr)
    [Anonymous Symbol]                       0x0000274c   Section        0  rtx_lib.o(.rodata.os_timer_thread_attr)
    .L.str                                   0x00002770   Data          11  rtx_kernel.o(.rodata.str1.4)
    [Anonymous Symbol]                       0x00002770   Section        0  rtx_kernel.o(.rodata.str1.4)
    durations                                0x1ffff014   Data         116  main.o(.data.durations)
    [Anonymous Symbol]                       0x1ffff014   Section        0  main.o(.data.durations)
    notes                                    0x1ffff088   Data         116  main.o(.data.notes)
    [Anonymous Symbol]                       0x1ffff088   Section        0  main.o(.data.notes)
    PendST                                   0x1ffff1a0   Data           1  os_systick.o(.bss.PendST)
    [Anonymous Symbol]                       0x1ffff1a0   Section        0  os_systick.o(.bss.PendST)
    os_isr_queue                             0x1ffff1a8   Data          64  rtx_lib.o(.bss.os)
    [Anonymous Symbol]                       0x1ffff1a8   Section        0  rtx_lib.o(.bss.os)
    os_mem                                   0x1ffff1e8   Data        4096  rtx_lib.o(.bss.os)
    os_timer_mq_cb                           0x200001e8   Data          52  rtx_lib.o(.bss.os.msgqueue.cb)
    [Anonymous Symbol]                       0x200001e8   Section        0  rtx_lib.o(.bss.os.msgqueue.cb)
    os_timer_mq_data                         0x2000021c   Data          80  rtx_lib.o(.bss.os.msgqueue.mem)
    [Anonymous Symbol]                       0x2000021c   Section        0  rtx_lib.o(.bss.os.msgqueue.mem)
    os_idle_thread_cb                        0x2000026c   Data          68  rtx_lib.o(.bss.os.thread.cb)
    [Anonymous Symbol]                       0x2000026c   Section        0  rtx_lib.o(.bss.os.thread.cb)
    os_timer_thread_cb                       0x200002b0   Data          68  rtx_lib.o(.bss.os.thread.cb)
    os_idle_thread_stack                     0x200002f8   Data         256  rtx_lib.o(.bss.os.thread.stack)
    [Anonymous Symbol]                       0x200002f8   Section        0  rtx_lib.o(.bss.os.thread.stack)
    os_timer_thread_stack                    0x200003f8   Data         256  rtx_lib.o(.bss.os.thread.stack)
    STACK                                    0x20000500   Section      256  startup_mkl25z4.o(STACK)

    Global Symbols

    Symbol Name                              Value     Ov Type        Size  Object(Section)

    BuildAttributes$$THM_ISAv3M$S$PE$A:L22$X:L11$S22$IEEE1$IW$~IW$USESV6$~STKCKD$USESV7$~SHL$OTIME$ROPI$EBA8$MICROLIB$REQ8$PRES8$EABIv2 0x00000000   Number         0  anon$$obj.o ABSOLUTE
    __Vectors                                0x00000000   Data           4  startup_mkl25z4.o(RESET)
    .bss.os.evflags.cb$$Base                  - Undefined Weak Reference
    .bss.os.evflags.cb$$Limit                 - Undefined Weak Reference
    .bss.os.mempool.cb$$Base                  - Undefined Weak Reference
    .bss.os.mempool.cb$$Limit                 - Undefined Weak Reference
    .bss.os.mutex.cb$$Base                    - Undefined Weak Reference
    .bss.os.mutex.cb$$Limit                   - Undefined Weak Reference
    .bss.os.semaphore.cb$$Base                - Undefined Weak Reference
    .bss.os.semaphore.cb$$Limit               - Undefined Weak Reference
    .bss.os.timer.cb$$Base                    - Undefined Weak Reference
    .bss.os.timer.cb$$Limit                   - Undefined Weak Reference
    __cpp_initialize__aeabi_                  - Undefined Weak Reference
    __cxa_finalize                            - Undefined Weak Reference
    _clock_init                               - Undefined Weak Reference
    _microlib_exit                            - Undefined Weak Reference
    __Vectors_End                            0x000000c0   Data           0  startup_mkl25z4.o(RESET)
    __Vectors_Size                           0x000000c0   Number         0  startup_mkl25z4.o ABSOLUTE
    __main                                   0x000000c1   Thumb Code     0  entry.o(.ARM.Collect$$$$00000000)
    _main_stk                                0x000000c1   Thumb Code     0  entry2.o(.ARM.Collect$$$$00000001)
    _main_scatterload                        0x000000c5   Thumb Code     0  entry5.o(.ARM.Collect$$$$00000004)
    __main_after_scatterload                 0x000000c9   Thumb Code     0  entry5.o(.ARM.Collect$$$$00000004)
    _main_clock                              0x000000c9   Thumb Code     0  entry7b.o(.ARM.Collect$$$$00000008)
    _main_cpp_init                           0x000000c9   Thumb Code     0  entry8b.o(.ARM.Collect$$$$0000000A)
    _main_init                               0x000000c9   Thumb Code     0  entry9a.o(.ARM.Collect$$$$0000000B)
    __rt_final_cpp                           0x000000d1   Thumb Code     0  entry10a.o(.ARM.Collect$$$$0000000D)
    __rt_final_exit                          0x000000d1   Thumb Code     0  entry11a.o(.ARM.Collect$$$$0000000F)
    Reset_Handler                            0x000000d5   Thumb Code    12  startup_mkl25z4.o(.text)
    NMI_Handler                              0x000000e1   Thumb Code     2  startup_mkl25z4.o(.text)
    HardFault_Handler                        0x000000e3   Thumb Code     2  startup_mkl25z4.o(.text)
    ADC0_IRQHandler                          0x000000eb   Thumb Code     0  startup_mkl25z4.o(.text)
    CMP0_IRQHandler                          0x000000eb   Thumb Code     0  startup_mkl25z4.o(.text)
    DAC0_IRQHandler                          0x000000eb   Thumb Code     0  startup_mkl25z4.o(.text)
    DMA0_IRQHandler                          0x000000eb   Thumb Code     0  startup_mkl25z4.o(.text)
    DMA1_IRQHandler                          0x000000eb   Thumb Code     0  startup_mkl25z4.o(.text)
    DMA2_IRQHandler                          0x000000eb   Thumb Code     0  startup_mkl25z4.o(.text)
    DMA3_IRQHandler                          0x000000eb   Thumb Code     0  startup_mkl25z4.o(.text)
    DefaultISR                               0x000000eb   Thumb Code     0  startup_mkl25z4.o(.text)
    FTFA_IRQHandler                          0x000000eb   Thumb Code     0  startup_mkl25z4.o(.text)
    I2C0_IRQHandler                          0x000000eb   Thumb Code     0  startup_mkl25z4.o(.text)
    I2C1_IRQHandler                          0x000000eb   Thumb Code     0  startup_mkl25z4.o(.text)
    LLWU_IRQHandler                          0x000000eb   Thumb Code     0  startup_mkl25z4.o(.text)
    LPTMR0_IRQHandler                        0x000000eb   Thumb Code     0  startup_mkl25z4.o(.text)
    LVD_LVW_IRQHandler                       0x000000eb   Thumb Code     0  startup_mkl25z4.o(.text)
    MCG_IRQHandler                           0x000000eb   Thumb Code     0  startup_mkl25z4.o(.text)
    PORTA_IRQHandler                         0x000000eb   Thumb Code     0  startup_mkl25z4.o(.text)
    PORTD_IRQHandler                         0x000000eb   Thumb Code     0  startup_mkl25z4.o(.text)
    RTC_IRQHandler                           0x000000eb   Thumb Code     0  startup_mkl25z4.o(.text)
    RTC_Seconds_IRQHandler                   0x000000eb   Thumb Code     0  startup_mkl25z4.o(.text)
    Reserved20_IRQHandler                    0x000000eb   Thumb Code     0  startup_mkl25z4.o(.text)
    Reserved39_IRQHandler                    0x000000eb   Thumb Code     0  startup_mkl25z4.o(.text)
    Reserved45_IRQHandler                    0x000000eb   Thumb Code     0  startup_mkl25z4.o(.text)
    SPI0_IRQHandler                          0x000000eb   Thumb Code     0  startup_mkl25z4.o(.text)
    SPI1_IRQHandler                          0x000000eb   Thumb Code     0  startup_mkl25z4.o(.text)
    TPM0_IRQHandler                          0x000000eb   Thumb Code     0  startup_mkl25z4.o(.text)
    TPM1_IRQHandler                          0x000000eb   Thumb Code     0  startup_mkl25z4.o(.text)
    TPM2_IRQHandler                          0x000000eb   Thumb Code     0  startup_mkl25z4.o(.text)
    TSI0_IRQHandler                          0x000000eb   Thumb Code     0  startup_mkl25z4.o(.text)
    UART0_IRQHandler                         0x000000eb   Thumb Code     0  startup_mkl25z4.o(.text)
    UART1_IRQHandler                         0x000000eb   Thumb Code     0  startup_mkl25z4.o(.text)
    USB0_IRQHandler                          0x000000eb   Thumb Code     0  startup_mkl25z4.o(.text)
    SVC_Handler                              0x000000fd   Thumb Code   132  irq_cm0.o(.text)
    PendSV_Handler                           0x00000181   Thumb Code    12  irq_cm0.o(.text)
    SysTick_Handler                          0x0000018d   Thumb Code    12  irq_cm0.o(.text)
    __aeabi_memcpy                           0x000001a1   Thumb Code    36  memcpya.o(.text)
    __aeabi_memcpy4                          0x000001a1   Thumb Code     0  memcpya.o(.text)
    __aeabi_memcpy8                          0x000001a1   Thumb Code     0  memcpya.o(.text)
    __aeabi_memset                           0x000001c5   Thumb Code    14  memseta.o(.text)
    __aeabi_memset4                          0x000001c5   Thumb Code     0  memseta.o(.text)
    __aeabi_memset8                          0x000001c5   Thumb Code     0  memseta.o(.text)
    __aeabi_memclr                           0x000001d3   Thumb Code     4  memseta.o(.text)
    __aeabi_memclr4                          0x000001d3   Thumb Code     0  memseta.o(.text)
    __aeabi_memclr8                          0x000001d3   Thumb Code     0  memseta.o(.text)
    _memset$wrapper                          0x000001d7   Thumb Code    18  memseta.o(.text)
    __aeabi_fmul                             0x000001e9   Thumb Code   122  fmul.o(.text)
    __aeabi_fdiv                             0x00000263   Thumb Code   124  fdiv.o(.text)
    __aeabi_dmul                             0x000002e1   Thumb Code   202  dmul.o(.text)
    __aeabi_i2d                              0x000003b1   Thumb Code    34  dflti.o(.text)
    __aeabi_llsr                             0x000003d9   Thumb Code    34  llushr.o(.text)
    _ll_ushift_r                             0x000003d9   Thumb Code     0  llushr.o(.text)
    OS_Tick_GetIRQn                          0x000003fb   Thumb Code     6  os_systick.o(.text.OS_Tick_GetIRQn)
    __I$use$fp                               0x000003fb   Thumb Code     0  iusefp.o(.text)
    __aeabi_f2iz                             0x00000411   Thumb Code    50  ffixi.o(.text)
    __aeabi_d2uiz                            0x00000445   Thumb Code    50  dfixui.o(.text)
    __aeabi_uidiv                            0x00000481   Thumb Code     0  uidiv_div0.o(.text)
    __aeabi_uidivmod                         0x00000481   Thumb Code    62  uidiv_div0.o(.text)
    __aeabi_idiv                             0x000004c1   Thumb Code     0  idiv_div0.o(.text)
    __aeabi_idivmod$div0                     0x000004c1   Thumb Code    74  idiv_div0.o(.text)
    _float_round                             0x00000511   Thumb Code    16  fepilogue.o(.text)
    _float_epilogue                          0x00000521   Thumb Code   114  fepilogue.o(.text)
    _double_round                            0x00000593   Thumb Code    26  depilogue.o(.text)
    _double_epilogue                         0x000005ad   Thumb Code   164  depilogue.o(.text)
    __scatterload                            0x00000651   Thumb Code    28  init.o(.text)
    __scatterload_rt2                        0x00000651   Thumb Code     0  init.o(.text)
    __aeabi_llsl                             0x00000675   Thumb Code    32  llshl.o(.text)
    _ll_shift_l                              0x00000675   Thumb Code     0  llshl.o(.text)
    __decompress                             0x00000695   Thumb Code     0  __dczerorl2.o(.text)
    __decompress1                            0x00000695   Thumb Code    86  __dczerorl2.o(.text)
    Buzzer_thread                            0x000006eb   Thumb Code    10  main.o(.text.Buzzer_thread)
    Direction_convert                        0x000006f5   Thumb Code   104  main.o(.text.Direction_convert)
    Green_LED_Control                        0x0000075d   Thumb Code    52  main.o(.text.Green_LED_Control)
    Green_LED_thread                         0x000007a5   Thumb Code    10  main.o(.text.Green_LED_thread)
    Init_PIT                                 0x000007b1   Thumb Code   244  main.o(.text.Init_PIT)
    Init_PWM                                 0x000008e9   Thumb Code   340  main.o(.text.Init_PWM)
    Init_UART2                               0x00000aa5   Thumb Code   152  main.o(.text.Init_UART2)
    LED_convert                              0x00000b65   Thumb Code    34  main.o(.text.LED_convert)
    Motor_Control                            0x00000c55   Thumb Code   156  main.o(.text.Motor_Control)
    Motor_thread                             0x00000cf5   Thumb Code    10  main.o(.text.Motor_thread)
    OS_Tick_AcknowledgeIRQ                   0x00000d01   Thumb Code     8  os_systick.o(.text.OS_Tick_AcknowledgeIRQ)
    OS_Tick_Enable                           0x00000d09   Thumb Code    36  os_systick.o(.text.OS_Tick_Enable)
    OS_Tick_Setup                            0x00000d2d   Thumb Code    76  os_systick.o(.text.OS_Tick_Setup)
    PIT_IRQHandler                           0x00000d79   Thumb Code   108  main.o(.text.PIT_IRQHandler)
    PWM01_back                               0x00000dfd   Thumb Code    28  main.o(.text.PWM01_back)
    PWM01_forward                            0x00000e19   Thumb Code    28  main.o(.text.PWM01_forward)
    PWM01_rest                               0x00000e35   Thumb Code    12  main.o(.text.PWM01_rest)
    PWM23_back                               0x00000e49   Thumb Code    28  main.o(.text.PWM23_back)
    PWM23_forward                            0x00000e65   Thumb Code    28  main.o(.text.PWM23_forward)
    PWM23_rest                               0x00000e85   Thumb Code    12  main.o(.text.PWM23_rest)
    Red_LED_Control                          0x00000e99   Thumb Code    56  main.o(.text.Red_LED_Control)
    Red_LED_thread                           0x00000edd   Thumb Code    10  main.o(.text.Red_LED_thread)
    SystemCoreClockUpdate                    0x00000ee9   Thumb Code   508  system_mkl25z4.o(.text.SystemCoreClockUpdate)
    SystemInit                               0x000010f9   Thumb Code   256  system_mkl25z4.o(.text.SystemInit)
    UART2_IRQHandler                         0x000012e5   Thumb Code    64  main.o(.text.UART2_IRQHandler)
    main                                     0x00001391   Thumb Code    84  main.o(.text.main)
    osDelay                                  0x000013f5   Thumb Code    40  rtx_delay.o(.text.osDelay)
    osKernelInitialize                       0x0000141d   Thumb Code    40  rtx_kernel.o(.text.osKernelInitialize)
    osKernelStart                            0x00001445   Thumb Code    36  rtx_kernel.o(.text.osKernelStart)
    osMessageQueueGet                        0x00001469   Thumb Code   116  rtx_msgqueue.o(.text.osMessageQueueGet)
    osMessageQueueNew                        0x000014dd   Thumb Code    36  rtx_msgqueue.o(.text.osMessageQueueNew)
    osMessageQueuePut                        0x00001501   Thumb Code   120  rtx_msgqueue.o(.text.osMessageQueuePut)
    osRtxErrorNotify                         0x00001579   Thumb Code    64  rtx_config.o(.text.osRtxErrorNotify)
    osRtxIdleThread                          0x000015b9   Thumb Code     8  rtx_config.o(.text.osRtxIdleThread)
    osRtxKernelPreInit                       0x000015c1   Thumb Code     2  rtx_kernel.o(.text.osRtxKernelPreInit)
    osRtxMemoryAlloc                         0x000015c3   Thumb Code   124  rtx_memory.o(.text.osRtxMemoryAlloc)
    osRtxMemoryFree                          0x0000163f   Thumb Code    78  rtx_memory.o(.text.osRtxMemoryFree)
    osRtxMemoryInit                          0x0000168d   Thumb Code    50  rtx_memory.o(.text.osRtxMemoryInit)
    osRtxMemoryPoolAlloc                     0x000016bf   Thumb Code    46  rtx_mempool.o(.text.osRtxMemoryPoolAlloc)
    osRtxMemoryPoolFree                      0x000016ed   Thumb Code    58  rtx_mempool.o(.text.osRtxMemoryPoolFree)
    osRtxMemoryPoolInit                      0x00001727   Thumb Code    62  rtx_mempool.o(.text.osRtxMemoryPoolInit)
    osRtxMutexOwnerRelease                   0x00001821   Thumb Code    68  rtx_mutex.o(.text.osRtxMutexOwnerRelease)
    osRtxPendSV_Handler                      0x00001865   Thumb Code   124  rtx_system.o(.text.osRtxPendSV_Handler)
    osRtxPostProcess                         0x000018e1   Thumb Code   104  rtx_system.o(.text.osRtxPostProcess)
    osRtxThreadDelayTick                     0x00001a39   Thumb Code    52  rtx_thread.o(.text.osRtxThreadDelayTick)
    osRtxThreadDispatch                      0x00001a6d   Thumb Code    76  rtx_thread.o(.text.osRtxThreadDispatch)
    osRtxThreadListGet                       0x00001b09   Thumb Code    20  rtx_thread.o(.text.osRtxThreadListGet)
    osRtxThreadListPut                       0x00001b1d   Thumb Code    44  rtx_thread.o(.text.osRtxThreadListPut)
    osRtxThreadListRemove                    0x00001b49   Thumb Code    24  rtx_thread.o(.text.osRtxThreadListRemove)
    osRtxThreadReadyPut                      0x00001b89   Thumb Code    20  rtx_thread.o(.text.osRtxThreadReadyPut)
    osRtxThreadRegPtr                        0x00001b9d   Thumb Code     6  rtx_thread.o(.text.osRtxThreadRegPtr)
    osRtxThreadStackCheck                    0x00001ba5   Thumb Code    40  rtx_thread.o(.text.osRtxThreadStackCheck)
    osRtxThreadStartup                       0x00001bcd   Thumb Code    56  rtx_thread.o(.text.osRtxThreadStartup)
    osRtxThreadSwitch                        0x00001c05   Thumb Code    20  rtx_thread.o(.text.osRtxThreadSwitch)
    osRtxThreadWaitEnter                     0x00001c19   Thumb Code    60  rtx_thread.o(.text.osRtxThreadWaitEnter)
    osRtxThreadWaitExit                      0x00001c55   Thumb Code    34  rtx_thread.o(.text.osRtxThreadWaitExit)
    osRtxTick_Handler                        0x00001c79   Thumb Code   112  rtx_system.o(.text.osRtxTick_Handler)
    osRtxTimerThread                         0x00001ce9   Thumb Code    56  rtx_timer.o(.text.osRtxTimerThread)
    osThreadExit                             0x00001d81   Thumb Code    12  rtx_thread.o(.text.osThreadExit)
    osThreadNew                              0x00001d8d   Thumb Code    36  rtx_thread.o(.text.osThreadNew)
    playHappyBirthday                        0x00001db1   Thumb Code   144  main.o(.text.playHappyBirthday)
    __ARM_clz                                0x00002621   Thumb Code    46  depilogue.o(i.__ARM_clz)
    __scatterload_copy                       0x0000264f   Thumb Code    14  handlers.o(i.__scatterload_copy)
    __scatterload_null                       0x0000265d   Thumb Code     2  handlers.o(i.__scatterload_null)
    __scatterload_zeroinit                   0x0000265f   Thumb Code    14  handlers.o(i.__scatterload_zeroinit)
    osRtxConfig                              0x0000266c   Data         104  rtx_lib.o(.rodata)
    os_cb_sections                           0x000026d4   Data          56  rtx_lib.o(.rodata)
    osRtxUserSVC                             0x0000270c   Data           4  rtx_lib.o(.rodata.osRtxUserSVC)
    Region$$Table$$Base                      0x0000277c   Number         0  anon$$obj.o(Region$$Table)
    Region$$Table$$Limit                     0x0000279c   Number         0  anon$$obj.o(Region$$Table)
    Green_LED_index                          0x1ffff000   Data           4  main.o(.data.Green_LED_index)
    LED_flag                                 0x1ffff004   Data           4  main.o(.data.LED_flag)
    Motor_flag                               0x1ffff008   Data           1  main.o(.data.Motor_flag)
    RED_LED_FLAG                             0x1ffff00c   Data           4  main.o(.data.RED_LED_FLAG)
    SystemCoreClock                          0x1ffff010   Data           4  system_mkl25z4.o(.data.SystemCoreClock)
    osRtxInfo                                0x1ffff0fc   Data         164  rtx_kernel.o(.data.os)
    data                                     0x1ffff1a1   Data           1  main.o(.bss.data)
    .bss.os.msgqueue.cb$$Base                0x200001e8   Number         0  rtx_lib.o(.bss.os.msgqueue.cb)
    .bss.os.msgqueue.cb$$Limit               0x2000021c   Number         0  rtx_lib.o(.bss.os.msgqueue.cb)
    .bss.os.thread.cb$$Base                  0x2000026c   Number         0  rtx_lib.o(.bss.os.thread.cb)
    .bss.os.thread.cb$$Limit                 0x200002f4   Number         0  rtx_lib.o(.bss.os.thread.cb)
    test_flag                                0x200004f8   Data           4  main.o(.bss.test_flag)
    __initial_sp                             0x20000600   Data           0  startup_mkl25z4.o(STACK)



==============================================================================

Memory Map of the image

  Image Entry point : 0x000000d5

  Load Region LR_1 (Base: 0x00000000, Size: 0x0000293c, Max: 0xffffffff, ABSOLUTE, COMPRESSED[0x000027f4])

    Execution Region ER_RO (Exec base: 0x00000000, Load base: 0x00000000, Size: 0x0000279c, Max: 0xffffffff, ABSOLUTE)

    Exec Addr    Load Addr    Size         Type   Attr      Idx    E Section Name        Object

    0x00000000   0x00000000   0x000000c0   Data   RO          101    RESET               startup_mkl25z4.o
    0x000000c0   0x000000c0   0x00000000   Code   RO          587  * .ARM.Collect$$$$00000000  mc_p.l(entry.o)
    0x000000c0   0x000000c0   0x00000004   Code   RO          616    .ARM.Collect$$$$00000001  mc_p.l(entry2.o)
    0x000000c4   0x000000c4   0x00000004   Code   RO          619    .ARM.Collect$$$$00000004  mc_p.l(entry5.o)
    0x000000c8   0x000000c8   0x00000000   Code   RO          621    .ARM.Collect$$$$00000008  mc_p.l(entry7b.o)
    0x000000c8   0x000000c8   0x00000000   Code   RO          623    .ARM.Collect$$$$0000000A  mc_p.l(entry8b.o)
    0x000000c8   0x000000c8   0x00000008   Code   RO          624    .ARM.Collect$$$$0000000B  mc_p.l(entry9a.o)
    0x000000d0   0x000000d0   0x00000000   Code   RO          626    .ARM.Collect$$$$0000000D  mc_p.l(entry10a.o)
    0x000000d0   0x000000d0   0x00000000   Code   RO          628    .ARM.Collect$$$$0000000F  mc_p.l(entry11a.o)
    0x000000d0   0x000000d0   0x00000004   Code   RO          617    .ARM.Collect$$$$00002712  mc_p.l(entry2.o)
    0x000000d4   0x000000d4   0x00000028   Code   RO          103  * .text               startup_mkl25z4.o
    0x000000fc   0x000000fc   0x000000a4   Code   RO          339    .text               RTX_CM0.lib(irq_cm0.o)
    0x000001a0   0x000001a0   0x00000024   Code   RO          596    .text               mc_p.l(memcpya.o)
    0x000001c4   0x000001c4   0x00000024   Code   RO          598    .text               mc_p.l(memseta.o)
    0x000001e8   0x000001e8   0x0000007a   Code   RO          602    .text               mf_p.l(fmul.o)
    0x00000262   0x00000262   0x0000007c   Code   RO          604    .text               mf_p.l(fdiv.o)
    0x000002de   0x000002de   0x00000002   PAD
    0x000002e0   0x000002e0   0x000000d0   Code   RO          606    .text               mf_p.l(dmul.o)
    0x000003b0   0x000003b0   0x00000028   Code   RO          610    .text               mf_p.l(dflti.o)
    0x000003d8   0x000003d8   0x00000022   Code   RO          638    .text               mc_p.l(llushr.o)
    0x000003fa   0x000003fa   0x00000000   Code   RO          640    .text               mc_p.l(iusefp.o)
    0x000003fa   0x000003fa   0x00000006   Code   RO          511    .text.OS_Tick_GetIRQn  RTX_CM0.lib(os_systick.o)
    0x00000400   0x00000400   0x00000010   Code   RO          102    .ARM.__at_0x400     startup_mkl25z4.o
    0x00000410   0x00000410   0x00000032   Code   RO          612    .text               mf_p.l(ffixi.o)
    0x00000442   0x00000442   0x00000002   PAD
    0x00000444   0x00000444   0x0000003c   Code   RO          614    .text               mf_p.l(dfixui.o)
    0x00000480   0x00000480   0x0000003e   Code   RO          632    .text               mc_p.l(uidiv_div0.o)
    0x000004be   0x000004be   0x00000002   PAD
    0x000004c0   0x000004c0   0x00000050   Code   RO          634    .text               mc_p.l(idiv_div0.o)
    0x00000510   0x00000510   0x00000082   Code   RO          641    .text               mf_p.l(fepilogue.o)
    0x00000592   0x00000592   0x000000be   Code   RO          643    .text               mf_p.l(depilogue.o)
    0x00000650   0x00000650   0x00000024   Code   RO          647    .text               mc_p.l(init.o)
    0x00000674   0x00000674   0x00000020   Code   RO          649    .text               mc_p.l(llshl.o)
    0x00000694   0x00000694   0x00000056   Code   RO          659    .text               mc_p.l(__dczerorl2.o)
    0x000006ea   0x000006ea   0x0000000a   Code   RO           48    .text.Buzzer_thread  main.o
    0x000006f4   0x000006f4   0x00000068   Code   RO            8    .text.Direction_convert  main.o
    0x0000075c   0x0000075c   0x00000048   Code   RO           42    .text.Green_LED_Control  main.o
    0x000007a4   0x000007a4   0x0000000a   Code   RO           46    .text.Green_LED_thread  main.o
    0x000007ae   0x000007ae   0x00000002   PAD
    0x000007b0   0x000007b0   0x00000138   Code   RO           36    .text.Init_PIT      main.o
    0x000008e8   0x000008e8   0x000001bc   Code   RO           14    .text.Init_PWM      main.o
    0x00000aa4   0x00000aa4   0x000000c0   Code   RO            2    .text.Init_UART2    main.o
    0x00000b64   0x00000b64   0x00000022   Code   RO           10    .text.LED_convert   main.o
    0x00000b86   0x00000b86   0x0000004c   Code   RO          571    .text.MessageQueueGet  RTX_CM0.lib(rtx_msgqueue.o)
    0x00000bd2   0x00000bd2   0x00000062   Code   RO          565    .text.MessageQueuePut  RTX_CM0.lib(rtx_msgqueue.o)
    0x00000c34   0x00000c34   0x0000001e   Code   RO          563    .text.MessageQueueRemove  RTX_CM0.lib(rtx_msgqueue.o)
    0x00000c52   0x00000c52   0x00000002   PAD
    0x00000c54   0x00000c54   0x000000a0   Code   RO           34    .text.Motor_Control  main.o
    0x00000cf4   0x00000cf4   0x0000000a   Code   RO           50    .text.Motor_thread  main.o
    0x00000cfe   0x00000cfe   0x00000002   PAD
    0x00000d00   0x00000d00   0x00000008   Code   RO          509    .text.OS_Tick_AcknowledgeIRQ  RTX_CM0.lib(os_systick.o)
    0x00000d08   0x00000d08   0x00000024   Code   RO          505    .text.OS_Tick_Enable  RTX_CM0.lib(os_systick.o)
    0x00000d2c   0x00000d2c   0x0000004c   Code   RO          503    .text.OS_Tick_Setup  RTX_CM0.lib(os_systick.o)
    0x00000d78   0x00000d78   0x00000084   Code   RO           38    .text.PIT_IRQHandler  main.o
    0x00000dfc   0x00000dfc   0x0000001c   Code   RO           24    .text.PWM01_back    main.o
    0x00000e18   0x00000e18   0x0000001c   Code   RO           22    .text.PWM01_forward  main.o
    0x00000e34   0x00000e34   0x00000014   Code   RO           26    .text.PWM01_rest    main.o
    0x00000e48   0x00000e48   0x0000001c   Code   RO           30    .text.PWM23_back    main.o
    0x00000e64   0x00000e64   0x00000020   Code   RO           28    .text.PWM23_forward  main.o
    0x00000e84   0x00000e84   0x00000014   Code   RO           32    .text.PWM23_rest    main.o
    0x00000e98   0x00000e98   0x00000044   Code   RO           40    .text.Red_LED_Control  main.o
    0x00000edc   0x00000edc   0x0000000a   Code   RO           44    .text.Red_LED_thread  main.o
    0x00000ee6   0x00000ee6   0x00000002   PAD
    0x00000ee8   0x00000ee8   0x00000210   Code   RO          114    .text.SystemCoreClockUpdate  system_mkl25z4.o
    0x000010f8   0x000010f8   0x00000150   Code   RO          112    .text.SystemInit    system_mkl25z4.o
    0x00001248   0x00001248   0x0000004e   Code   RO          269    .text.ThreadFlagsCheck  RTX_CM0.lib(rtx_thread.o)
    0x00001296   0x00001296   0x00000002   PAD
    0x00001298   0x00001298   0x0000004c   Code   RO          360    .text.TimerInsert   RTX_CM0.lib(rtx_timer.o)
    0x000012e4   0x000012e4   0x00000054   Code   RO           12    .text.UART2_IRQHandler  main.o
    0x00001338   0x00001338   0x0000002c   Code   RO            4    .text.__NVIC_ClearPendingIRQ  main.o
    0x00001364   0x00001364   0x0000002c   Code   RO            6    .text.__NVIC_EnableIRQ  main.o
    0x00001390   0x00001390   0x00000064   Code   RO           52    .text.main          main.o
    0x000013f4   0x000013f4   0x00000028   Code   RO          322    .text.osDelay       RTX_CM0.lib(rtx_delay.o)
    0x0000141c   0x0000141c   0x00000028   Code   RO          126    .text.osKernelInitialize  RTX_CM0.lib(rtx_kernel.o)
    0x00001444   0x00001444   0x00000024   Code   RO          136    .text.osKernelStart  RTX_CM0.lib(rtx_kernel.o)
    0x00001468   0x00001468   0x00000074   Code   RO          537    .text.osMessageQueueGet  RTX_CM0.lib(rtx_msgqueue.o)
    0x000014dc   0x000014dc   0x00000024   Code   RO          531    .text.osMessageQueueNew  RTX_CM0.lib(rtx_msgqueue.o)
    0x00001500   0x00001500   0x00000078   Code   RO          535    .text.osMessageQueuePut  RTX_CM0.lib(rtx_msgqueue.o)
    0x00001578   0x00001578   0x00000040   Code   RO           91    .text.osRtxErrorNotify  rtx_config.o
    0x000015b8   0x000015b8   0x00000008   Code   RO           89    .text.osRtxIdleThread  rtx_config.o
    0x000015c0   0x000015c0   0x00000002   Code   RO          124    .text.osRtxKernelPreInit  RTX_CM0.lib(rtx_kernel.o)
    0x000015c2   0x000015c2   0x0000007c   Code   RO          422    .text.osRtxMemoryAlloc  RTX_CM0.lib(rtx_memory.o)
    0x0000163e   0x0000163e   0x0000004e   Code   RO          424    .text.osRtxMemoryFree  RTX_CM0.lib(rtx_memory.o)
    0x0000168c   0x0000168c   0x00000032   Code   RO          420    .text.osRtxMemoryInit  RTX_CM0.lib(rtx_memory.o)
    0x000016be   0x000016be   0x0000002e   Code   RO          437    .text.osRtxMemoryPoolAlloc  RTX_CM0.lib(rtx_mempool.o)
    0x000016ec   0x000016ec   0x0000003a   Code   RO          439    .text.osRtxMemoryPoolFree  RTX_CM0.lib(rtx_mempool.o)
    0x00001726   0x00001726   0x0000003e   Code   RO          435    .text.osRtxMemoryPoolInit  RTX_CM0.lib(rtx_mempool.o)
    0x00001764   0x00001764   0x000000bc   Code   RO          561    .text.osRtxMessageQueuePostProcess  RTX_CM0.lib(rtx_msgqueue.o)
    0x00001820   0x00001820   0x00000044   Code   RO          385    .text.osRtxMutexOwnerRelease  RTX_CM0.lib(rtx_mutex.o)
    0x00001864   0x00001864   0x0000007c   Code   RO          490    .text.osRtxPendSV_Handler  RTX_CM0.lib(rtx_system.o)
    0x000018e0   0x000018e0   0x00000068   Code   RO          492    .text.osRtxPostProcess  RTX_CM0.lib(rtx_system.o)
    0x00001948   0x00001948   0x00000034   Code   RO          209    .text.osRtxThreadBlock  RTX_CM0.lib(rtx_thread.o)
    0x0000197c   0x0000197c   0x0000007c   Code   RO          217    .text.osRtxThreadDelayInsert  RTX_CM0.lib(rtx_thread.o)
    0x000019f8   0x000019f8   0x00000040   Code   RO          213    .text.osRtxThreadDelayRemove  RTX_CM0.lib(rtx_thread.o)
    0x00001a38   0x00001a38   0x00000034   Code   RO          199    .text.osRtxThreadDelayTick  RTX_CM0.lib(rtx_thread.o)
    0x00001a6c   0x00001a6c   0x0000004c   Code   RO          207    .text.osRtxThreadDispatch  RTX_CM0.lib(rtx_thread.o)
    0x00001ab8   0x00001ab8   0x00000050   Code   RO          293    .text.osRtxThreadFree  RTX_CM0.lib(rtx_thread.o)
    0x00001b08   0x00001b08   0x00000014   Code   RO          191    .text.osRtxThreadListGet  RTX_CM0.lib(rtx_thread.o)
    0x00001b1c   0x00001b1c   0x0000002c   Code   RO          189    .text.osRtxThreadListPut  RTX_CM0.lib(rtx_thread.o)
    0x00001b48   0x00001b48   0x00000018   Code   RO          195    .text.osRtxThreadListRemove  RTX_CM0.lib(rtx_thread.o)
    0x00001b60   0x00001b60   0x00000026   Code   RO          267    .text.osRtxThreadPostProcess  RTX_CM0.lib(rtx_thread.o)
    0x00001b86   0x00001b86   0x00000002   PAD
    0x00001b88   0x00001b88   0x00000014   Code   RO          197    .text.osRtxThreadReadyPut  RTX_CM0.lib(rtx_thread.o)
    0x00001b9c   0x00001b9c   0x00000006   Code   RO          201    .text.osRtxThreadRegPtr  RTX_CM0.lib(rtx_thread.o)
    0x00001ba2   0x00001ba2   0x00000002   PAD
    0x00001ba4   0x00001ba4   0x00000028   Code   RO          205    .text.osRtxThreadStackCheck  RTX_CM0.lib(rtx_thread.o)
    0x00001bcc   0x00001bcc   0x00000038   Code   RO          219    .text.osRtxThreadStartup  RTX_CM0.lib(rtx_thread.o)
    0x00001c04   0x00001c04   0x00000014   Code   RO          203    .text.osRtxThreadSwitch  RTX_CM0.lib(rtx_thread.o)
    0x00001c18   0x00001c18   0x0000003c   Code   RO          215    .text.osRtxThreadWaitEnter  RTX_CM0.lib(rtx_thread.o)
    0x00001c54   0x00001c54   0x00000022   Code   RO          211    .text.osRtxThreadWaitExit  RTX_CM0.lib(rtx_thread.o)
    0x00001c76   0x00001c76   0x00000002   PAD
    0x00001c78   0x00001c78   0x00000070   Code   RO          488    .text.osRtxTick_Handler  RTX_CM0.lib(rtx_system.o)
    0x00001ce8   0x00001ce8   0x00000038   Code   RO          344    .text.osRtxTimerThread  RTX_CM0.lib(rtx_timer.o)
    0x00001d20   0x00001d20   0x00000060   Code   RO          346    .text.osRtxTimerTick  RTX_CM0.lib(rtx_timer.o)
    0x00001d80   0x00001d80   0x0000000c   Code   RO          251    .text.osThreadExit  RTX_CM0.lib(rtx_thread.o)
    0x00001d8c   0x00001d8c   0x00000024   Code   RO          223    .text.osThreadNew   RTX_CM0.lib(rtx_thread.o)
    0x00001db0   0x00001db0   0x000000b4   Code   RO           18    .text.playHappyBirthday  main.o
    0x00001e64   0x00001e64   0x00000012   Code   RO          326    .text.svcRtxDelay   RTX_CM0.lib(rtx_delay.o)
    0x00001e76   0x00001e76   0x00000002   PAD
    0x00001e78   0x00001e78   0x00000148   Code   RO          164    .text.svcRtxKernelInitialize  RTX_CM0.lib(rtx_kernel.o)
    0x00001fc0   0x00001fc0   0x00000084   Code   RO          166    .text.svcRtxKernelStart  RTX_CM0.lib(rtx_kernel.o)
    0x00002044   0x00002044   0x000000e8   Code   RO          573    .text.svcRtxMessageQueueGet  RTX_CM0.lib(rtx_msgqueue.o)
    0x0000212c   0x0000212c   0x000001e4   Code   RO          559    .text.svcRtxMessageQueueNew  RTX_CM0.lib(rtx_msgqueue.o)
    0x00002310   0x00002310   0x000000b8   Code   RO          569    .text.svcRtxMessageQueuePut  RTX_CM0.lib(rtx_msgqueue.o)
    0x000023c8   0x000023c8   0x0000006c   Code   RO          297    .text.svcRtxThreadExit  RTX_CM0.lib(rtx_thread.o)
    0x00002434   0x00002434   0x000001ec   Code   RO          221    .text.svcRtxThreadNew  RTX_CM0.lib(rtx_thread.o)
    0x00002620   0x00002620   0x0000002e   Code   RO          645    i.__ARM_clz         mf_p.l(depilogue.o)
    0x0000264e   0x0000264e   0x0000000e   Code   RO          653    i.__scatterload_copy  mc_p.l(handlers.o)
    0x0000265c   0x0000265c   0x00000002   Code   RO          654    i.__scatterload_null  mc_p.l(handlers.o)
    0x0000265e   0x0000265e   0x0000000e   Code   RO          655    i.__scatterload_zeroinit  mc_p.l(handlers.o)
    0x0000266c   0x0000266c   0x00000068   Data   RO           76    .rodata             rtx_lib.o
    0x000026d4   0x000026d4   0x00000038   Data   RO           79    .rodata             rtx_lib.o
    0x0000270c   0x0000270c   0x00000004   Data   RO           78    .rodata.osRtxUserSVC  rtx_lib.o
    0x00002710   0x00002710   0x00000024   Data   RO           73    .rodata.os_idle_thread_attr  rtx_lib.o
    0x00002734   0x00002734   0x00000018   Data   RO           75    .rodata.os_timer_mq_attr  rtx_lib.o
    0x0000274c   0x0000274c   0x00000024   Data   RO           74    .rodata.os_timer_thread_attr  rtx_lib.o
    0x00002770   0x00002770   0x0000000b   Data   RO          178    .rodata.str1.4      RTX_CM0.lib(rtx_kernel.o)
    0x0000277b   0x0000277b   0x00000001   PAD
    0x0000277c   0x0000277c   0x00000020   Data   RO          652    Region$$Table       anon$$obj.o


    Execution Region ER_RW (Exec base: 0x1ffff000, Load base: 0x0000279c, Size: 0x000001a0, Max: 0xffffffff, ABSOLUTE, COMPRESSED[0x00000058])

    Exec Addr    Load Addr    Size         Type   Attr      Idx    E Section Name        Object

    0x1ffff000   COMPRESSED   0x00000004   Data   RW           62    .data.Green_LED_index  main.o
    0x1ffff004   COMPRESSED   0x00000004   Data   RW           55    .data.LED_flag      main.o
    0x1ffff008   COMPRESSED   0x00000001   Data   RW           56    .data.Motor_flag    main.o
    0x1ffff009   COMPRESSED   0x00000003   PAD
    0x1ffff00c   COMPRESSED   0x00000004   Data   RW           61    .data.RED_LED_FLAG  main.o
    0x1ffff010   COMPRESSED   0x00000004   Data   RW          116    .data.SystemCoreClock  system_mkl25z4.o
    0x1ffff014   COMPRESSED   0x00000074   Data   RW           60    .data.durations     main.o
    0x1ffff088   COMPRESSED   0x00000074   Data   RW           59    .data.notes         main.o
    0x1ffff0fc   COMPRESSED   0x000000a4   Data   RW          179    .data.os            RTX_CM0.lib(rtx_kernel.o)


    Execution Region ER_ZI (Exec base: 0x1ffff1a0, Load base: 0x000027f4, Size: 0x00001460, Max: 0xffffffff, ABSOLUTE)

    Exec Addr    Load Addr    Size         Type   Attr      Idx    E Section Name        Object

    0x1ffff1a0        -       0x00000001   Zero   RW          521    .bss.PendST         RTX_CM0.lib(os_systick.o)
    0x1ffff1a1        -       0x00000001   Zero   RW           57    .bss.data           main.o
    0x1ffff1a2   0x000027f4   0x00000006   PAD
    0x1ffff1a8        -       0x00001040   Zero   RW           72    .bss.os             rtx_lib.o
    0x200001e8        -       0x00000034   Zero   RW           82    .bss.os.msgqueue.cb  rtx_lib.o
    0x2000021c        -       0x00000050   Zero   RW           83    .bss.os.msgqueue.mem  rtx_lib.o
    0x2000026c        -       0x00000088   Zero   RW           80    .bss.os.thread.cb   rtx_lib.o
    0x200002f4   0x000027f4   0x00000004   PAD
    0x200002f8        -       0x00000200   Zero   RW           81    .bss.os.thread.stack  rtx_lib.o
    0x200004f8        -       0x00000004   Zero   RW           63    .bss.test_flag      main.o
    0x200004fc   0x000027f4   0x00000004   PAD
    0x20000500        -       0x00000100   Zero   RW           99    STACK               startup_mkl25z4.o


==============================================================================

Image component sizes


      Code (inc. data)   RO Data    RW Data    ZI Data      Debug   Object Name

      2166        372          0        245          5       7669   main.o
        72         20          0          0          0        738   rtx_config.o
         0          0        260          0       4940       5481   rtx_lib.o
        56         30        192          0        256        908   startup_mkl25z4.o
       864        100          0          4          0       3334   system_mkl25z4.o

    ----------------------------------------------------------------------
      3164        522        484        252       5215      18130   Object Totals
         0          0         32          0          0          0   (incl. Generated)
         6          0          0          3         14          0   (incl. Padding)

    ----------------------------------------------------------------------

      Code (inc. data)   RO Data    RW Data    ZI Data      Debug   Library Member Name

       164          8          0          0          0        496   irq_cm0.o
       126         20          0          0          1       2766   os_systick.o
        58          4          0          0          0       2753   rtx_delay.o
       538         36         11        164          0      16105   rtx_kernel.o
       252          0          0          0          0       2564   rtx_memory.o
       166          0          0          0          0      14282   rtx_mempool.o
      1564         40          0          0          0      17889   rtx_msgqueue.o
        68          0          0          0          0       9201   rtx_mutex.o
       340         14          0          0          0       4635   rtx_system.o
      1536         56          0          0          0      30867   rtx_thread.o
       228         16          0          0          0      10018   rtx_timer.o
        86          0          0          0          0          0   __dczerorl2.o
         0          0          0          0          0          0   entry.o
         0          0          0          0          0          0   entry10a.o
         0          0          0          0          0          0   entry11a.o
         8          4          0          0          0          0   entry2.o
         4          0          0          0          0          0   entry5.o
         0          0          0          0          0          0   entry7b.o
         0          0          0          0          0          0   entry8b.o
         8          4          0          0          0          0   entry9a.o
        30          0          0          0          0          0   handlers.o
        80          6          0          0          0         72   idiv_div0.o
        36          8          0          0          0         68   init.o
         0          0          0          0          0          0   iusefp.o
        32          0          0          0          0         68   llshl.o
        34          0          0          0          0         68   llushr.o
        36          0          0          0          0         60   memcpya.o
        36          0          0          0          0        100   memseta.o
        62          0          0          0          0         72   uidiv_div0.o
       236          0          0          0          0        216   depilogue.o
        60         10          0          0          0         68   dfixui.o
        40          6          0          0          0         68   dflti.o
       208          6          0          0          0         88   dmul.o
       124          0          0          0          0         72   fdiv.o
       130          0          0          0          0        144   fepilogue.o
        50          0          0          0          0         60   ffixi.o
       122          0          0          0          0         72   fmul.o

    ----------------------------------------------------------------------
      6480        238         12        164          1     112872   Library Totals
        18          0          1          0          0          0   (incl. Padding)

    ----------------------------------------------------------------------

      Code (inc. data)   RO Data    RW Data    ZI Data      Debug   Library Name

      5040        194         11        164          1     111576   RTX_CM0.lib
       452         22          0          0          0        508   mc_p.l
       970         22          0          0          0        788   mf_p.l

    ----------------------------------------------------------------------
      6480        238         12        164          1     112872   Library Totals

    ----------------------------------------------------------------------

==============================================================================


      Code (inc. data)   RO Data    RW Data    ZI Data      Debug   

      9644        760        496        416       5216     130374   Grand Totals
      9644        760        496         88       5216     130374   ELF Image Totals (compressed)
      9644        760        496         88          0          0   ROM Totals

==============================================================================

    Total RO  Size (Code + RO Data)                10140 (   9.90kB)
    Total RW  Size (RW Data + ZI Data)              5632 (   5.50kB)
    Total ROM Size (Code + RO Data + RW Data)      10228 (   9.99kB)

==============================================================================

