Component: Arm Compiler for Embedded 6.19 Tool: armlink [5e73cb00]

==============================================================================

Section Cross References

    main.o(.text.Init_UART2) refers to uidiv_div0.o(.text) for __aeabi_uidiv
    main.o(.text.Init_UART2) refers to main.o(.text.__NVIC_ClearPendingIRQ) for __NVIC_ClearPendingIRQ
    main.o(.text.Init_UART2) refers to main.o(.text.__NVIC_EnableIRQ) for __NVIC_EnableIRQ
    main.o(.ARM.exidx.text.Init_UART2) refers to main.o(.text.Init_UART2) for [Anonymous Symbol]
    main.o(.ARM.exidx.text.__NVIC_ClearPendingIRQ) refers to main.o(.text.__NVIC_ClearPendingIRQ) for [Anonymous Symbol]
    main.o(.ARM.exidx.text.__NVIC_EnableIRQ) refers to main.o(.text.__NVIC_EnableIRQ) for [Anonymous Symbol]
    main.o(.ARM.exidx.text.Direction_convert) refers to main.o(.text.Direction_convert) for [Anonymous Symbol]
    main.o(.ARM.exidx.text.LED_convert) refers to main.o(.text.LED_convert) for [Anonymous Symbol]
    main.o(.text.UART2_IRQHandler) refers to main.o(.text.__NVIC_ClearPendingIRQ) for __NVIC_ClearPendingIRQ
    main.o(.text.UART2_IRQHandler) refers to main.o(.text.Direction_convert) for Direction_convert
    main.o(.text.UART2_IRQHandler) refers to main.o(.text.LED_convert) for LED_convert
    main.o(.text.UART2_IRQHandler) refers to main.o(.bss.data) for data
    main.o(.text.UART2_IRQHandler) refers to main.o(.data.Motor_flag) for Motor_flag
    main.o(.text.UART2_IRQHandler) refers to main.o(.data.LED_flag) for LED_flag
    main.o(.ARM.exidx.text.UART2_IRQHandler) refers to main.o(.text.UART2_IRQHandler) for [Anonymous Symbol]
    main.o(.ARM.exidx.text.Init_PWM) refers to main.o(.text.Init_PWM) for [Anonymous Symbol]
    main.o(.text.playNoteI) refers to fcmpeq.o(.text) for __aeabi_fcmpeq
    main.o(.text.playNoteI) refers to fmul.o(.text) for __aeabi_fmul
    main.o(.text.playNoteI) refers to fdiv.o(.text) for __aeabi_fdiv
    main.o(.text.playNoteI) refers to ffixi.o(.text) for __aeabi_f2iz
    main.o(.text.playNoteI) refers to idiv_div0.o(.text) for __aeabi_idiv
    main.o(.text.playNoteI) refers to main.o(.bss.tone) for [Anonymous Symbol]
    main.o(.ARM.exidx.text.playNoteI) refers to main.o(.text.playNoteI) for [Anonymous Symbol]
    main.o(.text.playHappyBirthday) refers to fmul.o(.text) for __aeabi_fmul
    main.o(.text.playHappyBirthday) refers to fdiv.o(.text) for __aeabi_fdiv
    main.o(.text.playHappyBirthday) refers to ffixi.o(.text) for __aeabi_f2iz
    main.o(.text.playHappyBirthday) refers to dflti.o(.text) for __aeabi_i2d
    main.o(.text.playHappyBirthday) refers to dmul.o(.text) for __aeabi_dmul
    main.o(.text.playHappyBirthday) refers to dfixui.o(.text) for __aeabi_d2uiz
    main.o(.text.playHappyBirthday) refers to rtx_delay.o(.text.osDelay) for osDelay
    main.o(.text.playHappyBirthday) refers to main.o(.data.notes) for [Anonymous Symbol]
    main.o(.text.playHappyBirthday) refers to main.o(.data.durations) for [Anonymous Symbol]
    main.o(.ARM.exidx.text.playHappyBirthday) refers to main.o(.text.playHappyBirthday) for [Anonymous Symbol]
    main.o(.ARM.exidx.text.playEndSong) refers to main.o(.text.playEndSong) for [Anonymous Symbol]
    main.o(.text.PWM01_forward) refers to idiv_div0.o(.text) for __aeabi_idiv
    main.o(.ARM.exidx.text.PWM01_forward) refers to main.o(.text.PWM01_forward) for [Anonymous Symbol]
    main.o(.text.PWM01_back) refers to idiv_div0.o(.text) for __aeabi_idiv
    main.o(.ARM.exidx.text.PWM01_back) refers to main.o(.text.PWM01_back) for [Anonymous Symbol]
    main.o(.ARM.exidx.text.PWM01_rest) refers to main.o(.text.PWM01_rest) for [Anonymous Symbol]
    main.o(.text.PWM23_forward) refers to idiv_div0.o(.text) for __aeabi_idiv
    main.o(.ARM.exidx.text.PWM23_forward) refers to main.o(.text.PWM23_forward) for [Anonymous Symbol]
    main.o(.text.PWM23_back) refers to idiv_div0.o(.text) for __aeabi_idiv
    main.o(.ARM.exidx.text.PWM23_back) refers to main.o(.text.PWM23_back) for [Anonymous Symbol]
    main.o(.ARM.exidx.text.PWM23_rest) refers to main.o(.text.PWM23_rest) for [Anonymous Symbol]
    main.o(.text.Motor_Control) refers to main.o(.text.PWM01_forward) for PWM01_forward
    main.o(.text.Motor_Control) refers to main.o(.text.PWM23_back) for PWM23_back
    main.o(.text.Motor_Control) refers to main.o(.text.PWM01_back) for PWM01_back
    main.o(.text.Motor_Control) refers to main.o(.text.PWM23_forward) for PWM23_forward
    main.o(.text.Motor_Control) refers to main.o(.text.PWM01_rest) for PWM01_rest
    main.o(.text.Motor_Control) refers to main.o(.text.PWM23_rest) for PWM23_rest
    main.o(.text.Motor_Control) refers to main.o(.data.Motor_flag) for Motor_flag
    main.o(.ARM.exidx.text.Motor_Control) refers to main.o(.text.Motor_Control) for [Anonymous Symbol]
    main.o(.text.Init_PIT) refers to main.o(.text.__NVIC_ClearPendingIRQ) for __NVIC_ClearPendingIRQ
[...]
    Removing rtx_mutex.o(.ARM.exidx.text.svcRtxMutexGetOwner), (8 bytes).
    Removing rtx_mutex.o(.text.svcRtxMutexDelete), (180 bytes).
    Removing rtx_mutex.o(.ARM.exidx.text.svcRtxMutexDelete), (8 bytes).
    Removing rtx_memory.o(.text), (0 bytes).
    Removing rtx_memory.o(.ARM.exidx.text.osRtxMemoryInit), (8 bytes).
    Removing rtx_memory.o(.ARM.exidx.text.osRtxMemoryAlloc), (8 bytes).
    Removing rtx_memory.o(.ARM.exidx.text.osRtxMemoryFree), (8 bytes).
    Removing rtx_mempool.o(.text), (0 bytes).
    Removing rtx_mempool.o(.ARM.exidx.text.osRtxMemoryPoolInit), (8 bytes).
    Removing rtx_mempool.o(.ARM.exidx.text.osRtxMemoryPoolAlloc), (8 bytes).
    Removing rtx_mempool.o(.ARM.exidx.text.osRtxMemoryPoolFree), (8 bytes).
    Removing rtx_mempool.o(.text.osMemoryPoolNew), (36 bytes).
    Removing rtx_mempool.o(.ARM.exidx.text.osMemoryPoolNew), (8 bytes).
    Removing rtx_mempool.o(.text.osMemoryPoolGetName), (36 bytes).
    Removing rtx_mempool.o(.ARM.exidx.text.osMemoryPoolGetName), (8 bytes).
    Removing rtx_mempool.o(.text.osMemoryPoolAlloc), (56 bytes).
    Removing rtx_mempool.o(.ARM.exidx.text.osMemoryPoolAlloc), (8 bytes).
    Removing rtx_mempool.o(.text.osMemoryPoolFree), (72 bytes).
    Removing rtx_mempool.o(.ARM.exidx.text.osMemoryPoolFree), (8 bytes).
    Removing rtx_mempool.o(.text.osMemoryPoolGetCapacity), (48 bytes).
    Removing rtx_mempool.o(.ARM.exidx.text.osMemoryPoolGetCapacity), (8 bytes).
    Removing rtx_mempool.o(.text.svcRtxMemoryPoolGetCapacity), (18 bytes).
    Removing rtx_mempool.o(.ARM.exidx.text.svcRtxMemoryPoolGetCapacity), (8 bytes).
    Removing rtx_mempool.o(.text.osMemoryPoolGetBlockSize), (48 bytes).
    Removing rtx_mempool.o(.ARM.exidx.text.osMemoryPoolGetBlockSize), (8 bytes).
    Removing rtx_mempool.o(.text.svcRtxMemoryPoolGetBlockSize), (18 bytes).
    Removing rtx_mempool.o(.ARM.exidx.text.svcRtxMemoryPoolGetBlockSize), (8 bytes).
    Removing rtx_mempool.o(.text.osMemoryPoolGetCount), (48 bytes).
    Removing rtx_mempool.o(.ARM.exidx.text.osMemoryPoolGetCount), (8 bytes).
    Removing rtx_mempool.o(.text.svcRtxMemoryPoolGetCount), (18 bytes).
    Removing rtx_mempool.o(.ARM.exidx.text.svcRtxMemoryPoolGetCount), (8 bytes).
    Removing rtx_mempool.o(.text.osMemoryPoolGetSpace), (36 bytes).
    Removing rtx_mempool.o(.ARM.exidx.text.osMemoryPoolGetSpace), (8 bytes).
    Removing rtx_mempool.o(.text.svcRtxMemoryPoolGetSpace), (22 bytes).
    Removing rtx_mempool.o(.ARM.exidx.text.svcRtxMemoryPoolGetSpace), (8 bytes).
    Removing rtx_mempool.o(.text.osMemoryPoolDelete), (40 bytes).
    Removing rtx_mempool.o(.ARM.exidx.text.osMemoryPoolDelete), (8 bytes).
    Removing rtx_mempool.o(.text.svcRtxMemoryPoolNew), (432 bytes).
    Removing rtx_mempool.o(.ARM.exidx.text.svcRtxMemoryPoolNew), (8 bytes).
    Removing rtx_mempool.o(.text.osRtxMemoryPoolPostProcess), (40 bytes).
    Removing rtx_mempool.o(.ARM.exidx.text.osRtxMemoryPoolPostProcess), (8 bytes).
    Removing rtx_mempool.o(.text.svcRtxMemoryPoolGetName), (18 bytes).
    Removing rtx_mempool.o(.ARM.exidx.text.svcRtxMemoryPoolGetName), (8 bytes).
    Removing rtx_mempool.o(.text.svcRtxMemoryPoolAlloc), (64 bytes).
    Removing rtx_mempool.o(.ARM.exidx.text.svcRtxMemoryPoolAlloc), (8 bytes).
    Removing rtx_mempool.o(.text.svcRtxMemoryPoolFree), (72 bytes).
    Removing rtx_mempool.o(.ARM.exidx.text.svcRtxMemoryPoolFree), (8 bytes).
    Removing rtx_mempool.o(.text.svcRtxMemoryPoolDelete), (112 bytes).
    Removing rtx_mempool.o(.ARM.exidx.text.svcRtxMemoryPoolDelete), (8 bytes).
    Removing rtx_msgqueue.o(.text), (0 bytes).
    Removing rtx_msgqueue.o(.ARM.exidx.text.osRtxMessageQueueTimerSetup), (8 bytes).
    Removing rtx_msgqueue.o(.ARM.exidx.text.svcRtxMessageQueueNew), (8 bytes).
    Removing rtx_msgqueue.o(.text.osMessageQueueNew), (36 bytes).
    Removing rtx_msgqueue.o(.ARM.exidx.text.osMessageQueueNew), (8 bytes).
    Removing rtx_msgqueue.o(.text.osMessageQueueGetName), (36 bytes).
    Removing rtx_msgqueue.o(.ARM.exidx.text.osMessageQueueGetName), (8 bytes).
    Removing rtx_msgqueue.o(.ARM.exidx.text.osMessageQueuePut), (8 bytes).
    Removing rtx_msgqueue.o(.ARM.exidx.text.osMessageQueueGet), (8 bytes).
    Removing rtx_msgqueue.o(.text.osMessageQueueGetCapacity), (48 bytes).
    Removing rtx_msgqueue.o(.ARM.exidx.text.osMessageQueueGetCapacity), (8 bytes).
    Removing rtx_msgqueue.o(.text.svcRtxMessageQueueGetCapacity), (18 bytes).
    Removing rtx_msgqueue.o(.ARM.exidx.text.svcRtxMessageQueueGetCapacity), (8 bytes).
    Removing rtx_msgqueue.o(.text.osMessageQueueGetMsgSize), (48 bytes).
    Removing rtx_msgqueue.o(.ARM.exidx.text.osMessageQueueGetMsgSize), (8 bytes).
    Removing rtx_msgqueue.o(.text.svcRtxMessageQueueGetMsgSize), (18 bytes).
    Removing rtx_msgqueue.o(.ARM.exidx.text.svcRtxMessageQueueGetMsgSize), (8 bytes).
    Removing rtx_msgqueue.o(.text.osMessageQueueGetCount), (48 bytes).
    Removing rtx_msgqueue.o(.ARM.exidx.text.osMessageQueueGetCount), (8 bytes).
    Removing rtx_msgqueue.o(.text.svcRtxMessageQueueGetCount), (18 bytes).
    Removing rtx_msgqueue.o(.ARM.exidx.text.svcRtxMessageQueueGetCount), (8 bytes).
    Removing rtx_msgqueue.o(.text.osMessageQueueGetSpace), (36 bytes).
    Removing rtx_msgqueue.o(.ARM.exidx.text.osMessageQueueGetSpace), (8 bytes).
    Removing rtx_msgqueue.o(.text.svcRtxMessageQueueGetSpace), (22 bytes).
    Removing rtx_msgqueue.o(.ARM.exidx.text.svcRtxMessageQueueGetSpace), (8 bytes).
    Removing rtx_msgqueue.o(.text.osMessageQueueReset), (40 bytes).
    Removing rtx_msgqueue.o(.ARM.exidx.text.osMessageQueueReset), (8 bytes).
    Removing rtx_msgqueue.o(.text.osMessageQueueDelete), (40 bytes).
    Removing rtx_msgqueue.o(.ARM.exidx.text.osMessageQueueDelete), (8 bytes).
    Removing rtx_msgqueue.o(.ARM.exidx.text.osRtxMessageQueuePostProcess), (8 bytes).
    Removing rtx_msgqueue.o(.ARM.exidx.text.MessageQueueRemove), (8 bytes).
    Removing rtx_msgqueue.o(.ARM.exidx.text.MessageQueuePut), (8 bytes).
    Removing rtx_msgqueue.o(.text.svcRtxMessageQueueGetName), (18 bytes).
    Removing rtx_msgqueue.o(.ARM.exidx.text.svcRtxMessageQueueGetName), (8 bytes).
    Removing rtx_msgqueue.o(.ARM.exidx.text.svcRtxMessageQueuePut), (8 bytes).
    Removing rtx_msgqueue.o(.ARM.exidx.text.MessageQueueGet), (8 bytes).
    Removing rtx_msgqueue.o(.ARM.exidx.text.svcRtxMessageQueueGet), (8 bytes).
    Removing rtx_msgqueue.o(.text.svcRtxMessageQueueReset), (160 bytes).
    Removing rtx_msgqueue.o(.ARM.exidx.text.svcRtxMessageQueueReset), (8 bytes).
    Removing rtx_msgqueue.o(.text.svcRtxMessageQueueDelete), (112 bytes).
    Removing rtx_msgqueue.o(.ARM.exidx.text.svcRtxMessageQueueDelete), (8 bytes).
    Removing rtx_system.o(.text), (0 bytes).
    Removing rtx_system.o(.ARM.exidx.text.osRtxTick_Handler), (8 bytes).
    Removing rtx_system.o(.ARM.exidx.text.osRtxPendSV_Handler), (8 bytes).
    Removing rtx_system.o(.ARM.exidx.text.osRtxPostProcess), (8 bytes).
    Removing os_systick.o(.text), (0 bytes).
    Removing os_systick.o(.ARM.exidx.text.OS_Tick_Setup), (8 bytes).
    Removing os_systick.o(.ARM.exidx.text.OS_Tick_Enable), (8 bytes).
    Removing os_systick.o(.text.OS_Tick_Disable), (40 bytes).
    Removing os_systick.o(.ARM.exidx.text.OS_Tick_Disable), (8 bytes).
    Removing os_systick.o(.ARM.exidx.text.OS_Tick_AcknowledgeIRQ), (8 bytes).
    Removing os_systick.o(.ARM.exidx.text.OS_Tick_GetIRQn), (8 bytes).
    Removing os_systick.o(.text.OS_Tick_GetClock), (12 bytes).
    Removing os_systick.o(.ARM.exidx.text.OS_Tick_GetClock), (8 bytes).
    Removing os_systick.o(.text.OS_Tick_GetInterval), (12 bytes).
    Removing os_systick.o(.ARM.exidx.text.OS_Tick_GetInterval), (8 bytes).
    Removing os_systick.o(.text.OS_Tick_GetCount), (16 bytes).
    Removing os_systick.o(.ARM.exidx.text.OS_Tick_GetCount), (8 bytes).
    Removing os_systick.o(.text.OS_Tick_GetOverflow), (16 bytes).
    Removing os_systick.o(.ARM.exidx.text.OS_Tick_GetOverflow), (8 bytes).
    Removing fcmpeq.o(.text), (28 bytes).

371 unused section(s) (total 8467 bytes) removed from the image.

==============================================================================

Image Symbol Table

    Local Symbols

    Symbol Name                              Value     Ov Type        Size  Object(Section)

    ../clib/../cmprslib/zerorunl2.c          0x00000000   Number         0  __dczerorl2.o ABSOLUTE
    ../clib/division.s                       0x00000000   Number         0  aeabi_sdiv.o ABSOLUTE
    ../clib/division.s                       0x00000000   Number         0  aeabi_sdiv_div0.o ABSOLUTE
    ../clib/microlib/division.c              0x00000000   Number         0  uidiv.o ABSOLUTE
    ../clib/microlib/division.c              0x00000000   Number         0  idiv.o ABSOLUTE
    ../clib/microlib/division.c              0x00000000   Number         0  uidiv_div0.o ABSOLUTE
    ../clib/microlib/division.c              0x00000000   Number         0  idiv_div0.o ABSOLUTE
    ../clib/microlib/division.c              0x00000000   Number         0  idiv0.o ABSOLUTE
    ../clib/microlib/init/entry.s            0x00000000   Number         0  entry.o ABSOLUTE
    ../clib/microlib/init/entry.s            0x00000000   Number         0  entry2.o ABSOLUTE
    ../clib/microlib/init/entry.s            0x00000000   Number         0  entry5.o ABSOLUTE
    ../clib/microlib/init/entry.s            0x00000000   Number         0  entry7a.o ABSOLUTE
    ../clib/microlib/init/entry.s            0x00000000   Number         0  entry7b.o ABSOLUTE
    ../clib/microlib/init/entry.s            0x00000000   Number         0  entry8a.o ABSOLUTE
    ../clib/microlib/init/entry.s            0x00000000   Number         0  entry8b.o ABSOLUTE
    ../clib/microlib/init/entry.s            0x00000000   Number         0  entry9a.o ABSOLUTE
    ../clib/microlib/init/entry.s            0x00000000   Number         0  entry9b.o ABSOLUTE
    ../clib/microlib/init/entry.s            0x00000000   Number         0  entry10a.o ABSOLUTE
    ../clib/microlib/init/entry.s            0x00000000   Number         0  entry10b.o ABSOLUTE
    ../clib/microlib/init/entry.s            0x00000000   Number         0  entry11a.o ABSOLUTE
    ../clib/microlib/init/entry.s            0x00000000   Number         0  entry11b.o ABSOLUTE
    ../clib/microlib/longlong.c              0x00000000   Number         0  llushr.o ABSOLUTE
    ../clib/microlib/longlong.c              0x00000000   Number         0  llshl.o ABSOLUTE
    ../clib/microlib/string/memcpy.c         0x00000000   Number         0  memcpya.o ABSOLUTE
    ../clib/microlib/string/memcpy.c         0x00000000   Number         0  memcpyb.o ABSOLUTE
    ../clib/microlib/string/memset.c         0x00000000   Number         0  memseta.o ABSOLUTE
    ../clib/microlib/stubs.s                 0x00000000   Number         0  iusefp.o ABSOLUTE
    ../fplib/microlib/fpcmp.c                0x00000000   Number         0  fcmpeq.o ABSOLUTE
    ../fplib/microlib/fpdiv.c                0x00000000   Number         0  fdiv.o ABSOLUTE
    ../fplib/microlib/fpepilogue.c           0x00000000   Number         0  fepilogue.o ABSOLUTE
    ../fplib/microlib/fpepilogue.c           0x00000000   Number         0  depilogue.o ABSOLUTE
    ../fplib/microlib/fpfix.c                0x00000000   Number         0  ffixi.o ABSOLUTE
    ../fplib/microlib/fpfix.c                0x00000000   Number         0  dfixui.o ABSOLUTE
    ../fplib/microlib/fpflt.c                0x00000000   Number         0  dflti.o ABSOLUTE
    ../fplib/microlib/fpmul.c                0x00000000   Number         0  fmul.o ABSOLUTE
    ../fplib/microlib/fpmul.c                0x00000000   Number         0  dmul.o ABSOLUTE
    RTE/Device/MKL25Z128xxx4/startup_MKL25Z4.s 0x00000000   Number         0  startup_mkl25z4.o ABSOLUTE
    RTX_Config.c                             0x00000000   Number         0  rtx_config.o ABSOLUTE
    dc.s                                     0x00000000   Number         0  dc.o ABSOLUTE
    handlers.s                               0x00000000   Number         0  handlers.o ABSOLUTE
    init.s                                   0x00000000   Number         0  init.o ABSOLUTE
    main.c                                   0x00000000   Number         0  main.o ABSOLUTE
    os_systick.c                             0x00000000   Number         0  os_systick.o ABSOLUTE
    rtx_delay.c                              0x00000000   Number         0  rtx_delay.o ABSOLUTE
    rtx_kernel.c                             0x00000000   Number         0  rtx_kernel.o ABSOLUTE
    rtx_lib.c                                0x00000000   Number         0  rtx_lib.o ABSOLUTE
    rtx_memory.c                             0x00000000   Number         0  rtx_memory.o ABSOLUTE
    rtx_mempool.c                            0x00000000   Number         0  rtx_mempool.o ABSOLUTE
    rtx_msgqueue.c                           0x00000000   Number         0  rtx_msgqueue.o ABSOLUTE
    rtx_mutex.c                              0x00000000   Number         0  rtx_mutex.o ABSOLUTE
    rtx_system.c                             0x00000000   Number         0  rtx_system.o ABSOLUTE
    rtx_thread.c                             0x00000000   Number         0  rtx_thread.o ABSOLUTE
    rtx_timer.c                              0x00000000   Number         0  rtx_timer.o ABSOLUTE
    system_MKL25Z4.c                         0x00000000   Number         0  system_mkl25z4.o ABSOLUTE
    RESET                                    0x00000000   Section      192  startup_mkl25z4.o(RESET)
    osRtxErrorStackOverflow                  0x00000001   Number         0  irq_armv6m.o ABSOLUTE
    I_T_RUN_OFS                              0x00000014   Number         0  irq_armv6m.o ABSOLUTE
    TCB_SP_OFS                               0x00000038   Number         0  irq_armv6m.o ABSOLUTE
    .ARM.Collect$$$$00000000                 0x000000c0   Section        0  entry.o(.ARM.Collect$$$$00000000)
    .ARM.Collect$$$$00000001                 0x000000c0   Section        4  entry2.o(.ARM.Collect$$$$00000001)
    .ARM.Collect$$$$00000004                 0x000000c4   Section        4  entry5.o(.ARM.Collect$$$$00000004)
    .ARM.Collect$$$$00000008                 0x000000c8   Section        0  entry7b.o(.ARM.Collect$$$$00000008)
    .ARM.Collect$$$$0000000A                 0x000000c8   Section        0  entry8b.o(.ARM.Collect$$$$0000000A)
    .ARM.Collect$$$$0000000B                 0x000000c8   Section        8  entry9a.o(.ARM.Collect$$$$0000000B)
    __lit__00000000                          0x000000d0   Data           4  entry2.o(.ARM.Collect$$$$00002712)
    .ARM.Collect$$$$0000000D                 0x000000d0   Section        0  entry10a.o(.ARM.Collect$$$$0000000D)
    .ARM.Collect$$$$0000000F                 0x000000d0   Section        0  entry11a.o(.ARM.Collect$$$$0000000F)
    .ARM.Collect$$$$00002712                 0x000000d0   Section        4  entry2.o(.ARM.Collect$$$$00002712)
    .text                                    0x000000d4   Section       40  startup_mkl25z4.o(.text)
    [Anonymous Symbol]                       0x000000fc   Section        0  irq_armv6m.o(.text)
    SVC_Number                               0x00000106   Number         0  irq_armv6m.o(.text)
    SVC_Context                              0x0000011c   Number         0  irq_armv6m.o(.text)
    SVC_ContextSave                          0x0000012c   Number         0  irq_armv6m.o(.text)
    SVC_ContextRestore                       0x00000140   Number         0  irq_armv6m.o(.text)
    SVC_MSP                                  0x0000015c   Number         0  irq_armv6m.o(.text)
    SVC_Exit                                 0x00000162   Number         0  irq_armv6m.o(.text)
    SVC_User                                 0x00000164   Number         0  irq_armv6m.o(.text)
    .text                                    0x000001a0   Section        0  memcpya.o(.text)
    .text                                    0x000001c4   Section        0  memseta.o(.text)
    .text                                    0x000001e8   Section        0  fmul.o(.text)
    .text                                    0x00000262   Section        0  fdiv.o(.text)
    .text                                    0x000002e0   Section        0  dmul.o(.text)
    .text                                    0x000003b0   Section        0  dflti.o(.text)
    .text                                    0x000003d8   Section        0  llushr.o(.text)
    [Anonymous Symbol]                       0x000003fa   Section        0  os_systick.o(.text.OS_Tick_GetIRQn)
    .text                                    0x000003fa   Section        0  iusefp.o(.text)
    .ARM.__at_0x400                          0x00000400   Section       16  startup_mkl25z4.o(.ARM.__at_0x400)
    .text                                    0x00000410   Section        0  ffixi.o(.text)
    .text                                    0x00000444   Section        0  dfixui.o(.text)
    .text                                    0x00000480   Section        0  uidiv_div0.o(.text)
    .text                                    0x000004c0   Section        0  idiv_div0.o(.text)
    .text                                    0x00000510   Section        0  fepilogue.o(.text)
    .text                                    0x00000592   Section        0  depilogue.o(.text)
    .text                                    0x00000650   Section       36  init.o(.text)
    .text                                    0x00000674   Section        0  llshl.o(.text)
    .text                                    0x00000694   Section        0  __dczerorl2.o(.text)
    [Anonymous Symbol]                       0x000006ea   Section        0  main.o(.text.Buzzer_thread)
    [Anonymous Symbol]                       0x000006f4   Section        0  main.o(.text.Direction_convert)
    [Anonymous Symbol]                       0x00000780   Section        0  main.o(.text.Green_LED_Control)
    __arm_cp.20_0                            0x000007b4   Number         4  main.o(.text.Green_LED_Control)
    __arm_cp.20_1                            0x000007b8   Number         4  main.o(.text.Green_LED_Control)
    __arm_cp.20_2                            0x000007bc   Number         4  main.o(.text.Green_LED_Control)
    __arm_cp.20_3                            0x000007c0   Number         4  main.o(.text.Green_LED_Control)
    __arm_cp.20_4                            0x000007c4   Number         4  main.o(.text.Green_LED_Control)
    [Anonymous Symbol]                       0x000007c8   Section        0  main.o(.text.Green_LED_thread)
    [Anonymous Symbol]                       0x000007d4   Section        0  main.o(.text.Init_PIT)
    __arm_cp.17_2                            0x000008c8   Number         4  main.o(.text.Init_PIT)
    __arm_cp.17_4                            0x000008cc   Number         4  main.o(.text.Init_PIT)
    __arm_cp.17_5                            0x000008d0   Number         4  main.o(.text.Init_PIT)
    __arm_cp.17_6                            0x000008d4   Number         4  main.o(.text.Init_PIT)
    __arm_cp.17_7                            0x000008d8   Number         4  main.o(.text.Init_PIT)
    __arm_cp.17_8                            0x000008dc   Number         4  main.o(.text.Init_PIT)
    __arm_cp.17_9                            0x000008e0   Number         4  main.o(.text.Init_PIT)
    __arm_cp.17_10                           0x000008e4   Number         4  main.o(.text.Init_PIT)
    __arm_cp.17_11                           0x000008e8   Number         4  main.o(.text.Init_PIT)
    __arm_cp.17_12                           0x000008ec   Number         4  main.o(.text.Init_PIT)
    __arm_cp.17_13                           0x000008f0   Number         4  main.o(.text.Init_PIT)
    __arm_cp.17_14                           0x000008f4   Number         4  main.o(.text.Init_PIT)
    __arm_cp.17_15                           0x000008f8   Number         4  main.o(.text.Init_PIT)
    __arm_cp.17_16                           0x000008fc   Number         4  main.o(.text.Init_PIT)
    __arm_cp.17_17                           0x00000900   Number         4  main.o(.text.Init_PIT)
    __arm_cp.17_18                           0x00000904   Number         4  main.o(.text.Init_PIT)
    __arm_cp.17_19                           0x00000908   Number         4  main.o(.text.Init_PIT)
    [Anonymous Symbol]                       0x0000090c   Section        0  main.o(.text.Init_PWM)
    __arm_cp.6_1                             0x00000a60   Number         4  main.o(.text.Init_PWM)
    __arm_cp.6_2                             0x00000a64   Number         4  main.o(.text.Init_PWM)
    __arm_cp.6_3                             0x00000a68   Number         4  main.o(.text.Init_PWM)
    __arm_cp.6_4                             0x00000a6c   Number         4  main.o(.text.Init_PWM)
    __arm_cp.6_5                             0x00000a70   Number         4  main.o(.text.Init_PWM)
    __arm_cp.6_6                             0x00000a74   Number         4  main.o(.text.Init_PWM)
    __arm_cp.6_7                             0x00000a78   Number         4  main.o(.text.Init_PWM)
    __arm_cp.6_8                             0x00000a7c   Number         4  main.o(.text.Init_PWM)
    __arm_cp.6_9                             0x00000a80   Number         4  main.o(.text.Init_PWM)
    __arm_cp.6_10                            0x00000a84   Number         4  main.o(.text.Init_PWM)
    __arm_cp.6_11                            0x00000a88   Number         4  main.o(.text.Init_PWM)
    __arm_cp.6_12                            0x00000a8c   Number         4  main.o(.text.Init_PWM)
    __arm_cp.6_13                            0x00000a90   Number         4  main.o(.text.Init_PWM)
    __arm_cp.6_14                            0x00000a94   Number         4  main.o(.text.Init_PWM)
    __arm_cp.6_15                            0x00000a98   Number         4  main.o(.text.Init_PWM)
    __arm_cp.6_16                            0x00000a9c   Number         4  main.o(.text.Init_PWM)
    __arm_cp.6_17                            0x00000aa0   Number         4  main.o(.text.Init_PWM)
    __arm_cp.6_18                            0x00000aa4   Number         4  main.o(.text.Init_PWM)
    __arm_cp.6_19                            0x00000aa8   Number         4  main.o(.text.Init_PWM)
    __arm_cp.6_20                            0x00000aac   Number         4  main.o(.text.Init_PWM)
    __arm_cp.6_21                            0x00000ab0   Number         4  main.o(.text.Init_PWM)
    __arm_cp.6_22                            0x00000ab4   Number         4  main.o(.text.Init_PWM)
    __arm_cp.6_23                            0x00000ab8   Number         4  main.o(.text.Init_PWM)
    __arm_cp.6_24                            0x00000abc   Number         4  main.o(.text.Init_PWM)
    __arm_cp.6_25                            0x00000ac0   Number         4  main.o(.text.Init_PWM)
    __arm_cp.6_26                            0x00000ac4   Number         4  main.o(.text.Init_PWM)
    [Anonymous Symbol]                       0x00000ac8   Section        0  main.o(.text.Init_UART2)
    __arm_cp.0_0                             0x00000b60   Number         4  main.o(.text.Init_UART2)
    __arm_cp.0_1                             0x00000b64   Number         4  main.o(.text.Init_UART2)
    __arm_cp.0_2                             0x00000b68   Number         4  main.o(.text.Init_UART2)
    __arm_cp.0_3                             0x00000b6c   Number         4  main.o(.text.Init_UART2)
    __arm_cp.0_4                             0x00000b70   Number         4  main.o(.text.Init_UART2)
    __arm_cp.0_5                             0x00000b74   Number         4  main.o(.text.Init_UART2)
    __arm_cp.0_6                             0x00000b78   Number         4  main.o(.text.Init_UART2)
    __arm_cp.0_7                             0x00000b7c   Number         4  main.o(.text.Init_UART2)
    __arm_cp.0_8                             0x00000b80   Number         4  main.o(.text.Init_UART2)
    __arm_cp.0_9                             0x00000b84   Number         4  main.o(.text.Init_UART2)
    [Anonymous Symbol]                       0x00000b88   Section        0  main.o(.text.LED_convert)
    MessageQueueGet                          0x00000bab   Thumb Code    66  rtx_msgqueue.o(.text.MessageQueueGet)
    [Anonymous Symbol]                       0x00000baa   Section        0  rtx_msgqueue.o(.text.MessageQueueGet)
    MessageQueuePut                          0x00000bed   Thumb Code    94  rtx_msgqueue.o(.text.MessageQueuePut)
    [Anonymous Symbol]                       0x00000bec   Section        0  rtx_msgqueue.o(.text.MessageQueuePut)
    MessageQueueRemove                       0x00000c4b   Thumb Code    30  rtx_msgqueue.o(.text.MessageQueueRemove)
    [Anonymous Symbol]                       0x00000c4a   Section        0  rtx_msgqueue.o(.text.MessageQueueRemove)
    [Anonymous Symbol]                       0x00000c68   Section        0  main.o(.text.Motor_Control)
    __arm_cp.16_0                            0x00000d28   Number         4  main.o(.text.Motor_Control)
    [Anonymous Symbol]                       0x00000d2c   Section        0  main.o(.text.Motor_thread)
    [Anonymous Symbol]                       0x00000d38   Section        0  os_systick.o(.text.OS_Tick_AcknowledgeIRQ)
    [Anonymous Symbol]                       0x00000d40   Section        0  os_systick.o(.text.OS_Tick_Enable)
    __arm_cp.1_1                             0x00000d60   Number         4  os_systick.o(.text.OS_Tick_Enable)
    [Anonymous Symbol]                       0x00000d64   Section        0  os_systick.o(.text.OS_Tick_Setup)
    __arm_cp.0_0                             0x00000da0   Number         4  os_systick.o(.text.OS_Tick_Setup)
    __arm_cp.0_1                             0x00000da4   Number         4  os_systick.o(.text.OS_Tick_Setup)
    __arm_cp.0_2                             0x00000da8   Number         4  os_systick.o(.text.OS_Tick_Setup)
    __arm_cp.0_3                             0x00000dac   Number         4  os_systick.o(.text.OS_Tick_Setup)
    [Anonymous Symbol]                       0x00000db0   Section        0  main.o(.text.PIT_IRQHandler)
    __arm_cp.18_0                            0x00000e1c   Number         4  main.o(.text.PIT_IRQHandler)
    __arm_cp.18_2                            0x00000e20   Number         4  main.o(.text.PIT_IRQHandler)
    __arm_cp.18_3                            0x00000e24   Number         4  main.o(.text.PIT_IRQHandler)
    __arm_cp.18_4                            0x00000e28   Number         4  main.o(.text.PIT_IRQHandler)
    __arm_cp.18_5                            0x00000e2c   Number         4  main.o(.text.PIT_IRQHandler)
    __arm_cp.18_6                            0x00000e30   Number         4  main.o(.text.PIT_IRQHandler)
    [Anonymous Symbol]                       0x00000e34   Section        0  main.o(.text.PWM01_back)
    [Anonymous Symbol]                       0x00000e50   Section        0  main.o(.text.PWM01_forward)
    [Anonymous Symbol]                       0x00000e6c   Section        0  main.o(.text.PWM01_rest)
    __arm_cp.12_0                            0x00000e78   Number         4  main.o(.text.PWM01_rest)
    __arm_cp.12_1                            0x00000e7c   Number         4  main.o(.text.PWM01_rest)
    [Anonymous Symbol]                       0x00000e80   Section        0  main.o(.text.PWM23_back)
    [Anonymous Symbol]                       0x00000e9c   Section        0  main.o(.text.PWM23_forward)
    __arm_cp.13_1                            0x00000eb8   Number         4  main.o(.text.PWM23_forward)
    [Anonymous Symbol]                       0x00000ebc   Section        0  main.o(.text.PWM23_rest)
    __arm_cp.15_0                            0x00000ec8   Number         4  main.o(.text.PWM23_rest)
    __arm_cp.15_1                            0x00000ecc   Number         4  main.o(.text.PWM23_rest)
    [Anonymous Symbol]                       0x00000ed0   Section        0  main.o(.text.Red_LED_Control)
    __arm_cp.19_0                            0x00000f08   Number         4  main.o(.text.Red_LED_Control)
    __arm_cp.19_1                            0x00000f0c   Number         4  main.o(.text.Red_LED_Control)
    __arm_cp.19_2                            0x00000f10   Number         4  main.o(.text.Red_LED_Control)
    [Anonymous Symbol]                       0x00000f14   Section        0  main.o(.text.Red_LED_thread)
    [Anonymous Symbol]                       0x00000f20   Section        0  system_mkl25z4.o(.text.SystemCoreClockUpdate)
    __arm_cp.1_1                             0x0000111c   Number         4  system_mkl25z4.o(.text.SystemCoreClockUpdate)
    __arm_cp.1_4                             0x00001120   Number         4  system_mkl25z4.o(.text.SystemCoreClockUpdate)
    __arm_cp.1_8                             0x00001124   Number         4  system_mkl25z4.o(.text.SystemCoreClockUpdate)
    __arm_cp.1_9                             0x00001128   Number         4  system_mkl25z4.o(.text.SystemCoreClockUpdate)
    __arm_cp.1_11                            0x0000112c   Number         4  system_mkl25z4.o(.text.SystemCoreClockUpdate)
    [Anonymous Symbol]                       0x00001130   Section        0  system_mkl25z4.o(.text.SystemInit)
    __arm_cp.0_0                             0x00001230   Number         4  system_mkl25z4.o(.text.SystemInit)
    __arm_cp.0_1                             0x00001234   Number         4  system_mkl25z4.o(.text.SystemInit)
    __arm_cp.0_2                             0x00001238   Number         4  system_mkl25z4.o(.text.SystemInit)
    __arm_cp.0_3                             0x0000123c   Number         4  system_mkl25z4.o(.text.SystemInit)
    __arm_cp.0_4                             0x00001240   Number         4  system_mkl25z4.o(.text.SystemInit)
    __arm_cp.0_5                             0x00001244   Number         4  system_mkl25z4.o(.text.SystemInit)
    __arm_cp.0_6                             0x00001248   Number         4  system_mkl25z4.o(.text.SystemInit)
    __arm_cp.0_7                             0x0000124c   Number         4  system_mkl25z4.o(.text.SystemInit)
    __arm_cp.0_8                             0x00001250   Number         4  system_mkl25z4.o(.text.SystemInit)
    __arm_cp.0_9                             0x00001254   Number         4  system_mkl25z4.o(.text.SystemInit)
    __arm_cp.0_10                            0x00001258   Number         4  system_mkl25z4.o(.text.SystemInit)
    __arm_cp.0_11                            0x0000125c   Number         4  system_mkl25z4.o(.text.SystemInit)
    __arm_cp.0_12                            0x00001260   Number         4  system_mkl25z4.o(.text.SystemInit)
    __arm_cp.0_13                            0x00001264   Number         4  system_mkl25z4.o(.text.SystemInit)
    __arm_cp.0_14                            0x00001268   Number         4  system_mkl25z4.o(.text.SystemInit)
    __arm_cp.0_15                            0x0000126c   Number         4  system_mkl25z4.o(.text.SystemInit)
    __arm_cp.0_16                            0x00001270   Number         4  system_mkl25z4.o(.text.SystemInit)
    __arm_cp.0_17                            0x00001274   Number         4  system_mkl25z4.o(.text.SystemInit)
    __arm_cp.0_18                            0x00001278   Number         4  system_mkl25z4.o(.text.SystemInit)
    __arm_cp.0_19                            0x0000127c   Number         4  system_mkl25z4.o(.text.SystemInit)
    ThreadFlagsCheck                         0x00001281   Thumb Code    74  rtx_thread.o(.text.ThreadFlagsCheck)
    [Anonymous Symbol]                       0x00001280   Section        0  rtx_thread.o(.text.ThreadFlagsCheck)
    TimerInsert                              0x000012cd   Thumb Code    72  rtx_timer.o(.text.TimerInsert)
    [Anonymous Symbol]                       0x000012cc   Section        0  rtx_timer.o(.text.TimerInsert)
    __arm_cp.9_0                             0x00001314   Number         4  rtx_timer.o(.text.TimerInsert)
    [Anonymous Symbol]                       0x00001318   Section        0  main.o(.text.UART2_IRQHandler)
    __arm_cp.5_0                             0x00001358   Number         4  main.o(.text.UART2_IRQHandler)
    __arm_cp.5_1                             0x0000135c   Number         4  main.o(.text.UART2_IRQHandler)
    __arm_cp.5_2                             0x00001360   Number         4  main.o(.text.UART2_IRQHandler)
    __arm_cp.5_3                             0x00001364   Number         4  main.o(.text.UART2_IRQHandler)
    __arm_cp.5_4                             0x00001368   Number         4  main.o(.text.UART2_IRQHandler)
    __NVIC_ClearPendingIRQ                   0x0000136d   Thumb Code    40  main.o(.text.__NVIC_ClearPendingIRQ)
    [Anonymous Symbol]                       0x0000136c   Section        0  main.o(.text.__NVIC_ClearPendingIRQ)
    __arm_cp.1_0                             0x00001394   Number         4  main.o(.text.__NVIC_ClearPendingIRQ)
    __NVIC_EnableIRQ                         0x00001399   Thumb Code    40  main.o(.text.__NVIC_EnableIRQ)
    [Anonymous Symbol]                       0x00001398   Section        0  main.o(.text.__NVIC_EnableIRQ)
    __arm_cp.2_0                             0x000013c0   Number         4  main.o(.text.__NVIC_EnableIRQ)
    [Anonymous Symbol]                       0x000013c4   Section        0  main.o(.text.main)
    __arm_cp.25_0                            0x00001418   Number         4  main.o(.text.main)
    __arm_cp.25_1                            0x0000141c   Number         4  main.o(.text.main)
    __arm_cp.25_2                            0x00001420   Number         4  main.o(.text.main)
    __arm_cp.25_3                            0x00001424   Number         4  main.o(.text.main)
    [Anonymous Symbol]                       0x00001428   Section        0  rtx_delay.o(.text.osDelay)
    __arm_cp.0_0                             0x0000144c   Number         4  rtx_delay.o(.text.osDelay)
    [Anonymous Symbol]                       0x00001450   Section        0  rtx_kernel.o(.text.osKernelInitialize)
    __arm_cp.2_0                             0x00001474   Number         4  rtx_kernel.o(.text.osKernelInitialize)
    [Anonymous Symbol]                       0x00001478   Section        0  rtx_kernel.o(.text.osKernelStart)
    __arm_cp.7_0                             0x00001498   Number         4  rtx_kernel.o(.text.osKernelStart)
    [Anonymous Symbol]                       0x0000149c   Section        0  rtx_msgqueue.o(.text.osMessageQueueGet)
    __arm_cp.5_0                             0x0000150c   Number         4  rtx_msgqueue.o(.text.osMessageQueueGet)
    [Anonymous Symbol]                       0x00001510   Section        0  rtx_msgqueue.o(.text.osMessageQueuePut)
    __arm_cp.4_0                             0x00001580   Number         4  rtx_msgqueue.o(.text.osMessageQueuePut)
    [Anonymous Symbol]                       0x00001584   Section        0  rtx_config.o(.text.osRtxErrorNotify)
    [Anonymous Symbol]                       0x000015c4   Section        0  rtx_config.o(.text.osRtxIdleThread)
    [Anonymous Symbol]                       0x000015cc   Section        0  rtx_kernel.o(.text.osRtxKernelErrorNotify)
    [Anonymous Symbol]                       0x000015d4   Section        0  rtx_kernel.o(.text.osRtxKernelPreInit)
    [Anonymous Symbol]                       0x000015d6   Section        0  rtx_memory.o(.text.osRtxMemoryAlloc)
    [Anonymous Symbol]                       0x0000164e   Section        0  rtx_memory.o(.text.osRtxMemoryFree)
    [Anonymous Symbol]                       0x0000169c   Section        0  rtx_memory.o(.text.osRtxMemoryInit)
    [Anonymous Symbol]                       0x000016ca   Section        0  rtx_mempool.o(.text.osRtxMemoryPoolAlloc)
    [Anonymous Symbol]                       0x000016f4   Section        0  rtx_mempool.o(.text.osRtxMemoryPoolFree)
    [Anonymous Symbol]                       0x0000172a   Section        0  rtx_mempool.o(.text.osRtxMemoryPoolInit)
    osRtxMessageQueuePostProcess             0x00001767   Thumb Code   188  rtx_msgqueue.o(.text.osRtxMessageQueuePostProcess)
    [Anonymous Symbol]                       0x00001766   Section        0  rtx_msgqueue.o(.text.osRtxMessageQueuePostProcess)
    [Anonymous Symbol]                       0x00001824   Section        0  rtx_msgqueue.o(.text.osRtxMessageQueueTimerSetup)
    __arm_cp.0_0                             0x00001844   Number         4  rtx_msgqueue.o(.text.osRtxMessageQueueTimerSetup)
    [Anonymous Symbol]                       0x00001848   Section        0  rtx_mutex.o(.text.osRtxMutexOwnerRelease)
    [Anonymous Symbol]                       0x0000188c   Section        0  rtx_mutex.o(.text.osRtxMutexOwnerRestore)
    [Anonymous Symbol]                       0x000018d4   Section        0  rtx_system.o(.text.osRtxPendSV_Handler)
    [Anonymous Symbol]                       0x00001954   Section        0  rtx_system.o(.text.osRtxPostProcess)
    __arm_cp.2_1                             0x000019bc   Number         4  rtx_system.o(.text.osRtxPostProcess)
    osRtxThreadBlock                         0x000019c1   Thumb Code    52  rtx_thread.o(.text.osRtxThreadBlock)
    [Anonymous Symbol]                       0x000019c0   Section        0  rtx_thread.o(.text.osRtxThreadBlock)
    osRtxThreadDelayInsert                   0x000019f5   Thumb Code   140  rtx_thread.o(.text.osRtxThreadDelayInsert)
    [Anonymous Symbol]                       0x000019f4   Section        0  rtx_thread.o(.text.osRtxThreadDelayInsert)
    osRtxThreadDelayRemove                   0x00001a81   Thumb Code    68  rtx_thread.o(.text.osRtxThreadDelayRemove)
    [Anonymous Symbol]                       0x00001a80   Section        0  rtx_thread.o(.text.osRtxThreadDelayRemove)
    [Anonymous Symbol]                       0x00001ac4   Section        0  rtx_thread.o(.text.osRtxThreadDelayTick)
    osRtxThreadDestroy                       0x00001b19   Thumb Code    40  rtx_thread.o(.text.osRtxThreadDestroy)
    [Anonymous Symbol]                       0x00001b18   Section        0  rtx_thread.o(.text.osRtxThreadDestroy)
    [Anonymous Symbol]                       0x00001b40   Section        0  rtx_thread.o(.text.osRtxThreadDispatch)
    osRtxThreadFree                          0x00001b8d   Thumb Code    80  rtx_thread.o(.text.osRtxThreadFree)
    [Anonymous Symbol]                       0x00001b8c   Section        0  rtx_thread.o(.text.osRtxThreadFree)
    __arm_cp.51_0                            0x00001bdc   Number         4  rtx_thread.o(.text.osRtxThreadFree)
    osRtxThreadJoinWakeup                    0x00001be1   Thumb Code    32  rtx_thread.o(.text.osRtxThreadJoinWakeup)
    [Anonymous Symbol]                       0x00001be0   Section        0  rtx_thread.o(.text.osRtxThreadJoinWakeup)
    [Anonymous Symbol]                       0x00001c00   Section        0  rtx_thread.o(.text.osRtxThreadListGet)
    [Anonymous Symbol]                       0x00001c14   Section        0  rtx_thread.o(.text.osRtxThreadListPut)
    [Anonymous Symbol]                       0x00001c40   Section        0  rtx_thread.o(.text.osRtxThreadListRemove)
    [Anonymous Symbol]                       0x00001c58   Section        0  rtx_thread.o(.text.osRtxThreadListSort)
    osRtxThreadPostProcess                   0x00001c7d   Thumb Code    38  rtx_thread.o(.text.osRtxThreadPostProcess)
    [Anonymous Symbol]                       0x00001c7c   Section        0  rtx_thread.o(.text.osRtxThreadPostProcess)
    [Anonymous Symbol]                       0x00001ca4   Section        0  rtx_thread.o(.text.osRtxThreadReadyPut)
    [Anonymous Symbol]                       0x00001cb8   Section        0  rtx_thread.o(.text.osRtxThreadRegPtr)
    [Anonymous Symbol]                       0x00001cc0   Section        0  rtx_thread.o(.text.osRtxThreadStartup)
    __arm_cp.14_0                            0x00001cf8   Number         4  rtx_thread.o(.text.osRtxThreadStartup)
    __arm_cp.14_1                            0x00001cfc   Number         4  rtx_thread.o(.text.osRtxThreadStartup)
    [Anonymous Symbol]                       0x00001d00   Section        0  rtx_thread.o(.text.osRtxThreadSwitch)
    __arm_cp.7_0                             0x00001d0c   Number         4  rtx_thread.o(.text.osRtxThreadSwitch)
    [Anonymous Symbol]                       0x00001d10   Section        0  rtx_thread.o(.text.osRtxThreadWaitEnter)
    __arm_cp.12_0                            0x00001d4c   Number         4  rtx_thread.o(.text.osRtxThreadWaitEnter)
    [Anonymous Symbol]                       0x00001d50   Section        0  rtx_thread.o(.text.osRtxThreadWaitExit)
    [Anonymous Symbol]                       0x00001d74   Section        0  rtx_system.o(.text.osRtxTick_Handler)
    __arm_cp.0_0                             0x00001df0   Number         4  rtx_system.o(.text.osRtxTick_Handler)
    [Anonymous Symbol]                       0x00001df4   Section        0  rtx_timer.o(.text.osRtxTimerSetup)
    __arm_cp.0_0                             0x00001e10   Number         4  rtx_timer.o(.text.osRtxTimerSetup)
    __arm_cp.0_1                             0x00001e14   Number         4  rtx_timer.o(.text.osRtxTimerSetup)
    [Anonymous Symbol]                       0x00001e18   Section        0  rtx_timer.o(.text.osRtxTimerThread)
    osRtxTimerTick                           0x00001e35   Thumb Code   112  rtx_timer.o(.text.osRtxTimerTick)
    [Anonymous Symbol]                       0x00001e34   Section        0  rtx_timer.o(.text.osRtxTimerTick)
    __arm_cp.1_0                             0x00001ea4   Number         4  rtx_timer.o(.text.osRtxTimerTick)
    [Anonymous Symbol]                       0x00001ea8   Section        0  rtx_thread.o(.text.osThreadExit)
    __arm_cp.30_0                            0x00001eb0   Number         4  rtx_thread.o(.text.osThreadExit)
    [Anonymous Symbol]                       0x00001eb4   Section        0  rtx_thread.o(.text.osThreadNew)
    __arm_cp.16_0                            0x00001ed4   Number         4  rtx_thread.o(.text.osThreadNew)
    [Anonymous Symbol]                       0x00001ed8   Section        0  main.o(.text.playHappyBirthday)
    __arm_cp.8_0                             0x00001f68   Number         4  main.o(.text.playHappyBirthday)
    __arm_cp.8_1                             0x00001f6c   Number         4  main.o(.text.playHappyBirthday)
    __arm_cp.8_2                             0x00001f70   Number         4  main.o(.text.playHappyBirthday)
    __arm_cp.8_3                             0x00001f74   Number         4  main.o(.text.playHappyBirthday)
    __arm_cp.8_4                             0x00001f78   Number         4  main.o(.text.playHappyBirthday)
    __arm_cp.8_5                             0x00001f7c   Number         4  main.o(.text.playHappyBirthday)
    __arm_cp.8_6                             0x00001f80   Number         4  main.o(.text.playHappyBirthday)
    __arm_cp.8_7                             0x00001f84   Number         4  main.o(.text.playHappyBirthday)
    __arm_cp.8_8                             0x00001f88   Number         4  main.o(.text.playHappyBirthday)
    svcRtxDelay                              0x00001f8d   Thumb Code    24  rtx_delay.o(.text.svcRtxDelay)
    [Anonymous Symbol]                       0x00001f8c   Section        0  rtx_delay.o(.text.svcRtxDelay)
    svcRtxKernelInitialize                   0x00001fa5   Thumb Code   308  rtx_kernel.o(.text.svcRtxKernelInitialize)
    [Anonymous Symbol]                       0x00001fa4   Section        0  rtx_kernel.o(.text.svcRtxKernelInitialize)
    __arm_cp.21_0                            0x000020d8   Number         4  rtx_kernel.o(.text.svcRtxKernelInitialize)
    __arm_cp.21_2                            0x000020dc   Number         4  rtx_kernel.o(.text.svcRtxKernelInitialize)
    svcRtxKernelStart                        0x000020e1   Thumb Code   116  rtx_kernel.o(.text.svcRtxKernelStart)
    [Anonymous Symbol]                       0x000020e0   Section        0  rtx_kernel.o(.text.svcRtxKernelStart)
    __arm_cp.22_0                            0x00002154   Number         4  rtx_kernel.o(.text.svcRtxKernelStart)
    __arm_cp.22_1                            0x00002158   Number         4  rtx_kernel.o(.text.svcRtxKernelStart)
    __arm_cp.22_2                            0x0000215c   Number         4  rtx_kernel.o(.text.svcRtxKernelStart)
    __arm_cp.22_3                            0x00002160   Number         4  rtx_kernel.o(.text.svcRtxKernelStart)
    svcRtxMessageQueueGet                    0x00002165   Thumb Code   200  rtx_msgqueue.o(.text.svcRtxMessageQueueGet)
    [Anonymous Symbol]                       0x00002164   Section        0  rtx_msgqueue.o(.text.svcRtxMessageQueueGet)
    __arm_cp.22_0                            0x0000222c   Number         4  rtx_msgqueue.o(.text.svcRtxMessageQueueGet)
    svcRtxMessageQueueNew                    0x00002231   Thumb Code   428  rtx_msgqueue.o(.text.svcRtxMessageQueueNew)
    [Anonymous Symbol]                       0x00002230   Section        0  rtx_msgqueue.o(.text.svcRtxMessageQueueNew)
    __arm_cp.1_0                             0x000023dc   Number         4  rtx_msgqueue.o(.text.svcRtxMessageQueueNew)
    __arm_cp.1_1                             0x000023e0   Number         4  rtx_msgqueue.o(.text.svcRtxMessageQueueNew)
    __arm_cp.1_2                             0x000023e4   Number         4  rtx_msgqueue.o(.text.svcRtxMessageQueueNew)
    __arm_cp.1_3                             0x000023e8   Number         4  rtx_msgqueue.o(.text.svcRtxMessageQueueNew)
    __arm_cp.1_5                             0x000023ec   Number         4  rtx_msgqueue.o(.text.svcRtxMessageQueueNew)
    svcRtxMessageQueuePut                    0x000023f1   Thumb Code   172  rtx_msgqueue.o(.text.svcRtxMessageQueuePut)
    [Anonymous Symbol]                       0x000023f0   Section        0  rtx_msgqueue.o(.text.svcRtxMessageQueuePut)
    __arm_cp.20_0                            0x0000249c   Number         4  rtx_msgqueue.o(.text.svcRtxMessageQueuePut)
    svcRtxThreadExit                         0x000024a1   Thumb Code    72  rtx_thread.o(.text.svcRtxThreadExit)
    [Anonymous Symbol]                       0x000024a0   Section        0  rtx_thread.o(.text.svcRtxThreadExit)
    __arm_cp.53_0                            0x000024e8   Number         4  rtx_thread.o(.text.svcRtxThreadExit)
    svcRtxThreadNew                          0x000024ed   Thumb Code   484  rtx_thread.o(.text.svcRtxThreadNew)
    [Anonymous Symbol]                       0x000024ec   Section        0  rtx_thread.o(.text.svcRtxThreadNew)
    __arm_cp.15_0                            0x000026d0   Number         4  rtx_thread.o(.text.svcRtxThreadNew)
    __arm_cp.15_1                            0x000026d4   Number         4  rtx_thread.o(.text.svcRtxThreadNew)
    __arm_cp.15_2                            0x000026d8   Number         4  rtx_thread.o(.text.svcRtxThreadNew)
    __arm_cp.15_3                            0x000026dc   Number         4  rtx_thread.o(.text.svcRtxThreadNew)
    __arm_cp.15_4                            0x000026e0   Number         4  rtx_thread.o(.text.svcRtxThreadNew)
    __arm_cp.15_5                            0x000026e4   Number         4  rtx_thread.o(.text.svcRtxThreadNew)
    i.__ARM_clz                              0x000026e8   Section        0  depilogue.o(i.__ARM_clz)
    i.__scatterload_copy                     0x00002716   Section       14  handlers.o(i.__scatterload_copy)
    i.__scatterload_null                     0x00002724   Section        2  handlers.o(i.__scatterload_null)
    i.__scatterload_zeroinit                 0x00002726   Section       14  handlers.o(i.__scatterload_zeroinit)
    __tagsym$$used.0                         0x00002734   Number         0  rtx_lib.o(.rodata)
    __tagsym$$used.1                         0x000027a4   Number         0  rtx_lib.o(.rodata)
    os_idle_thread_attr                      0x000027e0   Data          36  rtx_lib.o(.rodata.os_idle_thread_attr)
    [Anonymous Symbol]                       0x000027e0   Section        0  rtx_lib.o(.rodata.os_idle_thread_attr)
    os_timer_mq_attr                         0x00002804   Data          24  rtx_lib.o(.rodata.os_timer_mq_attr)
    [Anonymous Symbol]                       0x00002804   Section        0  rtx_lib.o(.rodata.os_timer_mq_attr)
    os_timer_thread_attr                     0x0000281c   Data          36  rtx_lib.o(.rodata.os_timer_thread_attr)
    [Anonymous Symbol]                       0x0000281c   Section        0  rtx_lib.o(.rodata.os_timer_thread_attr)
    [Anonymous Symbol]                       0x00002840   Section        0  rtx_kernel.o(.rodata.str1.4)
    durations                                0x1ffff014   Data         116  main.o(.data.durations)
    [Anonymous Symbol]                       0x1ffff014   Section        0  main.o(.data.durations)
    notes                                    0x1ffff088   Data         116  main.o(.data.notes)
    [Anonymous Symbol]                       0x1ffff088   Section        0  main.o(.data.notes)
    os_isr_queue                             0x1ffff1a8   Data          64  rtx_lib.o(.bss.os)
    [Anonymous Symbol]                       0x1ffff1a8   Section        0  rtx_lib.o(.bss.os)
    os_mem                                   0x1ffff1e8   Data        4096  rtx_lib.o(.bss.os)
    PendST                                   0x200001e8   Data           1  os_systick.o(.bss.os)
    [Anonymous Symbol]                       0x200001e8   Section        0  os_systick.o(.bss.os)
    os_timer_mq_cb                           0x200001ec   Data          52  rtx_lib.o(.bss.os.msgqueue.cb)
    [Anonymous Symbol]                       0x200001ec   Section        0  rtx_lib.o(.bss.os.msgqueue.cb)
    os_timer_mq_data                         0x20000220   Data          80  rtx_lib.o(.bss.os.msgqueue.mem)
    [Anonymous Symbol]                       0x20000220   Section        0  rtx_lib.o(.bss.os.msgqueue.mem)
    os_idle_thread_cb                        0x20000270   Data          68  rtx_lib.o(.bss.os.thread.cb)
    [Anonymous Symbol]                       0x20000270   Section        0  rtx_lib.o(.bss.os.thread.cb)
    os_timer_thread_cb                       0x200002b4   Data          68  rtx_lib.o(.bss.os.thread.cb)
    os_idle_thread_stack                     0x200002f8   Data         256  rtx_lib.o(.bss.os.thread.idle.stack)
    [Anonymous Symbol]                       0x200002f8   Section        0  rtx_lib.o(.bss.os.thread.idle.stack)
    os_timer_thread_stack                    0x200003f8   Data         256  rtx_lib.o(.bss.os.thread.timer.stack)
    [Anonymous Symbol]                       0x200003f8   Section        0  rtx_lib.o(.bss.os.thread.timer.stack)
    STACK                                    0x20000500   Section      256  startup_mkl25z4.o(STACK)

    Global Symbols

    Symbol Name                              Value     Ov Type        Size  Object(Section)

    BuildAttributes$$THM_ISAv3M$S$PE$A:L22$X:L11$S22$IEEE1$IW$~IW$USESV6$~STKCKD$USESV7$~SHL$OTIME$ROPI$EBA8$MICROLIB$REQ8$PRES8$EABIv2 0x00000000   Number         0  anon$$obj.o ABSOLUTE
    __Vectors                                0x00000000   Data           4  startup_mkl25z4.o(RESET)
    .bss.os.evflags.cb$$Base                  - Undefined Weak Reference
    .bss.os.evflags.cb$$Limit                 - Undefined Weak Reference
    .bss.os.mempool.cb$$Base                  - Undefined Weak Reference
    .bss.os.mempool.cb$$Limit                 - Undefined Weak Reference
    .bss.os.mutex.cb$$Base                    - Undefined Weak Reference
    .bss.os.mutex.cb$$Limit                   - Undefined Weak Reference
    .bss.os.semaphore.cb$$Base                - Undefined Weak Reference
    .bss.os.semaphore.cb$$Limit               - Undefined Weak Reference
    .bss.os.timer.cb$$Base                    - Undefined Weak Reference
    .bss.os.timer.cb$$Limit                   - Undefined Weak Reference
    __cpp_initialize__aeabi_                  - Undefined Weak Reference
    __cxa_finalize                            - Undefined Weak Reference
    _clock_init                               - Undefined Weak Reference
    _microlib_exit                            - Undefined Weak Reference
    __Vectors_End                            0x000000c0   Data           0  startup_mkl25z4.o(RESET)
    __Vectors_Size                           0x000000c0   Number         0  startup_mkl25z4.o ABSOLUTE
    __main                                   0x000000c1   Thumb Code     0  entry.o(.ARM.Collect$$$$00000000)
    _main_stk                                0x000000c1   Thumb Code     0  entry2.o(.ARM.Collect$$$$00000001)
    _main_scatterload                        0x000000c5   Thumb Code     0  entry5.o(.ARM.Collect$$$$00000004)
    __main_after_scatterload                 0x000000c9   Thumb Code     0  entry5.o(.ARM.Collect$$$$00000004)
    _main_clock                              0x000000c9   Thumb Code     0  entry7b.o(.ARM.Collect$$$$00000008)
    _main_cpp_init                           0x000000c9   Thumb Code     0  entry8b.o(.ARM.Collect$$$$0000000A)
    _main_init                               0x000000c9   Thumb Code     0  entry9a.o(.ARM.Collect$$$$0000000B)
    __rt_final_cpp                           0x000000d1   Thumb Code     0  entry10a.o(.ARM.Collect$$$$0000000D)
    __rt_final_exit                          0x000000d1   Thumb Code     0  entry11a.o(.ARM.Collect$$$$0000000F)
    Reset_Handler                            0x000000d5   Thumb Code    12  startup_mkl25z4.o(.text)
    NMI_Handler                              0x000000e1   Thumb Code     2  startup_mkl25z4.o(.text)
    HardFault_Handler                        0x000000e3   Thumb Code     2  startup_mkl25z4.o(.text)
    ADC0_IRQHandler                          0x000000eb   Thumb Code     0  startup_mkl25z4.o(.text)
    CMP0_IRQHandler                          0x000000eb   Thumb Code     0  startup_mkl25z4.o(.text)
    DAC0_IRQHandler                          0x000000eb   Thumb Code     0  startup_mkl25z4.o(.text)
    DMA0_IRQHandler                          0x000000eb   Thumb Code     0  startup_mkl25z4.o(.text)
    DMA1_IRQHandler                          0x000000eb   Thumb Code     0  startup_mkl25z4.o(.text)
    DMA2_IRQHandler                          0x000000eb   Thumb Code     0  startup_mkl25z4.o(.text)
    DMA3_IRQHandler                          0x000000eb   Thumb Code     0  startup_mkl25z4.o(.text)
    DefaultISR                               0x000000eb   Thumb Code     0  startup_mkl25z4.o(.text)
    FTFA_IRQHandler                          0x000000eb   Thumb Code     0  startup_mkl25z4.o(.text)
    I2C0_IRQHandler                          0x000000eb   Thumb Code     0  startup_mkl25z4.o(.text)
    I2C1_IRQHandler                          0x000000eb   Thumb Code     0  startup_mkl25z4.o(.text)
    LLWU_IRQHandler                          0x000000eb   Thumb Code     0  startup_mkl25z4.o(.text)
    LPTMR0_IRQHandler                        0x000000eb   Thumb Code     0  startup_mkl25z4.o(.text)
    LVD_LVW_IRQHandler                       0x000000eb   Thumb Code     0  startup_mkl25z4.o(.text)
    MCG_IRQHandler                           0x000000eb   Thumb Code     0  startup_mkl25z4.o(.text)
    PORTA_IRQHandler                         0x000000eb   Thumb Code     0  startup_mkl25z4.o(.text)
    PORTD_IRQHandler                         0x000000eb   Thumb Code     0  startup_mkl25z4.o(.text)
    RTC_IRQHandler                           0x000000eb   Thumb Code     0  startup_mkl25z4.o(.text)
    RTC_Seconds_IRQHandler                   0x000000eb   Thumb Code     0  startup_mkl25z4.o(.text)
    Reserved20_IRQHandler                    0x000000eb   Thumb Code     0  startup_mkl25z4.o(.text)
    Reserved39_IRQHandler                    0x000000eb   Thumb Code     0  startup_mkl25z4.o(.text)
    Reserved45_IRQHandler                    0x000000eb   Thumb Code     0  startup_mkl25z4.o(.text)
    SPI0_IRQHandler                          0x000000eb   Thumb Code     0  startup_mkl25z4.o(.text)
    SPI1_IRQHandler                          0x000000eb   Thumb Code     0  startup_mkl25z4.o(.text)
    TPM0_IRQHandler                          0x000000eb   Thumb Code     0  startup_mkl25z4.o(.text)
    TPM1_IRQHandler                          0x000000eb   Thumb Code     0  startup_mkl25z4.o(.text)
    TPM2_IRQHandler                          0x000000eb   Thumb Code     0  startup_mkl25z4.o(.text)
    TSI0_IRQHandler                          0x000000eb   Thumb Code     0  startup_mkl25z4.o(.text)
    UART0_IRQHandler                         0x000000eb   Thumb Code     0  startup_mkl25z4.o(.text)
    UART1_IRQHandler                         0x000000eb   Thumb Code     0  startup_mkl25z4.o(.text)
    USB0_IRQHandler                          0x000000eb   Thumb Code     0  startup_mkl25z4.o(.text)
    SVC_Handler                              0x000000fd   Thumb Code   132  irq_armv6m.o(.text)
    PendSV_Handler                           0x00000181   Thumb Code    12  irq_armv6m.o(.text)
    SysTick_Handler                          0x0000018d   Thumb Code    12  irq_armv6m.o(.text)
    __aeabi_memcpy                           0x000001a1   Thumb Code    36  memcpya.o(.text)
    __aeabi_memcpy4                          0x000001a1   Thumb Code     0  memcpya.o(.text)
    __aeabi_memcpy8                          0x000001a1   Thumb Code     0  memcpya.o(.text)
    __aeabi_memset                           0x000001c5   Thumb Code    14  memseta.o(.text)
    __aeabi_memset4                          0x000001c5   Thumb Code     0  memseta.o(.text)
    __aeabi_memset8                          0x000001c5   Thumb Code     0  memseta.o(.text)
    __aeabi_memclr                           0x000001d3   Thumb Code     4  memseta.o(.text)
    __aeabi_memclr4                          0x000001d3   Thumb Code     0  memseta.o(.text)
    __aeabi_memclr8                          0x000001d3   Thumb Code     0  memseta.o(.text)
    _memset$wrapper                          0x000001d7   Thumb Code    18  memseta.o(.text)
    __aeabi_fmul                             0x000001e9   Thumb Code   122  fmul.o(.text)
    __aeabi_fdiv                             0x00000263   Thumb Code   124  fdiv.o(.text)
    __aeabi_dmul                             0x000002e1   Thumb Code   202  dmul.o(.text)
    __aeabi_i2d                              0x000003b1   Thumb Code    34  dflti.o(.text)
    __aeabi_llsr                             0x000003d9   Thumb Code    34  llushr.o(.text)
    _ll_ushift_r                             0x000003d9   Thumb Code     0  llushr.o(.text)
    OS_Tick_GetIRQn                          0x000003fb   Thumb Code     6  os_systick.o(.text.OS_Tick_GetIRQn)
    __I$use$fp                               0x000003fb   Thumb Code     0  iusefp.o(.text)
    __aeabi_f2iz                             0x00000411   Thumb Code    50  ffixi.o(.text)
    __aeabi_d2uiz                            0x00000445   Thumb Code    50  dfixui.o(.text)
    __aeabi_uidiv                            0x00000481   Thumb Code     0  uidiv_div0.o(.text)
    __aeabi_uidivmod                         0x00000481   Thumb Code    62  uidiv_div0.o(.text)
    __aeabi_idiv                             0x000004c1   Thumb Code     0  idiv_div0.o(.text)
    __aeabi_idivmod$div0                     0x000004c1   Thumb Code    74  idiv_div0.o(.text)
    _float_round                             0x00000511   Thumb Code    16  fepilogue.o(.text)
    _float_epilogue                          0x00000521   Thumb Code   114  fepilogue.o(.text)
    _double_round                            0x00000593   Thumb Code    26  depilogue.o(.text)
    _double_epilogue                         0x000005ad   Thumb Code   164  depilogue.o(.text)
    __scatterload                            0x00000651   Thumb Code    28  init.o(.text)
    __scatterload_rt2                        0x00000651   Thumb Code     0  init.o(.text)
    __aeabi_llsl                             0x00000675   Thumb Code    32  llshl.o(.text)
    _ll_shift_l                              0x00000675   Thumb Code     0  llshl.o(.text)
    __decompress                             0x00000695   Thumb Code     0  __dczerorl2.o(.text)
    __decompress1                            0x00000695   Thumb Code    86  __dczerorl2.o(.text)
    Buzzer_thread                            0x000006eb   Thumb Code    10  main.o(.text.Buzzer_thread)
    Direction_convert                        0x000006f5   Thumb Code   140  main.o(.text.Direction_convert)
    Green_LED_Control                        0x00000781   Thumb Code    52  main.o(.text.Green_LED_Control)
    Green_LED_thread                         0x000007c9   Thumb Code    10  main.o(.text.Green_LED_thread)
    Init_PIT                                 0x000007d5   Thumb Code   244  main.o(.text.Init_PIT)
    Init_PWM                                 0x0000090d   Thumb Code   340  main.o(.text.Init_PWM)
    Init_UART2                               0x00000ac9   Thumb Code   152  main.o(.text.Init_UART2)
    LED_convert                              0x00000b89   Thumb Code    34  main.o(.text.LED_convert)
    Motor_Control                            0x00000c69   Thumb Code   192  main.o(.text.Motor_Control)
    Motor_thread                             0x00000d2d   Thumb Code    10  main.o(.text.Motor_thread)
    OS_Tick_AcknowledgeIRQ                   0x00000d39   Thumb Code     8  os_systick.o(.text.OS_Tick_AcknowledgeIRQ)
    OS_Tick_Enable                           0x00000d41   Thumb Code    32  os_systick.o(.text.OS_Tick_Enable)
    OS_Tick_Setup                            0x00000d65   Thumb Code    60  os_systick.o(.text.OS_Tick_Setup)
    PIT_IRQHandler                           0x00000db1   Thumb Code   108  main.o(.text.PIT_IRQHandler)
    PWM01_back                               0x00000e35   Thumb Code    28  main.o(.text.PWM01_back)
    PWM01_forward                            0x00000e51   Thumb Code    28  main.o(.text.PWM01_forward)
    PWM01_rest                               0x00000e6d   Thumb Code    12  main.o(.text.PWM01_rest)
    PWM23_back                               0x00000e81   Thumb Code    28  main.o(.text.PWM23_back)
    PWM23_forward                            0x00000e9d   Thumb Code    28  main.o(.text.PWM23_forward)
    PWM23_rest                               0x00000ebd   Thumb Code    12  main.o(.text.PWM23_rest)
    Red_LED_Control                          0x00000ed1   Thumb Code    56  main.o(.text.Red_LED_Control)
    Red_LED_thread                           0x00000f15   Thumb Code    10  main.o(.text.Red_LED_thread)
    SystemCoreClockUpdate                    0x00000f21   Thumb Code   508  system_mkl25z4.o(.text.SystemCoreClockUpdate)
    SystemInit                               0x00001131   Thumb Code   256  system_mkl25z4.o(.text.SystemInit)
    UART2_IRQHandler                         0x00001319   Thumb Code    64  main.o(.text.UART2_IRQHandler)
    main                                     0x000013c5   Thumb Code    84  main.o(.text.main)
    osDelay                                  0x00001429   Thumb Code    36  rtx_delay.o(.text.osDelay)
    osKernelInitialize                       0x00001451   Thumb Code    36  rtx_kernel.o(.text.osKernelInitialize)
    osKernelStart                            0x00001479   Thumb Code    32  rtx_kernel.o(.text.osKernelStart)
    osMessageQueueGet                        0x0000149d   Thumb Code   112  rtx_msgqueue.o(.text.osMessageQueueGet)
    osMessageQueuePut                        0x00001511   Thumb Code   112  rtx_msgqueue.o(.text.osMessageQueuePut)
    osRtxErrorNotify                         0x00001585   Thumb Code    64  rtx_config.o(.text.osRtxErrorNotify)
    osRtxIdleThread                          0x000015c5   Thumb Code     8  rtx_config.o(.text.osRtxIdleThread)
    osRtxKernelErrorNotify                   0x000015cd   Thumb Code     8  rtx_kernel.o(.text.osRtxKernelErrorNotify)
    osRtxKernelPreInit                       0x000015d5   Thumb Code     2  rtx_kernel.o(.text.osRtxKernelPreInit)
    osRtxMemoryAlloc                         0x000015d7   Thumb Code   120  rtx_memory.o(.text.osRtxMemoryAlloc)
    osRtxMemoryFree                          0x0000164f   Thumb Code    78  rtx_memory.o(.text.osRtxMemoryFree)
    osRtxMemoryInit                          0x0000169d   Thumb Code    46  rtx_memory.o(.text.osRtxMemoryInit)
    osRtxMemoryPoolAlloc                     0x000016cb   Thumb Code    42  rtx_mempool.o(.text.osRtxMemoryPoolAlloc)
    osRtxMemoryPoolFree                      0x000016f5   Thumb Code    54  rtx_mempool.o(.text.osRtxMemoryPoolFree)
    osRtxMemoryPoolInit                      0x0000172b   Thumb Code    60  rtx_mempool.o(.text.osRtxMemoryPoolInit)
    osRtxMessageQueueTimerSetup              0x00001825   Thumb Code    32  rtx_msgqueue.o(.text.osRtxMessageQueueTimerSetup)
    osRtxMutexOwnerRelease                   0x00001849   Thumb Code    68  rtx_mutex.o(.text.osRtxMutexOwnerRelease)
    osRtxMutexOwnerRestore                   0x0000188d   Thumb Code    70  rtx_mutex.o(.text.osRtxMutexOwnerRestore)
    osRtxPendSV_Handler                      0x000018d5   Thumb Code   128  rtx_system.o(.text.osRtxPendSV_Handler)
    osRtxPostProcess                         0x00001955   Thumb Code   104  rtx_system.o(.text.osRtxPostProcess)
    osRtxThreadDelayTick                     0x00001ac5   Thumb Code    84  rtx_thread.o(.text.osRtxThreadDelayTick)
    osRtxThreadDispatch                      0x00001b41   Thumb Code    76  rtx_thread.o(.text.osRtxThreadDispatch)
    osRtxThreadListGet                       0x00001c01   Thumb Code    20  rtx_thread.o(.text.osRtxThreadListGet)
    osRtxThreadListPut                       0x00001c15   Thumb Code    44  rtx_thread.o(.text.osRtxThreadListPut)
    osRtxThreadListRemove                    0x00001c41   Thumb Code    24  rtx_thread.o(.text.osRtxThreadListRemove)
    osRtxThreadListSort                      0x00001c59   Thumb Code    36  rtx_thread.o(.text.osRtxThreadListSort)
    osRtxThreadReadyPut                      0x00001ca5   Thumb Code    20  rtx_thread.o(.text.osRtxThreadReadyPut)
    osRtxThreadRegPtr                        0x00001cb9   Thumb Code     6  rtx_thread.o(.text.osRtxThreadRegPtr)
    osRtxThreadStartup                       0x00001cc1   Thumb Code    56  rtx_thread.o(.text.osRtxThreadStartup)
    osRtxThreadSwitch                        0x00001d01   Thumb Code    12  rtx_thread.o(.text.osRtxThreadSwitch)
    osRtxThreadWaitEnter                     0x00001d11   Thumb Code    60  rtx_thread.o(.text.osRtxThreadWaitEnter)
    osRtxThreadWaitExit                      0x00001d51   Thumb Code    34  rtx_thread.o(.text.osRtxThreadWaitExit)
    osRtxTick_Handler                        0x00001d75   Thumb Code   124  rtx_system.o(.text.osRtxTick_Handler)
    osRtxTimerSetup                          0x00001df5   Thumb Code    28  rtx_timer.o(.text.osRtxTimerSetup)
    osRtxTimerThread                         0x00001e19   Thumb Code    28  rtx_timer.o(.text.osRtxTimerThread)
    osThreadExit                             0x00001ea9   Thumb Code     8  rtx_thread.o(.text.osThreadExit)
    osThreadNew                              0x00001eb5   Thumb Code    32  rtx_thread.o(.text.osThreadNew)
    playHappyBirthday                        0x00001ed9   Thumb Code   144  main.o(.text.playHappyBirthday)
    __ARM_clz                                0x000026e9   Thumb Code    46  depilogue.o(i.__ARM_clz)
    __scatterload_copy                       0x00002717   Thumb Code    14  handlers.o(i.__scatterload_copy)
    __scatterload_null                       0x00002725   Thumb Code     2  handlers.o(i.__scatterload_null)
    __scatterload_zeroinit                   0x00002727   Thumb Code    14  handlers.o(i.__scatterload_zeroinit)
    osRtxConfig                              0x00002734   Data         112  rtx_lib.o(.rodata)
    os_cb_sections                           0x000027a4   Data          56  rtx_lib.o(.rodata)
    osRtxUserSVC                             0x000027dc   Data           4  rtx_lib.o(.rodata.osRtxUserSVC)
    Region$$Table$$Base                      0x0000284c   Number         0  anon$$obj.o(Region$$Table)
    Region$$Table$$Limit                     0x0000286c   Number         0  anon$$obj.o(Region$$Table)
    Green_LED_index                          0x1ffff000   Data           4  main.o(.data.Green_LED_index)
    LED_flag                                 0x1ffff004   Data           4  main.o(.data.LED_flag)
    Motor_flag                               0x1ffff008   Data           1  main.o(.data.Motor_flag)
    RED_LED_FLAG                             0x1ffff00c   Data           4  main.o(.data.RED_LED_FLAG)
    SystemCoreClock                          0x1ffff010   Data           4  system_mkl25z4.o(.data.SystemCoreClock)
    osRtxInfo                                0x1ffff0fc   Data         164  rtx_kernel.o(.data.os)
    data                                     0x1ffff1a0   Data           1  main.o(.bss.data)
    .bss.os.msgqueue.cb$$Base                0x200001ec   Number         0  rtx_lib.o(.bss.os.msgqueue.cb)
    .bss.os.msgqueue.cb$$Limit               0x20000220   Number         0  rtx_lib.o(.bss.os.msgqueue.cb)
    .bss.os.thread.cb$$Base                  0x20000270   Number         0  rtx_lib.o(.bss.os.thread.cb)
    .bss.os.thread.cb$$Limit                 0x200002f8   Number         0  rtx_lib.o(.bss.os.thread.cb)
    test_flag                                0x200004f8   Data           4  main.o(.bss.test_flag)
    __initial_sp                             0x20000600   Data           0  startup_mkl25z4.o(STACK)



==============================================================================

Memory Map of the image

  Image Entry point : 0x000000d5

  Load Region LR_1 (Base: 0x00000000, Size: 0x00002a0c, Max: 0xffffffff, ABSOLUTE, COMPRESSED[0x000028c4])

    Execution Region ER_RO (Exec base: 0x00000000, Load base: 0x00000000, Size: 0x0000286c, Max: 0xffffffff, ABSOLUTE)

    Exec Addr    Load Addr    Size         Type   Attr      Idx    E Section Name        Object

    0x00000000   0x00000000   0x000000c0   Data   RO          102    RESET               startup_mkl25z4.o
    0x000000c0   0x000000c0   0x00000000   Code   RO          592  * .ARM.Collect$$$$00000000  mc_p.l(entry.o)
    0x000000c0   0x000000c0   0x00000004   Code   RO          621    .ARM.Collect$$$$00000001  mc_p.l(entry2.o)
    0x000000c4   0x000000c4   0x00000004   Code   RO          624    .ARM.Collect$$$$00000004  mc_p.l(entry5.o)
    0x000000c8   0x000000c8   0x00000000   Code   RO          626    .ARM.Collect$$$$00000008  mc_p.l(entry7b.o)
    0x000000c8   0x000000c8   0x00000000   Code   RO          628    .ARM.Collect$$$$0000000A  mc_p.l(entry8b.o)
    0x000000c8   0x000000c8   0x00000008   Code   RO          629    .ARM.Collect$$$$0000000B  mc_p.l(entry9a.o)
    0x000000d0   0x000000d0   0x00000000   Code   RO          631    .ARM.Collect$$$$0000000D  mc_p.l(entry10a.o)
    0x000000d0   0x000000d0   0x00000000   Code   RO          633    .ARM.Collect$$$$0000000F  mc_p.l(entry11a.o)
    0x000000d0   0x000000d0   0x00000004   Code   RO          622    .ARM.Collect$$$$00002712  mc_p.l(entry2.o)
    0x000000d4   0x000000d4   0x00000028   Code   RO          104  * .text               startup_mkl25z4.o
    0x000000fc   0x000000fc   0x000000a4   Code   RO          384    .text               RTX_CM0.lib(irq_armv6m.o)
    0x000001a0   0x000001a0   0x00000024   Code   RO          601    .text               mc_p.l(memcpya.o)
    0x000001c4   0x000001c4   0x00000024   Code   RO          603    .text               mc_p.l(memseta.o)
    0x000001e8   0x000001e8   0x0000007a   Code   RO          607    .text               mf_p.l(fmul.o)
    0x00000262   0x00000262   0x0000007c   Code   RO          609    .text               mf_p.l(fdiv.o)
    0x000002de   0x000002de   0x00000002   PAD
    0x000002e0   0x000002e0   0x000000d0   Code   RO          611    .text               mf_p.l(dmul.o)
    0x000003b0   0x000003b0   0x00000028   Code   RO          615    .text               mf_p.l(dflti.o)
    0x000003d8   0x000003d8   0x00000022   Code   RO          643    .text               mc_p.l(llushr.o)
    0x000003fa   0x000003fa   0x00000000   Code   RO          645    .text               mc_p.l(iusefp.o)
    0x000003fa   0x000003fa   0x00000006   Code   RO          574    .text.OS_Tick_GetIRQn  RTX_CM0.lib(os_systick.o)
    0x00000400   0x00000400   0x00000010   Code   RO          103    .ARM.__at_0x400     startup_mkl25z4.o
    0x00000410   0x00000410   0x00000032   Code   RO          617    .text               mf_p.l(ffixi.o)
    0x00000442   0x00000442   0x00000002   PAD
    0x00000444   0x00000444   0x0000003c   Code   RO          619    .text               mf_p.l(dfixui.o)
    0x00000480   0x00000480   0x0000003e   Code   RO          637    .text               mc_p.l(uidiv_div0.o)
    0x000004be   0x000004be   0x00000002   PAD
    0x000004c0   0x000004c0   0x00000050   Code   RO          639    .text               mc_p.l(idiv_div0.o)
    0x00000510   0x00000510   0x00000082   Code   RO          646    .text               mf_p.l(fepilogue.o)
    0x00000592   0x00000592   0x000000be   Code   RO          648    .text               mf_p.l(depilogue.o)
    0x00000650   0x00000650   0x00000024   Code   RO          652    .text               mc_p.l(init.o)
    0x00000674   0x00000674   0x00000020   Code   RO          654    .text               mc_p.l(llshl.o)
    0x00000694   0x00000694   0x00000056   Code   RO          664    .text               mc_p.l(__dczerorl2.o)
    0x000006ea   0x000006ea   0x0000000a   Code   RO           48    .text.Buzzer_thread  main.o
    0x000006f4   0x000006f4   0x0000008c   Code   RO            8    .text.Direction_convert  main.o
    0x00000780   0x00000780   0x00000048   Code   RO           42    .text.Green_LED_Control  main.o
    0x000007c8   0x000007c8   0x0000000a   Code   RO           46    .text.Green_LED_thread  main.o
    0x000007d2   0x000007d2   0x00000002   PAD
    0x000007d4   0x000007d4   0x00000138   Code   RO           36    .text.Init_PIT      main.o
    0x0000090c   0x0000090c   0x000001bc   Code   RO           14    .text.Init_PWM      main.o
    0x00000ac8   0x00000ac8   0x000000c0   Code   RO            2    .text.Init_UART2    main.o
    0x00000b88   0x00000b88   0x00000022   Code   RO           10    .text.LED_convert   main.o
    0x00000baa   0x00000baa   0x00000042   Code   RO          536    .text.MessageQueueGet  RTX_CM0.lib(rtx_msgqueue.o)
    0x00000bec   0x00000bec   0x0000005e   Code   RO          530    .text.MessageQueuePut  RTX_CM0.lib(rtx_msgqueue.o)
    0x00000c4a   0x00000c4a   0x0000001e   Code   RO          528    .text.MessageQueueRemove  RTX_CM0.lib(rtx_msgqueue.o)
    0x00000c68   0x00000c68   0x000000c4   Code   RO           34    .text.Motor_Control  main.o
    0x00000d2c   0x00000d2c   0x0000000a   Code   RO           50    .text.Motor_thread  main.o
    0x00000d36   0x00000d36   0x00000002   PAD
    0x00000d38   0x00000d38   0x00000008   Code   RO          572    .text.OS_Tick_AcknowledgeIRQ  RTX_CM0.lib(os_systick.o)
    0x00000d40   0x00000d40   0x00000024   Code   RO          568    .text.OS_Tick_Enable  RTX_CM0.lib(os_systick.o)
    0x00000d64   0x00000d64   0x0000004c   Code   RO          566    .text.OS_Tick_Setup  RTX_CM0.lib(os_systick.o)
    0x00000db0   0x00000db0   0x00000084   Code   RO           38    .text.PIT_IRQHandler  main.o
    0x00000e34   0x00000e34   0x0000001c   Code   RO           24    .text.PWM01_back    main.o
    0x00000e50   0x00000e50   0x0000001c   Code   RO           22    .text.PWM01_forward  main.o
    0x00000e6c   0x00000e6c   0x00000014   Code   RO           26    .text.PWM01_rest    main.o
    0x00000e80   0x00000e80   0x0000001c   Code   RO           30    .text.PWM23_back    main.o
    0x00000e9c   0x00000e9c   0x00000020   Code   RO           28    .text.PWM23_forward  main.o
    0x00000ebc   0x00000ebc   0x00000014   Code   RO           32    .text.PWM23_rest    main.o
    0x00000ed0   0x00000ed0   0x00000044   Code   RO           40    .text.Red_LED_Control  main.o
    0x00000f14   0x00000f14   0x0000000a   Code   RO           44    .text.Red_LED_thread  main.o
    0x00000f1e   0x00000f1e   0x00000002   PAD
    0x00000f20   0x00000f20   0x00000210   Code   RO          115    .text.SystemCoreClockUpdate  system_mkl25z4.o
    0x00001130   0x00001130   0x00000150   Code   RO          113    .text.SystemInit    system_mkl25z4.o
    0x00001280   0x00001280   0x0000004a   Code   RO          271    .text.ThreadFlagsCheck  RTX_CM0.lib(rtx_thread.o)
    0x000012ca   0x000012ca   0x00000002   PAD
    0x000012cc   0x000012cc   0x0000004c   Code   RO          361    .text.TimerInsert   RTX_CM0.lib(rtx_timer.o)
    0x00001318   0x00001318   0x00000054   Code   RO           12    .text.UART2_IRQHandler  main.o
    0x0000136c   0x0000136c   0x0000002c   Code   RO            4    .text.__NVIC_ClearPendingIRQ  main.o
    0x00001398   0x00001398   0x0000002c   Code   RO            6    .text.__NVIC_EnableIRQ  main.o
    0x000013c4   0x000013c4   0x00000064   Code   RO           52    .text.main          main.o
    0x00001428   0x00001428   0x00000028   Code   RO          327    .text.osDelay       RTX_CM0.lib(rtx_delay.o)
    0x00001450   0x00001450   0x00000028   Code   RO          129    .text.osKernelInitialize  RTX_CM0.lib(rtx_kernel.o)
    0x00001478   0x00001478   0x00000024   Code   RO          139    .text.osKernelStart  RTX_CM0.lib(rtx_kernel.o)
    0x0000149c   0x0000149c   0x00000074   Code   RO          504    .text.osMessageQueueGet  RTX_CM0.lib(rtx_msgqueue.o)
    0x00001510   0x00001510   0x00000074   Code   RO          502    .text.osMessageQueuePut  RTX_CM0.lib(rtx_msgqueue.o)
    0x00001584   0x00001584   0x00000040   Code   RO           92    .text.osRtxErrorNotify  rtx_config.o
    0x000015c4   0x000015c4   0x00000008   Code   RO           90    .text.osRtxIdleThread  rtx_config.o
    0x000015cc   0x000015cc   0x00000008   Code   RO          127    .text.osRtxKernelErrorNotify  RTX_CM0.lib(rtx_kernel.o)
    0x000015d4   0x000015d4   0x00000002   Code   RO          125    .text.osRtxKernelPreInit  RTX_CM0.lib(rtx_kernel.o)
    0x000015d6   0x000015d6   0x00000078   Code   RO          430    .text.osRtxMemoryAlloc  RTX_CM0.lib(rtx_memory.o)
    0x0000164e   0x0000164e   0x0000004e   Code   RO          432    .text.osRtxMemoryFree  RTX_CM0.lib(rtx_memory.o)
    0x0000169c   0x0000169c   0x0000002e   Code   RO          428    .text.osRtxMemoryInit  RTX_CM0.lib(rtx_memory.o)
    0x000016ca   0x000016ca   0x0000002a   Code   RO          444    .text.osRtxMemoryPoolAlloc  RTX_CM0.lib(rtx_mempool.o)
    0x000016f4   0x000016f4   0x00000036   Code   RO          446    .text.osRtxMemoryPoolFree  RTX_CM0.lib(rtx_mempool.o)
    0x0000172a   0x0000172a   0x0000003c   Code   RO          442    .text.osRtxMemoryPoolInit  RTX_CM0.lib(rtx_mempool.o)
    0x00001766   0x00001766   0x000000bc   Code   RO          526    .text.osRtxMessageQueuePostProcess  RTX_CM0.lib(rtx_msgqueue.o)
    0x00001822   0x00001822   0x00000002   PAD
    0x00001824   0x00001824   0x00000024   Code   RO          494    .text.osRtxMessageQueueTimerSetup  RTX_CM0.lib(rtx_msgqueue.o)
    0x00001848   0x00001848   0x00000044   Code   RO          392    .text.osRtxMutexOwnerRelease  RTX_CM0.lib(rtx_mutex.o)
    0x0000188c   0x0000188c   0x00000046   Code   RO          394    .text.osRtxMutexOwnerRestore  RTX_CM0.lib(rtx_mutex.o)
    0x000018d2   0x000018d2   0x00000002   PAD
    0x000018d4   0x000018d4   0x00000080   Code   RO          554    .text.osRtxPendSV_Handler  RTX_CM0.lib(rtx_system.o)
    0x00001954   0x00001954   0x0000006c   Code   RO          556    .text.osRtxPostProcess  RTX_CM0.lib(rtx_system.o)
    0x000019c0   0x000019c0   0x00000034   Code   RO          211    .text.osRtxThreadBlock  RTX_CM0.lib(rtx_thread.o)
    0x000019f4   0x000019f4   0x0000008c   Code   RO          219    .text.osRtxThreadDelayInsert  RTX_CM0.lib(rtx_thread.o)
    0x00001a80   0x00001a80   0x00000044   Code   RO          215    .text.osRtxThreadDelayRemove  RTX_CM0.lib(rtx_thread.o)
    0x00001ac4   0x00001ac4   0x00000054   Code   RO          203    .text.osRtxThreadDelayTick  RTX_CM0.lib(rtx_thread.o)
    0x00001b18   0x00001b18   0x00000028   Code   RO          303    .text.osRtxThreadDestroy  RTX_CM0.lib(rtx_thread.o)
    0x00001b40   0x00001b40   0x0000004c   Code   RO          209    .text.osRtxThreadDispatch  RTX_CM0.lib(rtx_thread.o)
    0x00001b8c   0x00001b8c   0x00000054   Code   RO          295    .text.osRtxThreadFree  RTX_CM0.lib(rtx_thread.o)
    0x00001be0   0x00001be0   0x00000020   Code   RO          301    .text.osRtxThreadJoinWakeup  RTX_CM0.lib(rtx_thread.o)
    0x00001c00   0x00001c00   0x00000014   Code   RO          195    .text.osRtxThreadListGet  RTX_CM0.lib(rtx_thread.o)
    0x00001c14   0x00001c14   0x0000002c   Code   RO          193    .text.osRtxThreadListPut  RTX_CM0.lib(rtx_thread.o)
    0x00001c40   0x00001c40   0x00000018   Code   RO          199    .text.osRtxThreadListRemove  RTX_CM0.lib(rtx_thread.o)
    0x00001c58   0x00001c58   0x00000024   Code   RO          197    .text.osRtxThreadListSort  RTX_CM0.lib(rtx_thread.o)
    0x00001c7c   0x00001c7c   0x00000026   Code   RO          269    .text.osRtxThreadPostProcess  RTX_CM0.lib(rtx_thread.o)
    0x00001ca2   0x00001ca2   0x00000002   PAD
    0x00001ca4   0x00001ca4   0x00000014   Code   RO          201    .text.osRtxThreadReadyPut  RTX_CM0.lib(rtx_thread.o)
    0x00001cb8   0x00001cb8   0x00000006   Code   RO          205    .text.osRtxThreadRegPtr  RTX_CM0.lib(rtx_thread.o)
    0x00001cbe   0x00001cbe   0x00000002   PAD
    0x00001cc0   0x00001cc0   0x00000040   Code   RO          221    .text.osRtxThreadStartup  RTX_CM0.lib(rtx_thread.o)
    0x00001d00   0x00001d00   0x00000010   Code   RO          207    .text.osRtxThreadSwitch  RTX_CM0.lib(rtx_thread.o)
    0x00001d10   0x00001d10   0x00000040   Code   RO          217    .text.osRtxThreadWaitEnter  RTX_CM0.lib(rtx_thread.o)
    0x00001d50   0x00001d50   0x00000022   Code   RO          213    .text.osRtxThreadWaitExit  RTX_CM0.lib(rtx_thread.o)
    0x00001d72   0x00001d72   0x00000002   PAD
    0x00001d74   0x00001d74   0x00000080   Code   RO          552    .text.osRtxTick_Handler  RTX_CM0.lib(rtx_system.o)
    0x00001df4   0x00001df4   0x00000024   Code   RO          343    .text.osRtxTimerSetup  RTX_CM0.lib(rtx_timer.o)
    0x00001e18   0x00001e18   0x0000001c   Code   RO          347    .text.osRtxTimerThread  RTX_CM0.lib(rtx_timer.o)
    0x00001e34   0x00001e34   0x00000074   Code   RO          345    .text.osRtxTimerTick  RTX_CM0.lib(rtx_timer.o)
    0x00001ea8   0x00001ea8   0x0000000c   Code   RO          253    .text.osThreadExit  RTX_CM0.lib(rtx_thread.o)
    0x00001eb4   0x00001eb4   0x00000024   Code   RO          225    .text.osThreadNew   RTX_CM0.lib(rtx_thread.o)
    0x00001ed8   0x00001ed8   0x000000b4   Code   RO           18    .text.playHappyBirthday  main.o
    0x00001f8c   0x00001f8c   0x00000018   Code   RO          331    .text.svcRtxDelay   RTX_CM0.lib(rtx_delay.o)
    0x00001fa4   0x00001fa4   0x0000013c   Code   RO          167    .text.svcRtxKernelInitialize  RTX_CM0.lib(rtx_kernel.o)
    0x000020e0   0x000020e0   0x00000084   Code   RO          169    .text.svcRtxKernelStart  RTX_CM0.lib(rtx_kernel.o)
    0x00002164   0x00002164   0x000000cc   Code   RO          538    .text.svcRtxMessageQueueGet  RTX_CM0.lib(rtx_msgqueue.o)
    0x00002230   0x00002230   0x000001c0   Code   RO          496    .text.svcRtxMessageQueueNew  RTX_CM0.lib(rtx_msgqueue.o)
    0x000023f0   0x000023f0   0x000000b0   Code   RO          534    .text.svcRtxMessageQueuePut  RTX_CM0.lib(rtx_msgqueue.o)
    0x000024a0   0x000024a0   0x0000004c   Code   RO          299    .text.svcRtxThreadExit  RTX_CM0.lib(rtx_thread.o)
    0x000024ec   0x000024ec   0x000001fc   Code   RO          223    .text.svcRtxThreadNew  RTX_CM0.lib(rtx_thread.o)
    0x000026e8   0x000026e8   0x0000002e   Code   RO          650    i.__ARM_clz         mf_p.l(depilogue.o)
    0x00002716   0x00002716   0x0000000e   Code   RO          658    i.__scatterload_copy  mc_p.l(handlers.o)
    0x00002724   0x00002724   0x00000002   Code   RO          659    i.__scatterload_null  mc_p.l(handlers.o)
    0x00002726   0x00002726   0x0000000e   Code   RO          660    i.__scatterload_zeroinit  mc_p.l(handlers.o)
    0x00002734   0x00002734   0x00000070   Data   RO           76    .rodata             rtx_lib.o
    0x000027a4   0x000027a4   0x00000038   Data   RO           79    .rodata             rtx_lib.o
    0x000027dc   0x000027dc   0x00000004   Data   RO           78    .rodata.osRtxUserSVC  rtx_lib.o
    0x000027e0   0x000027e0   0x00000024   Data   RO           73    .rodata.os_idle_thread_attr  rtx_lib.o
    0x00002804   0x00002804   0x00000018   Data   RO           75    .rodata.os_timer_mq_attr  rtx_lib.o
    0x0000281c   0x0000281c   0x00000024   Data   RO           74    .rodata.os_timer_thread_attr  rtx_lib.o
    0x00002840   0x00002840   0x0000000b   Data   RO          183    .rodata.str1.4      RTX_CM0.lib(rtx_kernel.o)
    0x0000284b   0x0000284b   0x00000001   PAD
    0x0000284c   0x0000284c   0x00000020   Data   RO          657    Region$$Table       anon$$obj.o


    Execution Region ER_RW (Exec base: 0x1ffff000, Load base: 0x0000286c, Size: 0x000001a0, Max: 0xffffffff, ABSOLUTE, COMPRESSED[0x00000058])

    Exec Addr    Load Addr    Size         Type   Attr      Idx    E Section Name        Object

    0x1ffff000   COMPRESSED   0x00000004   Data   RW           62    .data.Green_LED_index  main.o
    0x1ffff004   COMPRESSED   0x00000004   Data   RW           55    .data.LED_flag      main.o
    0x1ffff008   COMPRESSED   0x00000001   Data   RW           56    .data.Motor_flag    main.o
    0x1ffff009   COMPRESSED   0x00000003   PAD
    0x1ffff00c   COMPRESSED   0x00000004   Data   RW           61    .data.RED_LED_FLAG  main.o
    0x1ffff010   COMPRESSED   0x00000004   Data   RW          117    .data.SystemCoreClock  system_mkl25z4.o
    0x1ffff014   COMPRESSED   0x00000074   Data   RW           60    .data.durations     main.o
    0x1ffff088   COMPRESSED   0x00000074   Data   RW           59    .data.notes         main.o
    0x1ffff0fc   COMPRESSED   0x000000a4   Data   RW          184    .data.os            RTX_CM0.lib(rtx_kernel.o)


    Execution Region ER_ZI (Exec base: 0x1ffff1a0, Load base: 0x000028c4, Size: 0x00001460, Max: 0xffffffff, ABSOLUTE)

    Exec Addr    Load Addr    Size         Type   Attr      Idx    E Section Name        Object

    0x1ffff1a0        -       0x00000001   Zero   RW           57    .bss.data           main.o
    0x1ffff1a1   0x000028c4   0x00000007   PAD
    0x1ffff1a8        -       0x00001040   Zero   RW           72    .bss.os             rtx_lib.o
    0x200001e8        -       0x00000001   Zero   RW          584    .bss.os             RTX_CM0.lib(os_systick.o)
    0x200001e9   0x000028c4   0x00000003   PAD
    0x200001ec        -       0x00000034   Zero   RW           83    .bss.os.msgqueue.cb  rtx_lib.o
    0x20000220        -       0x00000050   Zero   RW           84    .bss.os.msgqueue.mem  rtx_lib.o
    0x20000270        -       0x00000088   Zero   RW           80    .bss.os.thread.cb   rtx_lib.o
    0x200002f8        -       0x00000100   Zero   RW           81    .bss.os.thread.idle.stack  rtx_lib.o
    0x200003f8        -       0x00000100   Zero   RW           82    .bss.os.thread.timer.stack  rtx_lib.o
    0x200004f8        -       0x00000004   Zero   RW           63    .bss.test_flag      main.o
    0x200004fc   0x000028c4   0x00000004   PAD
    0x20000500        -       0x00000100   Zero   RW          100    STACK               startup_mkl25z4.o


==============================================================================

Image component sizes


      Code (inc. data)   RO Data    RW Data    ZI Data      Debug   Object Name

      2238        372          0        245          5       7790   main.o
        72         20          0          0          0        735   rtx_config.o
         0          0        268          0       4940       5611   rtx_lib.o
        56         30        192          0        256        904   startup_mkl25z4.o
       864        100          0          4          0       3334   system_mkl25z4.o

    ----------------------------------------------------------------------
      3236        522        492        252       5212      18374   Object Totals
         0          0         32          0          0          0   (incl. Generated)
         6          0          0          3         11          0   (incl. Padding)

    ----------------------------------------------------------------------

      Code (inc. data)   RO Data    RW Data    ZI Data      Debug   Library Member Name

       164          8          0          0          0        658   irq_armv6m.o
       126         20          0          0          1       2812   os_systick.o
        64          4          0          0          0       2729   rtx_delay.o
       534         32         11        164          0      15793   rtx_kernel.o
       244          0          0          0          0       2665   rtx_memory.o
       156          0          0          0          0      14433   rtx_mempool.o
      1474         40          0          0          0      18183   rtx_msgqueue.o
       138          0          0          0          0       9527   rtx_mutex.o
       364         18          0          0          0       4871   rtx_system.o
      1648         56          0          0          0      31596   rtx_thread.o
       256         16          0          0          0       9965   rtx_timer.o
        86          0          0          0          0          0   __dczerorl2.o
         0          0          0          0          0          0   entry.o
         0          0          0          0          0          0   entry10a.o
         0          0          0          0          0          0   entry11a.o
         8          4          0          0          0          0   entry2.o
         4          0          0          0          0          0   entry5.o
         0          0          0          0          0          0   entry7b.o
         0          0          0          0          0          0   entry8b.o
         8          4          0          0          0          0   entry9a.o
        30          0          0          0          0          0   handlers.o
        80          6          0          0          0         72   idiv_div0.o
        36          8          0          0          0         68   init.o
         0          0          0          0          0          0   iusefp.o
        32          0          0          0          0         68   llshl.o
        34          0          0          0          0         68   llushr.o
        36          0          0          0          0         60   memcpya.o
        36          0          0          0          0        100   memseta.o
        62          0          0          0          0         72   uidiv_div0.o
       236          0          0          0          0        216   depilogue.o
        60         10          0          0          0         68   dfixui.o
        40          6          0          0          0         68   dflti.o
       208          6          0          0          0         88   dmul.o
       124          0          0          0          0         72   fdiv.o
       130          0          0          0          0        144   fepilogue.o
        50          0          0          0          0         60   ffixi.o
       122          0          0          0          0         72   fmul.o

    ----------------------------------------------------------------------
      6608        238         12        164          4     114528   Library Totals
        18          0          1          0          3          0   (incl. Padding)

    ----------------------------------------------------------------------

      Code (inc. data)   RO Data    RW Data    ZI Data      Debug   Library Name

      5168        194         11        164          1     113232   RTX_CM0.lib
       452         22          0          0          0        508   mc_p.l
       970         22          0          0          0        788   mf_p.l

    ----------------------------------------------------------------------
      6608        238         12        164          4     114528   Library Totals

    ----------------------------------------------------------------------

==============================================================================


      Code (inc. data)   RO Data    RW Data    ZI Data      Debug   

      9844        760        504        416       5216     132270   Grand Totals
      9844        760        504         88       5216     132270   ELF Image Totals (compressed)
      9844        760        504         88          0          0   ROM Totals

==============================================================================

    Total RO  Size (Code + RO Data)                10348 (  10.11kB)
    Total RW  Size (RW Data + ZI Data)              5632 (   5.50kB)
    Total ROM Size (Code + RO Data + RW Data)      10436 (  10.19kB)

==============================================================================

